Archive member included to satisfy reference by file (symbol)

/Applications/ArmGNUToolchain/12.2.rel1/arm-none-eabi/bin/../lib/gcc/arm-none-eabi/12.2.1/thumb/v6-m/nofp/libgcc.a(_dvmd_tls.o)
                              CMakeFiles/carrier_CC2500.dir/Users/wenya589/TA_courses/wcnes_project/2023/pico/pico-sdk/src/rp2_common/pico_divider/divider.S.obj (__aeabi_idiv0)
/Applications/ArmGNUToolchain/12.2.rel1/arm-none-eabi/bin/../lib/gcc/arm-none-eabi/12.2.1/../../../../arm-none-eabi/lib/thumb/v6-m/nofp/libc.a(libc_a-calloc.o)
                              CMakeFiles/carrier_CC2500.dir/Users/wenya589/TA_courses/wcnes_project/2023/pico/pico-sdk/src/rp2_common/pico_malloc/pico_malloc.c.obj (calloc)
/Applications/ArmGNUToolchain/12.2.rel1/arm-none-eabi/bin/../lib/gcc/arm-none-eabi/12.2.1/../../../../arm-none-eabi/lib/thumb/v6-m/nofp/libc.a(libc_a-callocr.o)
                              /Applications/ArmGNUToolchain/12.2.rel1/arm-none-eabi/bin/../lib/gcc/arm-none-eabi/12.2.1/../../../../arm-none-eabi/lib/thumb/v6-m/nofp/libc.a(libc_a-calloc.o) (_calloc_r)
/Applications/ArmGNUToolchain/12.2.rel1/arm-none-eabi/bin/../lib/gcc/arm-none-eabi/12.2.1/../../../../arm-none-eabi/lib/thumb/v6-m/nofp/libc.a(libc_a-malloc.o)
                              CMakeFiles/carrier_CC2500.dir/Users/wenya589/TA_courses/wcnes_project/2023/pico/pico-sdk/src/rp2_common/pico_malloc/pico_malloc.c.obj (malloc)
/Applications/ArmGNUToolchain/12.2.rel1/arm-none-eabi/bin/../lib/gcc/arm-none-eabi/12.2.1/../../../../arm-none-eabi/lib/thumb/v6-m/nofp/libc.a(libc_a-mallocr.o)
                              /Applications/ArmGNUToolchain/12.2.rel1/arm-none-eabi/bin/../lib/gcc/arm-none-eabi/12.2.1/../../../../arm-none-eabi/lib/thumb/v6-m/nofp/libc.a(libc_a-callocr.o) (_malloc_r)
/Applications/ArmGNUToolchain/12.2.rel1/arm-none-eabi/bin/../lib/gcc/arm-none-eabi/12.2.1/../../../../arm-none-eabi/lib/thumb/v6-m/nofp/libc.a(libc_a-mlock.o)
                              /Applications/ArmGNUToolchain/12.2.rel1/arm-none-eabi/bin/../lib/gcc/arm-none-eabi/12.2.1/../../../../arm-none-eabi/lib/thumb/v6-m/nofp/libc.a(libc_a-mallocr.o) (__malloc_lock)
/Applications/ArmGNUToolchain/12.2.rel1/arm-none-eabi/bin/../lib/gcc/arm-none-eabi/12.2.1/../../../../arm-none-eabi/lib/thumb/v6-m/nofp/libc.a(libc_a-realloc.o)
                              CMakeFiles/carrier_CC2500.dir/Users/wenya589/TA_courses/wcnes_project/2023/pico/pico-sdk/src/rp2_common/pico_malloc/pico_malloc.c.obj (realloc)
/Applications/ArmGNUToolchain/12.2.rel1/arm-none-eabi/bin/../lib/gcc/arm-none-eabi/12.2.1/../../../../arm-none-eabi/lib/thumb/v6-m/nofp/libc.a(libc_a-reallocr.o)
                              /Applications/ArmGNUToolchain/12.2.rel1/arm-none-eabi/bin/../lib/gcc/arm-none-eabi/12.2.1/../../../../arm-none-eabi/lib/thumb/v6-m/nofp/libc.a(libc_a-realloc.o) (_realloc_r)
/Applications/ArmGNUToolchain/12.2.rel1/arm-none-eabi/bin/../lib/gcc/arm-none-eabi/12.2.1/../../../../arm-none-eabi/lib/thumb/v6-m/nofp/libc.a(libc_a-memmove.o)
                              /Applications/ArmGNUToolchain/12.2.rel1/arm-none-eabi/bin/../lib/gcc/arm-none-eabi/12.2.1/../../../../arm-none-eabi/lib/thumb/v6-m/nofp/libc.a(libc_a-reallocr.o) (memmove)
/Applications/ArmGNUToolchain/12.2.rel1/arm-none-eabi/bin/../lib/gcc/arm-none-eabi/12.2.1/../../../../arm-none-eabi/lib/thumb/v6-m/nofp/libc.a(libc_a-impure.o)
                              /Applications/ArmGNUToolchain/12.2.rel1/arm-none-eabi/bin/../lib/gcc/arm-none-eabi/12.2.1/../../../../arm-none-eabi/lib/thumb/v6-m/nofp/libc.a(libc_a-calloc.o) (_impure_ptr)
/Applications/ArmGNUToolchain/12.2.rel1/arm-none-eabi/bin/../lib/gcc/arm-none-eabi/12.2.1/../../../../arm-none-eabi/lib/thumb/v6-m/nofp/libc.a(libc_a-sbrkr.o)
                              /Applications/ArmGNUToolchain/12.2.rel1/arm-none-eabi/bin/../lib/gcc/arm-none-eabi/12.2.1/../../../../arm-none-eabi/lib/thumb/v6-m/nofp/libc.a(libc_a-mallocr.o) (_sbrk_r)
/Applications/ArmGNUToolchain/12.2.rel1/arm-none-eabi/bin/../lib/gcc/arm-none-eabi/12.2.1/../../../../arm-none-eabi/lib/thumb/v6-m/nofp/libc.a(libc_a-errno.o)
                              /Applications/ArmGNUToolchain/12.2.rel1/arm-none-eabi/bin/../lib/gcc/arm-none-eabi/12.2.1/../../../../arm-none-eabi/lib/thumb/v6-m/nofp/libc.a(libc_a-callocr.o) (__errno)
/Applications/ArmGNUToolchain/12.2.rel1/arm-none-eabi/bin/../lib/gcc/arm-none-eabi/12.2.1/../../../../arm-none-eabi/lib/thumb/v6-m/nofp/libc.a(libc_a-sysconf.o)
                              /Applications/ArmGNUToolchain/12.2.rel1/arm-none-eabi/bin/../lib/gcc/arm-none-eabi/12.2.1/../../../../arm-none-eabi/lib/thumb/v6-m/nofp/libc.a(libc_a-mallocr.o) (sysconf)
/Applications/ArmGNUToolchain/12.2.rel1/arm-none-eabi/bin/../lib/gcc/arm-none-eabi/12.2.1/../../../../arm-none-eabi/lib/thumb/v6-m/nofp/libc.a(libc_a-init.o)
                              /Applications/ArmGNUToolchain/12.2.rel1/arm-none-eabi/bin/../lib/gcc/arm-none-eabi/12.2.1/../../../../arm-none-eabi/lib/thumb/v6-m/nofp/crt0.o (__libc_init_array)
[...]
Memory Configuration

Name             Origin             Length             Attributes
FLASH            0x0000000010000000 0x0000000000200000 xr
RAM              0x0000000020000000 0x0000000000040000 xrw
SCRATCH_X        0x0000000020040000 0x0000000000001000 xrw
SCRATCH_Y        0x0000000020041000 0x0000000000001000 xrw
*default*        0x0000000000000000 0xffffffffffffffff

Linker script and memory map

LOAD /Applications/ArmGNUToolchain/12.2.rel1/arm-none-eabi/bin/../lib/gcc/arm-none-eabi/12.2.1/thumb/v6-m/nofp/crti.o
LOAD /Applications/ArmGNUToolchain/12.2.rel1/arm-none-eabi/bin/../lib/gcc/arm-none-eabi/12.2.1/thumb/v6-m/nofp/crtbegin.o
LOAD /Applications/ArmGNUToolchain/12.2.rel1/arm-none-eabi/bin/../lib/gcc/arm-none-eabi/12.2.1/../../../../arm-none-eabi/lib/thumb/v6-m/nofp/crt0.o

.flash_begin    0x0000000010000000        0x0
                0x0000000010000000                __flash_binary_start = .

.boot2          0x0000000010000000      0x100
                0x0000000010000000                __boot2_start__ = .
 *(.boot2)
 .boot2         0x0000000010000000      0x100 /var/folders/y7/s8r49lvj1y7ckvhcx7d8jbbr0000gn/T//cc2y45of.o
                0x0000000010000100                __boot2_end__ = .
                0x0000000000000001                ASSERT (((__boot2_end__ - __boot2_start__) == 0x100), ERROR: Pico second stage bootloader must be 256 bytes in size)

.text           0x0000000010000100     0x47a8
                0x0000000010000100                __logical_binary_start = .
 *(.vectors)
 .vectors       0x0000000010000100       0xd4 CMakeFiles/carrier_CC2500.dir/Users/wenya589/TA_courses/wcnes_project/2023/pico/pico-sdk/src/rp2_common/pico_standard_link/crt0.S.obj
                0x0000000010000100                __VECTOR_TABLE
                0x0000000010000100                __vectors
                0x00000000100001c0                __default_isrs_start
                0x00000000100001c0                isr_invalid
                0x00000000100001c2                isr_nmi
                0x00000000100001c4                isr_hardfault
                0x00000000100001c6                isr_svcall
                0x00000000100001c8                isr_pendsv
                0x00000000100001ca                isr_systick
                0x00000000100001cc                isr_irq28
                0x00000000100001cc                isr_irq19
                0x00000000100001cc                isr_irq0
                0x00000000100001cc                isr_irq6
                0x00000000100001cc                isr_irq22
                0x00000000100001cc                isr_irq17
                0x00000000100001cc                isr_irq14
                0x00000000100001cc                isr_irq2
                0x00000000100001cc                isr_irq10
                0x00000000100001cc                isr_irq8
                0x00000000100001cc                isr_irq24
                0x00000000100001cc                isr_irq1
                0x00000000100001cc                isr_irq7
                0x00000000100001cc                isr_irq21
                0x00000000100001cc                isr_irq20
                0x00000000100001cc                isr_irq15
                0x00000000100001cc                isr_irq25
                0x00000000100001cc                isr_irq4
                0x00000000100001cc                isr_irq16
                0x00000000100001cc                isr_irq29
                0x00000000100001cc                isr_irq26
                0x00000000100001cc                __default_isrs_end
                0x00000000100001cc                isr_irq3
                0x00000000100001cc                isr_irq9
                0x00000000100001cc                __unhandled_user_irq
                0x00000000100001cc                isr_irq13
                0x00000000100001cc                isr_irq27
                0x00000000100001cc                isr_irq31
                0x00000000100001cc                isr_irq5
                0x00000000100001cc                isr_irq11
                0x00000000100001cc                isr_irq23
                0x00000000100001cc                isr_irq18
                0x00000000100001cc                isr_irq30
                0x00000000100001cc                isr_irq12
                0x00000000100001d2                unhandled_user_irq_num_in_r0
 *(.binary_info_header)
 .binary_info_header
                0x00000000100001d4       0x14 CMakeFiles/carrier_CC2500.dir/Users/wenya589/TA_courses/wcnes_project/2023/pico/pico-sdk/src/rp2_common/pico_standard_link/crt0.S.obj
                0x00000000100001e8                __binary_info_header_end = .
 *(.reset)
 .reset         0x00000000100001e8       0xa0 CMakeFiles/carrier_CC2500.dir/Users/wenya589/TA_courses/wcnes_project/2023/pico/pico-sdk/src/rp2_common/pico_standard_link/crt0.S.obj
                0x00000000100001e8                _entry_point
 .reset         0x0000000010000288       0x30 CMakeFiles/carrier_CC2500.dir/Users/wenya589/TA_courses/wcnes_project/2023/pico/pico-sdk/src/rp2_common/pico_standard_link/binary_info.c.obj
 *(.init)
 .init          0x00000000100002b8        0x4 /Applications/ArmGNUToolchain/12.2.rel1/arm-none-eabi/bin/../lib/gcc/arm-none-eabi/12.2.1/thumb/v6-m/nofp/crti.o
                0x00000000100002b8                _init
 *(EXCLUDE_FILE(*libm.a: *libc.a:*lib_a-mem*.o *libgcc.a:) .text*)
 .text.register_tm_clones
                0x00000000100002bc       0x28 /Applications/ArmGNUToolchain/12.2.rel1/arm-none-eabi/bin/../lib/gcc/arm-none-eabi/12.2.1/thumb/v6-m/nofp/crtbegin.o
 .text.frame_dummy
                0x00000000100002e4       0x24 /Applications/ArmGNUToolchain/12.2.rel1/arm-none-eabi/bin/../lib/gcc/arm-none-eabi/12.2.1/thumb/v6-m/nofp/crtbegin.o
 .text.write_strobe
                0x0000000010000308       0x44 CMakeFiles/carrier_CC2500.dir/carrier_CC2500.c.obj
 .text.startup.main
                0x000000001000034c       0xd8 CMakeFiles/carrier_CC2500.dir/carrier_CC2500.c.obj
                0x000000001000034c                main
 .text.gpio_set_function
                0x0000000010000424       0x30 CMakeFiles/carrier_CC2500.dir/Users/wenya589/TA_courses/wcnes_project/2023/pico/pico-sdk/src/rp2_common/hardware_gpio/gpio.c.obj
                0x0000000010000424                gpio_set_function
 .text.gpio_init
                0x0000000010000454       0x3c CMakeFiles/carrier_CC2500.dir/Users/wenya589/TA_courses/wcnes_project/2023/pico/pico-sdk/src/rp2_common/hardware_gpio/gpio.c.obj
                0x0000000010000454                gpio_init
 .text.running_on_fpga
                0x0000000010000490       0x10 CMakeFiles/carrier_CC2500.dir/Users/wenya589/TA_courses/wcnes_project/2023/pico/pico-sdk/src/rp2_common/pico_platform/platform.c.obj
                0x0000000010000490                running_on_fpga
 .text.hw_claim_or_assert
                0x00000000100004a0       0x44 CMakeFiles/carrier_CC2500.dir/Users/wenya589/TA_courses/wcnes_project/2023/pico/pico-sdk/src/rp2_common/hardware_claim/claim.c.obj
                0x00000000100004a0                hw_claim_or_assert
 .text.hw_claim_unused_from_range
                0x00000000100004e4       0x9c CMakeFiles/carrier_CC2500.dir/Users/wenya589/TA_courses/wcnes_project/2023/pico/pico-sdk/src/rp2_common/hardware_claim/claim.c.obj
                0x00000000100004e4                hw_claim_unused_from_range
 .text.spin_locks_reset
                0x0000000010000580       0x1c CMakeFiles/carrier_CC2500.dir/Users/wenya589/TA_courses/wcnes_project/2023/pico/pico-sdk/src/rp2_common/hardware_sync/sync.c.obj
                0x0000000010000580                spin_locks_reset
 .text.next_striped_spin_lock_num
                0x000000001000059c       0x18 CMakeFiles/carrier_CC2500.dir/Users/wenya589/TA_courses/wcnes_project/2023/pico/pico-sdk/src/rp2_common/hardware_sync/sync.c.obj
                0x000000001000059c                next_striped_spin_lock_num
 .text.spin_lock_claim_unused
                0x00000000100005b4       0x24 CMakeFiles/carrier_CC2500.dir/Users/wenya589/TA_courses/wcnes_project/2023/pico/pico-sdk/src/rp2_common/hardware_sync/sync.c.obj
                0x00000000100005b4                spin_lock_claim_unused
 .text.irq_set_enabled
                0x00000000100005d8       0x24 CMakeFiles/carrier_CC2500.dir/Users/wenya589/TA_courses/wcnes_project/2023/pico/pico-sdk/src/rp2_common/hardware_irq/irq.c.obj
                0x00000000100005d8                irq_set_enabled
 .text.irq_set_pending
                0x00000000100005fc       0x10 CMakeFiles/carrier_CC2500.dir/Users/wenya589/TA_courses/wcnes_project/2023/pico/pico-sdk/src/rp2_common/hardware_irq/irq.c.obj
                0x00000000100005fc                irq_set_pending
 .text.irq_has_shared_handler
                0x000000001000060c       0x2c CMakeFiles/carrier_CC2500.dir/Users/wenya589/TA_courses/wcnes_project/2023/pico/pico-sdk/src/rp2_common/hardware_irq/irq.c.obj
                0x000000001000060c                irq_has_shared_handler
 .text.irq_get_vtable_handler
                0x0000000010000638       0x10 CMakeFiles/carrier_CC2500.dir/Users/wenya589/TA_courses/wcnes_project/2023/pico/pico-sdk/src/rp2_common/hardware_irq/irq.c.obj
                0x0000000010000638                irq_get_vtable_handler
 .text.irq_set_exclusive_handler
                0x0000000010000648       0x54 CMakeFiles/carrier_CC2500.dir/Users/wenya589/TA_courses/wcnes_project/2023/pico/pico-sdk/src/rp2_common/hardware_irq/irq.c.obj
                0x0000000010000648                irq_set_exclusive_handler
 .text.irq_add_shared_handler
                0x000000001000069c      0x1f4 CMakeFiles/carrier_CC2500.dir/Users/wenya589/TA_courses/wcnes_project/2023/pico/pico-sdk/src/rp2_common/hardware_irq/irq.c.obj
                0x000000001000069c                irq_add_shared_handler
 .text.irq_remove_handler
                0x0000000010000890      0x1c4 CMakeFiles/carrier_CC2500.dir/Users/wenya589/TA_courses/wcnes_project/2023/pico/pico-sdk/src/rp2_common/hardware_irq/irq.c.obj
                0x0000000010000890                irq_remove_handler
 .text.irq_add_tail_to_free_list
                0x0000000010000a54       0xb4 CMakeFiles/carrier_CC2500.dir/Users/wenya589/TA_courses/wcnes_project/2023/pico/pico-sdk/src/rp2_common/hardware_irq/irq.c.obj
                0x0000000010000a54                irq_add_tail_to_free_list
 .text.irq_init_priorities
                0x0000000010000b08       0x24 CMakeFiles/carrier_CC2500.dir/Users/wenya589/TA_courses/wcnes_project/2023/pico/pico-sdk/src/rp2_common/hardware_irq/irq.c.obj
                0x0000000010000b08                irq_init_priorities
 .text.user_irq_claim_unused
                0x0000000010000b2c       0x2c CMakeFiles/carrier_CC2500.dir/Users/wenya589/TA_courses/wcnes_project/2023/pico/pico-sdk/src/rp2_common/hardware_irq/irq.c.obj
                0x0000000010000b2c                user_irq_claim_unused
 .text.lock_init
                0x0000000010000b58       0x10 CMakeFiles/carrier_CC2500.dir/Users/wenya589/TA_courses/wcnes_project/2023/pico/pico-sdk/src/common/pico_sync/lock_core.c.obj
                0x0000000010000b58                lock_init
 .text.mutex_init
                0x0000000010000b68       0x1c CMakeFiles/carrier_CC2500.dir/Users/wenya589/TA_courses/wcnes_project/2023/pico/pico-sdk/src/common/pico_sync/mutex.c.obj
                0x0000000010000b68                mutex_init
 .text.recursive_mutex_init
                0x0000000010000b84       0x1c CMakeFiles/carrier_CC2500.dir/Users/wenya589/TA_courses/wcnes_project/2023/pico/pico-sdk/src/common/pico_sync/mutex.c.obj
                0x0000000010000b84                recursive_mutex_init
 .text.critical_section_init
                0x0000000010000ba0       0x1c CMakeFiles/carrier_CC2500.dir/Users/wenya589/TA_courses/wcnes_project/2023/pico/pico-sdk/src/common/pico_sync/critical_section.c.obj
                0x0000000010000ba0                critical_section_init
 .text.critical_section_init_with_lock_num
                0x0000000010000bbc       0x14 CMakeFiles/carrier_CC2500.dir/Users/wenya589/TA_courses/wcnes_project/2023/pico/pico-sdk/src/common/pico_sync/critical_section.c.obj
                0x0000000010000bbc                critical_section_init_with_lock_num
 .text.timer_pool_entry_comparator
                0x0000000010000bd0       0x34 CMakeFiles/carrier_CC2500.dir/Users/wenya589/TA_courses/wcnes_project/2023/pico/pico-sdk/src/common/pico_time/time.c.obj
                0x0000000010000bd0                timer_pool_entry_comparator
 .text.sleep_until_callback
                0x0000000010000c04       0x30 CMakeFiles/carrier_CC2500.dir/Users/wenya589/TA_courses/wcnes_project/2023/pico/pico-sdk/src/common/pico_time/time.c.obj
 .text.add_alarm_under_lock.isra.0
                0x0000000010000c34      0x100 CMakeFiles/carrier_CC2500.dir/Users/wenya589/TA_courses/wcnes_project/2023/pico/pico-sdk/src/common/pico_time/time.c.obj
 .text.alarm_pool_alarm_callback
                0x0000000010000d34      0x1bc CMakeFiles/carrier_CC2500.dir/Users/wenya589/TA_courses/wcnes_project/2023/pico/pico-sdk/src/common/pico_time/time.c.obj
 .text.alarm_pool_init_default
                0x0000000010000ef0       0x6c CMakeFiles/carrier_CC2500.dir/Users/wenya589/TA_courses/wcnes_project/2023/pico/pico-sdk/src/common/pico_time/time.c.obj
                0x0000000010000ef0                alarm_pool_init_default
 .text.alarm_pool_get_default
                0x0000000010000f5c        0x8 CMakeFiles/carrier_CC2500.dir/Users/wenya589/TA_courses/wcnes_project/2023/pico/pico-sdk/src/common/pico_time/time.c.obj
                0x0000000010000f5c                alarm_pool_get_default
 .text.alarm_pool_add_alarm_at
                0x0000000010000f64      0x188 CMakeFiles/carrier_CC2500.dir/Users/wenya589/TA_courses/wcnes_project/2023/pico/pico-sdk/src/common/pico_time/time.c.obj
                0x0000000010000f64                alarm_pool_add_alarm_at
 .text.alarm_pool_cancel_alarm
                0x00000000100010ec       0x6c CMakeFiles/carrier_CC2500.dir/Users/wenya589/TA_courses/wcnes_project/2023/pico/pico-sdk/src/common/pico_time/time.c.obj
                0x00000000100010ec                alarm_pool_cancel_alarm
 .text.alarm_pool_core_num
                0x0000000010001158        0x4 CMakeFiles/carrier_CC2500.dir/Users/wenya589/TA_courses/wcnes_project/2023/pico/pico-sdk/src/common/pico_time/time.c.obj
                0x0000000010001158                alarm_pool_core_num
 .text.sleep_until
                0x000000001000115c       0xc4 CMakeFiles/carrier_CC2500.dir/Users/wenya589/TA_courses/wcnes_project/2023/pico/pico-sdk/src/common/pico_time/time.c.obj
                0x000000001000115c                sleep_until
 .text.sleep_ms
                0x0000000010001220       0x38 CMakeFiles/carrier_CC2500.dir/Users/wenya589/TA_courses/wcnes_project/2023/pico/pico-sdk/src/common/pico_time/time.c.obj
                0x0000000010001220                sleep_ms
 .text.best_effort_wfe_or_timeout
                0x0000000010001258       0x78 CMakeFiles/carrier_CC2500.dir/Users/wenya589/TA_courses/wcnes_project/2023/pico/pico-sdk/src/common/pico_time/time.c.obj
                0x0000000010001258                best_effort_wfe_or_timeout
 .text.hardware_alarm_irq_handler
                0x00000000100012d0       0xbc CMakeFiles/carrier_CC2500.dir/Users/wenya589/TA_courses/wcnes_project/2023/pico/pico-sdk/src/rp2_common/hardware_timer/timer.c.obj
 .text.hardware_alarm_claim
                0x000000001000138c       0x18 CMakeFiles/carrier_CC2500.dir/Users/wenya589/TA_courses/wcnes_project/2023/pico/pico-sdk/src/rp2_common/hardware_timer/timer.c.obj
                0x000000001000138c                hardware_alarm_claim
 .text.time_us_64
                0x00000000100013a4       0x14 CMakeFiles/carrier_CC2500.dir/Users/wenya589/TA_courses/wcnes_project/2023/pico/pico-sdk/src/rp2_common/hardware_timer/timer.c.obj
                0x00000000100013a4                time_us_64
 .text.busy_wait_until
                0x00000000100013b8       0x20 CMakeFiles/carrier_CC2500.dir/Users/wenya589/TA_courses/wcnes_project/2023/pico/pico-sdk/src/rp2_common/hardware_timer/timer.c.obj
                0x00000000100013b8                busy_wait_until
 .text.hardware_alarm_set_callback
                0x00000000100013d8       0x8c CMakeFiles/carrier_CC2500.dir/Users/wenya589/TA_courses/wcnes_project/2023/pico/pico-sdk/src/rp2_common/hardware_timer/timer.c.obj
                0x00000000100013d8                hardware_alarm_set_callback
 .text.hardware_alarm_set_target
                0x0000000010001464       0xdc CMakeFiles/carrier_CC2500.dir/Users/wenya589/TA_courses/wcnes_project/2023/pico/pico-sdk/src/rp2_common/hardware_timer/timer.c.obj
                0x0000000010001464                hardware_alarm_set_target
 .text.hardware_alarm_cancel
                0x0000000010001540       0x3c CMakeFiles/carrier_CC2500.dir/Users/wenya589/TA_courses/wcnes_project/2023/pico/pico-sdk/src/rp2_common/hardware_timer/timer.c.obj
                0x0000000010001540                hardware_alarm_cancel
 .text.ph_merge_nodes
                0x000000001000157c       0x64 CMakeFiles/carrier_CC2500.dir/Users/wenya589/TA_courses/wcnes_project/2023/pico/pico-sdk/src/common/pico_util/pheap.c.obj
 .text.ph_post_alloc_init
                0x00000000100015e0       0x3c CMakeFiles/carrier_CC2500.dir/Users/wenya589/TA_courses/wcnes_project/2023/pico/pico-sdk/src/common/pico_util/pheap.c.obj
                0x00000000100015e0                ph_post_alloc_init
 .text.ph_merge_two_pass
                0x000000001000161c       0x98 CMakeFiles/carrier_CC2500.dir/Users/wenya589/TA_courses/wcnes_project/2023/pico/pico-sdk/src/common/pico_util/pheap.c.obj
                0x000000001000161c                ph_merge_two_pass
 .text.ph_remove_any_head
                0x00000000100016b4      0x100 CMakeFiles/carrier_CC2500.dir/Users/wenya589/TA_courses/wcnes_project/2023/pico/pico-sdk/src/common/pico_util/pheap.c.obj
 .text.ph_remove_head
                0x00000000100017b4      0x104 CMakeFiles/carrier_CC2500.dir/Users/wenya589/TA_courses/wcnes_project/2023/pico/pico-sdk/src/common/pico_util/pheap.c.obj
                0x00000000100017b4                ph_remove_head
 .text.ph_remove_and_free_node
                0x00000000100018b8       0x78 CMakeFiles/carrier_CC2500.dir/Users/wenya589/TA_courses/wcnes_project/2023/pico/pico-sdk/src/common/pico_util/pheap.c.obj
                0x00000000100018b8                ph_remove_and_free_node
 .text.clocks_init
                0x0000000010001930      0x2b4 CMakeFiles/carrier_CC2500.dir/Users/wenya589/TA_courses/wcnes_project/2023/pico/pico-sdk/src/rp2_common/hardware_clocks/clocks.c.obj
                0x0000000010001930                clocks_init
 .text.clock_get_hz
                0x0000000010001be4        0xc CMakeFiles/carrier_CC2500.dir/Users/wenya589/TA_courses/wcnes_project/2023/pico/pico-sdk/src/rp2_common/hardware_clocks/clocks.c.obj
                0x0000000010001be4                clock_get_hz
 .text.pll_init
                0x0000000010001bf0       0xa8 CMakeFiles/carrier_CC2500.dir/Users/wenya589/TA_courses/wcnes_project/2023/pico/pico-sdk/src/rp2_common/hardware_pll/pll.c.obj
                0x0000000010001bf0                pll_init
 .text.watchdog_start_tick
                0x0000000010001c98       0x10 CMakeFiles/carrier_CC2500.dir/Users/wenya589/TA_courses/wcnes_project/2023/pico/pico-sdk/src/rp2_common/hardware_watchdog/watchdog.c.obj
                0x0000000010001c98                watchdog_start_tick
 .text.watchdog_reboot
                0x0000000010001ca8       0x9c CMakeFiles/carrier_CC2500.dir/Users/wenya589/TA_courses/wcnes_project/2023/pico/pico-sdk/src/rp2_common/hardware_watchdog/watchdog.c.obj
                0x0000000010001ca8                watchdog_reboot
 .text.xosc_init
                0x0000000010001d44       0x28 CMakeFiles/carrier_CC2500.dir/Users/wenya589/TA_courses/wcnes_project/2023/pico/pico-sdk/src/rp2_common/hardware_xosc/xosc.c.obj
                0x0000000010001d44                xosc_init
 .text.runtime_init
                0x0000000010001d6c       0xf0 CMakeFiles/carrier_CC2500.dir/Users/wenya589/TA_courses/wcnes_project/2023/pico/pico-sdk/src/rp2_common/pico_runtime/runtime.c.obj
                0x0000000010001d6c                runtime_init
 .text._exit    0x0000000010001e5c        0x4 CMakeFiles/carrier_CC2500.dir/Users/wenya589/TA_courses/wcnes_project/2023/pico/pico-sdk/src/rp2_common/pico_runtime/runtime.c.obj
                0x0000000010001e5c                _exit
 .text.exit     0x0000000010001e60        0x8 CMakeFiles/carrier_CC2500.dir/Users/wenya589/TA_courses/wcnes_project/2023/pico/pico-sdk/src/rp2_common/pico_runtime/runtime.c.obj
                0x0000000010001e60                exit
 .text.panic    0x0000000010001e68       0x30 CMakeFiles/carrier_CC2500.dir/Users/wenya589/TA_courses/wcnes_project/2023/pico/pico-sdk/src/rp2_common/pico_runtime/runtime.c.obj
                0x0000000010001e68                panic
 .text.hard_assertion_failure
                0x0000000010001e98        0xc CMakeFiles/carrier_CC2500.dir/Users/wenya589/TA_courses/wcnes_project/2023/pico/pico-sdk/src/rp2_common/pico_runtime/runtime.c.obj
                0x0000000010001e98                hard_assertion_failure
 .text._out_char
                0x0000000010001ea4       0x10 CMakeFiles/carrier_CC2500.dir/Users/wenya589/TA_courses/wcnes_project/2023/pico/pico-sdk/src/rp2_common/pico_printf/printf.c.obj
 .text.weak_raw_vprintf
                0x0000000010001eb4       0x30 CMakeFiles/carrier_CC2500.dir/Users/wenya589/TA_courses/wcnes_project/2023/pico/pico-sdk/src/rp2_common/pico_printf/printf.c.obj
                0x0000000010001eb4                weak_raw_vprintf
 .text          0x0000000010001ee4       0x10 CMakeFiles/carrier_CC2500.dir/Users/wenya589/TA_courses/wcnes_project/2023/pico/pico-sdk/src/rp2_common/pico_bit_ops/bit_ops_aeabi.S.obj
 .text.rom_func_lookup
                0x0000000010001ef4       0x10 CMakeFiles/carrier_CC2500.dir/Users/wenya589/TA_courses/wcnes_project/2023/pico/pico-sdk/src/rp2_common/pico_bootrom/bootrom.c.obj
                0x0000000010001ef4                rom_func_lookup
 .text.rom_data_lookup
                0x0000000010001f04       0x10 CMakeFiles/carrier_CC2500.dir/Users/wenya589/TA_courses/wcnes_project/2023/pico/pico-sdk/src/rp2_common/pico_bootrom/bootrom.c.obj
                0x0000000010001f04                rom_data_lookup
 .text.rom_funcs_lookup
                0x0000000010001f14       0x44 CMakeFiles/carrier_CC2500.dir/Users/wenya589/TA_courses/wcnes_project/2023/pico/pico-sdk/src/rp2_common/pico_bootrom/bootrom.c.obj
                0x0000000010001f14                rom_funcs_lookup
 .text.__wrap___aeabi_uidiv
                0x0000000010001f58       0x4c CMakeFiles/carrier_CC2500.dir/Users/wenya589/TA_courses/wcnes_project/2023/pico/pico-sdk/src/rp2_common/pico_divider/divider.S.obj
                0x0000000010001f58                __wrap___aeabi_uidiv
                0x0000000010001f58                __wrap___aeabi_uidivmod
                0x0000000010001f58                div_u32u32
                0x0000000010001f58                divmod_u32u32
                0x0000000010001f60                divmod_u32u32_unsafe
                0x0000000010001f88                divmod_u32u32_savestate
 .text.__aeabi_double_init
                0x0000000010001fa4       0x98 CMakeFiles/carrier_CC2500.dir/Users/wenya589/TA_courses/wcnes_project/2023/pico/pico-sdk/src/rp2_common/pico_double/double_init_rom.c.obj
                0x0000000010001fa4                __aeabi_double_init
 .text.double_table_shim_on_use_helper
                0x000000001000203c       0x2c CMakeFiles/carrier_CC2500.dir/Users/wenya589/TA_courses/wcnes_project/2023/pico/pico-sdk/src/rp2_common/pico_double/double_v1_rom_shim.S.obj
                0x000000001000203c                double_table_shim_on_use_helper
 .text.__aeabi_lmul
                0x0000000010002068       0x32 CMakeFiles/carrier_CC2500.dir/Users/wenya589/TA_courses/wcnes_project/2023/pico/pico-sdk/src/rp2_common/pico_int64_ops/pico_int64_ops_aeabi.S.obj
                0x0000000010002068                __wrap___aeabi_lmul
 *fill*         0x000000001000209a        0x2 
 .text.__aeabi_float_init
                0x000000001000209c       0x64 CMakeFiles/carrier_CC2500.dir/Users/wenya589/TA_courses/wcnes_project/2023/pico/pico-sdk/src/rp2_common/pico_float/float_init_rom.c.obj
                0x000000001000209c                __aeabi_float_init
 .text.float_table_shim_on_use_helper
                0x0000000010002100       0x2c CMakeFiles/carrier_CC2500.dir/Users/wenya589/TA_courses/wcnes_project/2023/pico/pico-sdk/src/rp2_common/pico_float/float_v1_rom_shim.S.obj
                0x0000000010002100                float_table_shim_on_use_helper
 .text          0x000000001000212c       0x10 CMakeFiles/carrier_CC2500.dir/Users/wenya589/TA_courses/wcnes_project/2023/pico/pico-sdk/src/rp2_common/pico_mem_ops/mem_ops_aeabi.S.obj
                0x000000001000212c                __aeabi_mem_init
 .text.memset   0x000000001000213c        0xc CMakeFiles/carrier_CC2500.dir/Users/wenya589/TA_courses/wcnes_project/2023/pico/pico-sdk/src/rp2_common/pico_mem_ops/mem_ops_aeabi.S.obj
                0x000000001000213c                __wrap_memset
 .text.memcpy   0x0000000010002148        0xc CMakeFiles/carrier_CC2500.dir/Users/wenya589/TA_courses/wcnes_project/2023/pico/pico-sdk/src/rp2_common/pico_mem_ops/mem_ops_aeabi.S.obj
                0x0000000010002148                __wrap___aeabi_memcpy
                0x0000000010002148                __wrap_memcpy
 .text.stdio_out_chars_crlf
                0x0000000010002154       0xbc CMakeFiles/carrier_CC2500.dir/Users/wenya589/TA_courses/wcnes_project/2023/pico/pico-sdk/src/rp2_common/pico_stdio/stdio.c.obj
 .text.__wrap_putchar
                0x0000000010002210       0x98 CMakeFiles/carrier_CC2500.dir/Users/wenya589/TA_courses/wcnes_project/2023/pico/pico-sdk/src/rp2_common/pico_stdio/stdio.c.obj
                0x0000000010002210                __wrap_putchar
 .text.__wrap_puts
                0x00000000100022a8       0xe0 CMakeFiles/carrier_CC2500.dir/Users/wenya589/TA_courses/wcnes_project/2023/pico/pico-sdk/src/rp2_common/pico_stdio/stdio.c.obj
                0x00000000100022a8                __wrap_puts
 .text.stdio_set_driver_enabled
                0x0000000010002388       0x30 CMakeFiles/carrier_CC2500.dir/Users/wenya589/TA_courses/wcnes_project/2023/pico/pico-sdk/src/rp2_common/pico_stdio/stdio.c.obj
                0x0000000010002388                stdio_set_driver_enabled
 .text.stdio_init_all
                0x00000000100023b8        0x8 CMakeFiles/carrier_CC2500.dir/Users/wenya589/TA_courses/wcnes_project/2023/pico/pico-sdk/src/rp2_common/pico_stdio/stdio.c.obj
                0x00000000100023b8                stdio_init_all
 .text.resetd_init
                0x00000000100023c0        0x4 CMakeFiles/carrier_CC2500.dir/Users/wenya589/TA_courses/wcnes_project/2023/pico/pico-sdk/src/rp2_common/pico_stdio_usb/reset_interface.c.obj
 .text.resetd_reset
                0x00000000100023c4        0xc CMakeFiles/carrier_CC2500.dir/Users/wenya589/TA_courses/wcnes_project/2023/pico/pico-sdk/src/rp2_common/pico_stdio_usb/reset_interface.c.obj
 .text.resetd_open
                0x00000000100023d0       0x28 CMakeFiles/carrier_CC2500.dir/Users/wenya589/TA_courses/wcnes_project/2023/pico/pico-sdk/src/rp2_common/pico_stdio_usb/reset_interface.c.obj
 .text.resetd_xfer_cb
                0x00000000100023f8        0x4 CMakeFiles/carrier_CC2500.dir/Users/wenya589/TA_courses/wcnes_project/2023/pico/pico-sdk/src/rp2_common/pico_stdio_usb/reset_interface.c.obj
 .text.resetd_control_xfer_cb
                0x00000000100023fc       0x60 CMakeFiles/carrier_CC2500.dir/Users/wenya589/TA_courses/wcnes_project/2023/pico/pico-sdk/src/rp2_common/pico_stdio_usb/reset_interface.c.obj
 .text.usbd_app_driver_get_cb
                0x000000001000245c        0xc CMakeFiles/carrier_CC2500.dir/Users/wenya589/TA_courses/wcnes_project/2023/pico/pico-sdk/src/rp2_common/pico_stdio_usb/reset_interface.c.obj
                0x000000001000245c                usbd_app_driver_get_cb
 .text.tud_cdc_line_coding_cb
                0x0000000010002468       0x34 CMakeFiles/carrier_CC2500.dir/Users/wenya589/TA_courses/wcnes_project/2023/pico/pico-sdk/src/rp2_common/pico_stdio_usb/reset_interface.c.obj
                0x0000000010002468                tud_cdc_line_coding_cb
 .text.stdio_usb_set_chars_available_callback
                0x000000001000249c       0x14 CMakeFiles/carrier_CC2500.dir/Users/wenya589/TA_courses/wcnes_project/2023/pico/pico-sdk/src/rp2_common/pico_stdio_usb/stdio_usb.c.obj
                0x000000001000249c                stdio_usb_set_chars_available_callback
 .text.usb_irq  0x00000000100024b0       0x10 CMakeFiles/carrier_CC2500.dir/Users/wenya589/TA_courses/wcnes_project/2023/pico/pico-sdk/src/rp2_common/pico_stdio_usb/stdio_usb.c.obj
 .text.timer_task
                0x00000000100024c0       0x54 CMakeFiles/carrier_CC2500.dir/Users/wenya589/TA_courses/wcnes_project/2023/pico/pico-sdk/src/rp2_common/pico_stdio_usb/stdio_usb.c.obj
 .text.stdio_usb_in_chars
                0x0000000010002514       0x90 CMakeFiles/carrier_CC2500.dir/Users/wenya589/TA_courses/wcnes_project/2023/pico/pico-sdk/src/rp2_common/pico_stdio_usb/stdio_usb.c.obj
                0x0000000010002514                stdio_usb_in_chars
 .text.stdio_usb_out_chars
                0x00000000100025a4      0x104 CMakeFiles/carrier_CC2500.dir/Users/wenya589/TA_courses/wcnes_project/2023/pico/pico-sdk/src/rp2_common/pico_stdio_usb/stdio_usb.c.obj
 .text.low_priority_worker_irq
                0x00000000100026a8       0xa8 CMakeFiles/carrier_CC2500.dir/Users/wenya589/TA_courses/wcnes_project/2023/pico/pico-sdk/src/rp2_common/pico_stdio_usb/stdio_usb.c.obj
 .text.tud_cdc_rx_cb
                0x0000000010002750       0x20 CMakeFiles/carrier_CC2500.dir/Users/wenya589/TA_courses/wcnes_project/2023/pico/pico-sdk/src/rp2_common/pico_stdio_usb/stdio_usb.c.obj
                0x0000000010002750                tud_cdc_rx_cb
 .text.stdio_usb_init
                0x0000000010002770       0xe0 CMakeFiles/carrier_CC2500.dir/Users/wenya589/TA_courses/wcnes_project/2023/pico/pico-sdk/src/rp2_common/pico_stdio_usb/stdio_usb.c.obj
                0x0000000010002770                stdio_usb_init
 .text.tud_descriptor_device_cb
                0x0000000010002850        0x8 CMakeFiles/carrier_CC2500.dir/Users/wenya589/TA_courses/wcnes_project/2023/pico/pico-sdk/src/rp2_common/pico_stdio_usb/stdio_usb_descriptors.c.obj
                0x0000000010002850                tud_descriptor_device_cb
 .text.tud_descriptor_configuration_cb
                0x0000000010002858        0x8 CMakeFiles/carrier_CC2500.dir/Users/wenya589/TA_courses/wcnes_project/2023/pico/pico-sdk/src/rp2_common/pico_stdio_usb/stdio_usb_descriptors.c.obj
                0x0000000010002858                tud_descriptor_configuration_cb
 .text.tud_descriptor_string_cb
                0x0000000010002860       0x78 CMakeFiles/carrier_CC2500.dir/Users/wenya589/TA_courses/wcnes_project/2023/pico/pico-sdk/src/rp2_common/pico_stdio_usb/stdio_usb_descriptors.c.obj
                0x0000000010002860                tud_descriptor_string_cb
 .text.startup._retrieve_unique_id_on_boot
                0x00000000100028d8       0x10 CMakeFiles/carrier_CC2500.dir/Users/wenya589/TA_courses/wcnes_project/2023/pico/pico-sdk/src/rp2_common/pico_unique_id/unique_id.c.obj
 .text.pico_get_unique_board_id_string
                0x00000000100028e8      0x1a8 CMakeFiles/carrier_CC2500.dir/Users/wenya589/TA_courses/wcnes_project/2023/pico/pico-sdk/src/rp2_common/pico_unique_id/unique_id.c.obj
                0x00000000100028e8                pico_get_unique_board_id_string
 .text.flash_get_unique_id
                0x0000000010002a90       0x40 CMakeFiles/carrier_CC2500.dir/Users/wenya589/TA_courses/wcnes_project/2023/pico/pico-sdk/src/rp2_common/hardware_flash/flash.c.obj
                0x0000000010002a90                flash_get_unique_id
 .text.dcd_int_enable
                0x0000000010002ad0        0xc CMakeFiles/carrier_CC2500.dir/Users/wenya589/TA_courses/wcnes_project/2023/pico/pico-sdk/lib/tinyusb/src/portable/raspberrypi/rp2040/dcd_rp2040.c.obj
                0x0000000010002ad0                dcd_int_enable
 .text.dcd_set_address
                0x0000000010002adc       0x14 CMakeFiles/carrier_CC2500.dir/Users/wenya589/TA_courses/wcnes_project/2023/pico/pico-sdk/lib/tinyusb/src/portable/raspberrypi/rp2040/dcd_rp2040.c.obj
                0x0000000010002adc                dcd_set_address
 .text.dcd_connect
                0x0000000010002af0       0x10 CMakeFiles/carrier_CC2500.dir/Users/wenya589/TA_courses/wcnes_project/2023/pico/pico-sdk/lib/tinyusb/src/portable/raspberrypi/rp2040/dcd_rp2040.c.obj
                0x0000000010002af0                dcd_connect
 .text.dcd_init
                0x0000000010002b00       0x98 CMakeFiles/carrier_CC2500.dir/Users/wenya589/TA_courses/wcnes_project/2023/pico/pico-sdk/lib/tinyusb/src/portable/raspberrypi/rp2040/dcd_rp2040.c.obj
                0x0000000010002b00                dcd_init
 .text.dcd_edpt0_status_complete
                0x0000000010002b98       0x1c CMakeFiles/carrier_CC2500.dir/Users/wenya589/TA_courses/wcnes_project/2023/pico/pico-sdk/lib/tinyusb/src/portable/raspberrypi/rp2040/dcd_rp2040.c.obj
                0x0000000010002b98                dcd_edpt0_status_complete
 .text.dcd_edpt_open
                0x0000000010002bb4      0x108 CMakeFiles/carrier_CC2500.dir/Users/wenya589/TA_courses/wcnes_project/2023/pico/pico-sdk/lib/tinyusb/src/portable/raspberrypi/rp2040/dcd_rp2040.c.obj
                0x0000000010002bb4                dcd_edpt_open
 .text.dcd_edpt_close_all
                0x0000000010002cbc        0x8 CMakeFiles/carrier_CC2500.dir/Users/wenya589/TA_courses/wcnes_project/2023/pico/pico-sdk/lib/tinyusb/src/portable/raspberrypi/rp2040/dcd_rp2040.c.obj
                0x0000000010002cbc                dcd_edpt_close_all
 .text.dcd_edpt_xfer
                0x0000000010002cc4       0x24 CMakeFiles/carrier_CC2500.dir/Users/wenya589/TA_courses/wcnes_project/2023/pico/pico-sdk/lib/tinyusb/src/portable/raspberrypi/rp2040/dcd_rp2040.c.obj
                0x0000000010002cc4                dcd_edpt_xfer
 .text.dcd_edpt_stall
                0x0000000010002ce8       0x38 CMakeFiles/carrier_CC2500.dir/Users/wenya589/TA_courses/wcnes_project/2023/pico/pico-sdk/lib/tinyusb/src/portable/raspberrypi/rp2040/dcd_rp2040.c.obj
                0x0000000010002ce8                dcd_edpt_stall
 .text.dcd_edpt_clear_stall
                0x0000000010002d20       0x30 CMakeFiles/carrier_CC2500.dir/Users/wenya589/TA_courses/wcnes_project/2023/pico/pico-sdk/lib/tinyusb/src/portable/raspberrypi/rp2040/dcd_rp2040.c.obj
                0x0000000010002d20                dcd_edpt_clear_stall
 .text.rp2040_usb_init
                0x0000000010002d50       0x4c CMakeFiles/carrier_CC2500.dir/Users/wenya589/TA_courses/wcnes_project/2023/pico/pico-sdk/lib/tinyusb/src/portable/raspberrypi/rp2040/rp2040_usb.c.obj
                0x0000000010002d50                rp2040_usb_init
 .text.hw_endpoint_xfer_start
                0x0000000010002d9c       0x40 CMakeFiles/carrier_CC2500.dir/Users/wenya589/TA_courses/wcnes_project/2023/pico/pico-sdk/lib/tinyusb/src/portable/raspberrypi/rp2040/rp2040_usb.c.obj
                0x0000000010002d9c                hw_endpoint_xfer_start
 .text.tud_mounted
                0x0000000010002ddc       0x10 CMakeFiles/carrier_CC2500.dir/Users/wenya589/TA_courses/wcnes_project/2023/pico/pico-sdk/lib/tinyusb/src/device/usbd.c.obj
                0x0000000010002ddc                tud_mounted
 .text.tud_suspended
                0x0000000010002dec       0x10 CMakeFiles/carrier_CC2500.dir/Users/wenya589/TA_courses/wcnes_project/2023/pico/pico-sdk/lib/tinyusb/src/device/usbd.c.obj
                0x0000000010002dec                tud_suspended
 .text.tud_inited
                0x0000000010002dfc       0x14 CMakeFiles/carrier_CC2500.dir/Users/wenya589/TA_courses/wcnes_project/2023/pico/pico-sdk/lib/tinyusb/src/device/usbd.c.obj
                0x0000000010002dfc                tud_inited
 .text.tud_init
                0x0000000010002e10       0xd8 CMakeFiles/carrier_CC2500.dir/Users/wenya589/TA_courses/wcnes_project/2023/pico/pico-sdk/lib/tinyusb/src/device/usbd.c.obj
                0x0000000010002e10                tud_init
 .text.tud_task_ext
                0x0000000010002ee8      0x8a4 CMakeFiles/carrier_CC2500.dir/Users/wenya589/TA_courses/wcnes_project/2023/pico/pico-sdk/lib/tinyusb/src/device/usbd.c.obj
                0x0000000010002ee8                tud_task_ext
 .text.usbd_open_edpt_pair
                0x000000001000378c       0x9c CMakeFiles/carrier_CC2500.dir/Users/wenya589/TA_courses/wcnes_project/2023/pico/pico-sdk/lib/tinyusb/src/device/usbd.c.obj
                0x000000001000378c                usbd_open_edpt_pair
 .text.usbd_defer_func
                0x0000000010003828       0x48 CMakeFiles/carrier_CC2500.dir/Users/wenya589/TA_courses/wcnes_project/2023/pico/pico-sdk/lib/tinyusb/src/device/usbd.c.obj
                0x0000000010003828                usbd_defer_func
 .text.usbd_edpt_open
                0x0000000010003870       0x34 CMakeFiles/carrier_CC2500.dir/Users/wenya589/TA_courses/wcnes_project/2023/pico/pico-sdk/lib/tinyusb/src/device/usbd.c.obj
                0x0000000010003870                usbd_edpt_open
 .text.usbd_edpt_claim
                0x00000000100038a4       0x28 CMakeFiles/carrier_CC2500.dir/Users/wenya589/TA_courses/wcnes_project/2023/pico/pico-sdk/lib/tinyusb/src/device/usbd.c.obj
                0x00000000100038a4                usbd_edpt_claim
 .text.usbd_edpt_release
                0x00000000100038cc       0x28 CMakeFiles/carrier_CC2500.dir/Users/wenya589/TA_courses/wcnes_project/2023/pico/pico-sdk/lib/tinyusb/src/device/usbd.c.obj
                0x00000000100038cc                usbd_edpt_release
 .text.usbd_edpt_xfer
                0x00000000100038f4       0x4c CMakeFiles/carrier_CC2500.dir/Users/wenya589/TA_courses/wcnes_project/2023/pico/pico-sdk/lib/tinyusb/src/device/usbd.c.obj
                0x00000000100038f4                usbd_edpt_xfer
 .text.tud_control_status
                0x0000000010003940       0x2c CMakeFiles/carrier_CC2500.dir/Users/wenya589/TA_courses/wcnes_project/2023/pico/pico-sdk/lib/tinyusb/src/device/usbd_control.c.obj
                0x0000000010003940                tud_control_status
 .text.tud_control_xfer
                0x000000001000396c       0xac CMakeFiles/carrier_CC2500.dir/Users/wenya589/TA_courses/wcnes_project/2023/pico/pico-sdk/lib/tinyusb/src/device/usbd_control.c.obj
                0x000000001000396c                tud_control_xfer
 .text.usbd_control_reset
                0x0000000010003a18       0x14 CMakeFiles/carrier_CC2500.dir/Users/wenya589/TA_courses/wcnes_project/2023/pico/pico-sdk/lib/tinyusb/src/device/usbd_control.c.obj
                0x0000000010003a18                usbd_control_reset
 .text.usbd_control_set_complete_callback
                0x0000000010003a2c        0xc CMakeFiles/carrier_CC2500.dir/Users/wenya589/TA_courses/wcnes_project/2023/pico/pico-sdk/lib/tinyusb/src/device/usbd_control.c.obj
                0x0000000010003a2c                usbd_control_set_complete_callback
 .text.usbd_control_set_request
                0x0000000010003a38       0x1c CMakeFiles/carrier_CC2500.dir/Users/wenya589/TA_courses/wcnes_project/2023/pico/pico-sdk/lib/tinyusb/src/device/usbd_control.c.obj
                0x0000000010003a38                usbd_control_set_request
 .text.usbd_control_xfer_cb
                0x0000000010003a54       0xf4 CMakeFiles/carrier_CC2500.dir/Users/wenya589/TA_courses/wcnes_project/2023/pico/pico-sdk/lib/tinyusb/src/device/usbd_control.c.obj
                0x0000000010003a54                usbd_control_xfer_cb
 .text.tud_cdc_n_connected
                0x0000000010003b48       0x30 CMakeFiles/carrier_CC2500.dir/Users/wenya589/TA_courses/wcnes_project/2023/pico/pico-sdk/lib/tinyusb/src/class/cdc/cdc_device.c.obj
                0x0000000010003b48                tud_cdc_n_connected
 .text.tud_cdc_n_available
                0x0000000010003b78       0x18 CMakeFiles/carrier_CC2500.dir/Users/wenya589/TA_courses/wcnes_project/2023/pico/pico-sdk/lib/tinyusb/src/class/cdc/cdc_device.c.obj
                0x0000000010003b78                tud_cdc_n_available
 .text.tud_cdc_n_read
                0x0000000010003b90       0x70 CMakeFiles/carrier_CC2500.dir/Users/wenya589/TA_courses/wcnes_project/2023/pico/pico-sdk/lib/tinyusb/src/class/cdc/cdc_device.c.obj
                0x0000000010003b90                tud_cdc_n_read
 .text.tud_cdc_n_write_flush
                0x0000000010003c00       0x78 CMakeFiles/carrier_CC2500.dir/Users/wenya589/TA_courses/wcnes_project/2023/pico/pico-sdk/lib/tinyusb/src/class/cdc/cdc_device.c.obj
                0x0000000010003c00                tud_cdc_n_write_flush
 .text.tud_cdc_n_write
                0x0000000010003c78       0x34 CMakeFiles/carrier_CC2500.dir/Users/wenya589/TA_courses/wcnes_project/2023/pico/pico-sdk/lib/tinyusb/src/class/cdc/cdc_device.c.obj
                0x0000000010003c78                tud_cdc_n_write
 .text.tud_cdc_n_write_available
                0x0000000010003cac       0x18 CMakeFiles/carrier_CC2500.dir/Users/wenya589/TA_courses/wcnes_project/2023/pico/pico-sdk/lib/tinyusb/src/class/cdc/cdc_device.c.obj
                0x0000000010003cac                tud_cdc_n_write_available
 .text.cdcd_init
                0x0000000010003cc4       0x7c CMakeFiles/carrier_CC2500.dir/Users/wenya589/TA_courses/wcnes_project/2023/pico/pico-sdk/lib/tinyusb/src/class/cdc/cdc_device.c.obj
                0x0000000010003cc4                cdcd_init
 .text.cdcd_reset
                0x0000000010003d40       0x2c CMakeFiles/carrier_CC2500.dir/Users/wenya589/TA_courses/wcnes_project/2023/pico/pico-sdk/lib/tinyusb/src/class/cdc/cdc_device.c.obj
                0x0000000010003d40                cdcd_reset
 .text.cdcd_open
                0x0000000010003d6c       0xe4 CMakeFiles/carrier_CC2500.dir/Users/wenya589/TA_courses/wcnes_project/2023/pico/pico-sdk/lib/tinyusb/src/class/cdc/cdc_device.c.obj
                0x0000000010003d6c                cdcd_open
 .text.cdcd_control_xfer_cb
                0x0000000010003e50       0xe4 CMakeFiles/carrier_CC2500.dir/Users/wenya589/TA_courses/wcnes_project/2023/pico/pico-sdk/lib/tinyusb/src/class/cdc/cdc_device.c.obj
                0x0000000010003e50                cdcd_control_xfer_cb
 .text.cdcd_xfer_cb
                0x0000000010003f34      0x13c CMakeFiles/carrier_CC2500.dir/Users/wenya589/TA_courses/wcnes_project/2023/pico/pico-sdk/lib/tinyusb/src/class/cdc/cdc_device.c.obj
                0x0000000010003f34                cdcd_xfer_cb
 .text.tusb_init
                0x0000000010004070        0xc CMakeFiles/carrier_CC2500.dir/Users/wenya589/TA_courses/wcnes_project/2023/pico/pico-sdk/lib/tinyusb/src/tusb.c.obj
                0x0000000010004070                tusb_init
 .text.tusb_inited
                0x000000001000407c        0x8 CMakeFiles/carrier_CC2500.dir/Users/wenya589/TA_courses/wcnes_project/2023/pico/pico-sdk/lib/tinyusb/src/tusb.c.obj
                0x000000001000407c                tusb_inited
 .text.tu_edpt_claim
                0x0000000010004084       0x50 CMakeFiles/carrier_CC2500.dir/Users/wenya589/TA_courses/wcnes_project/2023/pico/pico-sdk/lib/tinyusb/src/tusb.c.obj
                0x0000000010004084                tu_edpt_claim
 .text.tu_edpt_release
                0x00000000100040d4       0x38 CMakeFiles/carrier_CC2500.dir/Users/wenya589/TA_courses/wcnes_project/2023/pico/pico-sdk/lib/tinyusb/src/tusb.c.obj
                0x00000000100040d4                tu_edpt_release
 .text.tu_edpt_validate
                0x000000001000410c       0x7c CMakeFiles/carrier_CC2500.dir/Users/wenya589/TA_courses/wcnes_project/2023/pico/pico-sdk/lib/tinyusb/src/tusb.c.obj
                0x000000001000410c                tu_edpt_validate
 .text.tu_edpt_bind_driver
                0x0000000010004188       0x34 CMakeFiles/carrier_CC2500.dir/Users/wenya589/TA_courses/wcnes_project/2023/pico/pico-sdk/lib/tinyusb/src/tusb.c.obj
                0x0000000010004188                tu_edpt_bind_driver
 .text.tu_fifo_config
                0x00000000100041bc       0x6c CMakeFiles/carrier_CC2500.dir/Users/wenya589/TA_courses/wcnes_project/2023/pico/pico-sdk/lib/tinyusb/src/common/tusb_fifo.c.obj
                0x00000000100041bc                tu_fifo_config
 .text.tu_fifo_count
                0x0000000010004228       0x2c CMakeFiles/carrier_CC2500.dir/Users/wenya589/TA_courses/wcnes_project/2023/pico/pico-sdk/lib/tinyusb/src/common/tusb_fifo.c.obj
                0x0000000010004228                tu_fifo_count
 .text.tu_fifo_empty
                0x0000000010004254       0x10 CMakeFiles/carrier_CC2500.dir/Users/wenya589/TA_courses/wcnes_project/2023/pico/pico-sdk/lib/tinyusb/src/common/tusb_fifo.c.obj
                0x0000000010004254                tu_fifo_empty
 .text.tu_fifo_remaining
                0x0000000010004264       0x2c CMakeFiles/carrier_CC2500.dir/Users/wenya589/TA_courses/wcnes_project/2023/pico/pico-sdk/lib/tinyusb/src/common/tusb_fifo.c.obj
                0x0000000010004264                tu_fifo_remaining
 .text.tu_fifo_read
                0x0000000010004290       0x9c CMakeFiles/carrier_CC2500.dir/Users/wenya589/TA_courses/wcnes_project/2023/pico/pico-sdk/lib/tinyusb/src/common/tusb_fifo.c.obj
                0x0000000010004290                tu_fifo_read
 .text.tu_fifo_read_n
                0x000000001000432c       0xe8 CMakeFiles/carrier_CC2500.dir/Users/wenya589/TA_courses/wcnes_project/2023/pico/pico-sdk/lib/tinyusb/src/common/tusb_fifo.c.obj
                0x000000001000432c                tu_fifo_read_n
 .text.tu_fifo_write
                0x0000000010004414       0x88 CMakeFiles/carrier_CC2500.dir/Users/wenya589/TA_courses/wcnes_project/2023/pico/pico-sdk/lib/tinyusb/src/common/tusb_fifo.c.obj
                0x0000000010004414                tu_fifo_write
 .text.tu_fifo_write_n
                0x000000001000449c      0x170 CMakeFiles/carrier_CC2500.dir/Users/wenya589/TA_courses/wcnes_project/2023/pico/pico-sdk/lib/tinyusb/src/common/tusb_fifo.c.obj
                0x000000001000449c                tu_fifo_write_n
 .text.tu_fifo_clear
                0x000000001000460c       0x40 CMakeFiles/carrier_CC2500.dir/Users/wenya589/TA_courses/wcnes_project/2023/pico/pico-sdk/lib/tinyusb/src/common/tusb_fifo.c.obj
                0x000000001000460c                tu_fifo_clear
 .text.tu_fifo_set_overwritable
                0x000000001000464c       0x48 CMakeFiles/carrier_CC2500.dir/Users/wenya589/TA_courses/wcnes_project/2023/pico/pico-sdk/lib/tinyusb/src/common/tusb_fifo.c.obj
                0x000000001000464c                tu_fifo_set_overwritable
 .text.spi_init
                0x0000000010004694       0xf0 CMakeFiles/carrier_CC2500.dir/Users/wenya589/TA_courses/wcnes_project/2023/pico/pico-sdk/src/rp2_common/hardware_spi/spi.c.obj
                0x0000000010004694                spi_init
 .text.strlen   0x0000000010004784       0x5c /Applications/ArmGNUToolchain/12.2.rel1/arm-none-eabi/bin/../lib/gcc/arm-none-eabi/12.2.1/../../../../arm-none-eabi/lib/thumb/v6-m/nofp/libc.a(libc_a-strlen-stub.o)
                0x0000000010004784                strlen
 *(.fini)
 .fini          0x00000000100047e0        0x4 /Applications/ArmGNUToolchain/12.2.rel1/arm-none-eabi/bin/../lib/gcc/arm-none-eabi/12.2.1/thumb/v6-m/nofp/crti.o
                0x00000000100047e0                _fini
 *fill*         0x00000000100047e4        0x4 
 .fini.__stub   0x00000000100047e8       0xc0 linker stubs
 *crtbegin.o(.ctors)
 *crtbegin?.o(.ctors)
 *(EXCLUDE_FILE(*crtend.o *crtend?.o) .ctors)
 *(SORT_BY_NAME(.ctors.*))
 *(.ctors)
 *crtbegin.o(.dtors)
 *crtbegin?.o(.dtors)
 *(EXCLUDE_FILE(*crtend.o *crtend?.o) .dtors)
 *(SORT_BY_NAME(.dtors.*))
 *(.dtors)
 *(.eh_frame*)
 .eh_frame      0x00000000100048a8        0x0 /Applications/ArmGNUToolchain/12.2.rel1/arm-none-eabi/bin/../lib/gcc/arm-none-eabi/12.2.1/thumb/v6-m/nofp/crtbegin.o
                0x00000000100048a8                . = ALIGN (0x4)

.glue_7         0x00000000100048a8        0x0
 .glue_7        0x00000000100048a8        0x0 linker stubs

.glue_7t        0x00000000100048a8        0x0
 .glue_7t       0x00000000100048a8        0x0 linker stubs

.vfp11_veneer   0x00000000100048a8        0x0
 .vfp11_veneer  0x00000000100048a8        0x0 linker stubs

.v4_bx          0x00000000100048a8        0x0
 .v4_bx         0x00000000100048a8        0x0 linker stubs

.iplt           0x00000000100048a8        0x0
 .iplt          0x00000000100048a8        0x0 /Applications/ArmGNUToolchain/12.2.rel1/arm-none-eabi/bin/../lib/gcc/arm-none-eabi/12.2.1/thumb/v6-m/nofp/crtbegin.o

.rodata         0x00000000100048a8      0x320
 *(EXCLUDE_FILE(*libm.a: *libc.a:*lib_a-mem*.o *libgcc.a:) .rodata*)
 .rodata.main.str1.4
                0x00000000100048a8       0x2b CMakeFiles/carrier_CC2500.dir/carrier_CC2500.c.obj
 *fill*         0x00000000100048d3        0x1 
 .rodata.__bi_159.0
                0x00000000100048d4        0x8 CMakeFiles/carrier_CC2500.dir/carrier_CC2500.c.obj
 .rodata.str1.4
                0x00000000100048dc        0x7 CMakeFiles/carrier_CC2500.dir/carrier_CC2500.c.obj
 *fill*         0x00000000100048e3        0x1 
 .rodata.__bi_167.1
                0x00000000100048e4        0xc CMakeFiles/carrier_CC2500.dir/carrier_CC2500.c.obj
 .rodata.spin_lock_claim_unused.str1.4
                0x00000000100048f0       0x1b CMakeFiles/carrier_CC2500.dir/Users/wenya589/TA_courses/wcnes_project/2023/pico/pico-sdk/src/rp2_common/hardware_sync/sync.c.obj
 *fill*         0x000000001000490b        0x1 
 .rodata.user_irq_claim_unused.str1.4
                0x000000001000490c       0x1b CMakeFiles/carrier_CC2500.dir/Users/wenya589/TA_courses/wcnes_project/2023/pico/pico-sdk/src/rp2_common/hardware_irq/irq.c.obj
 *fill*         0x0000000010004927        0x1 
 .rodata.hardware_alarm_claim.str1.4
                0x0000000010004928       0x22 CMakeFiles/carrier_CC2500.dir/Users/wenya589/TA_courses/wcnes_project/2023/pico/pico-sdk/src/rp2_common/hardware_timer/timer.c.obj
 *fill*         0x000000001000494a        0x2 
 .rodata.panic.str1.4
                0x000000001000494c       0x12 CMakeFiles/carrier_CC2500.dir/Users/wenya589/TA_courses/wcnes_project/2023/pico/pico-sdk/src/rp2_common/pico_runtime/runtime.c.obj
 *fill*         0x000000001000495e        0x2 
 .rodata.hard_assertion_failure.str1.4
                0x0000000010004960        0xc CMakeFiles/carrier_CC2500.dir/Users/wenya589/TA_courses/wcnes_project/2023/pico/pico-sdk/src/rp2_common/pico_runtime/runtime.c.obj
 .rodata.str1.4
                0x000000001000496c       0x44 CMakeFiles/carrier_CC2500.dir/Users/wenya589/TA_courses/wcnes_project/2023/pico/pico-sdk/src/rp2_common/pico_standard_link/binary_info.c.obj
 .rodata.__bi_81
                0x00000000100049b0        0xc CMakeFiles/carrier_CC2500.dir/Users/wenya589/TA_courses/wcnes_project/2023/pico/pico-sdk/src/rp2_common/pico_standard_link/binary_info.c.obj
 .rodata.__bi_75
                0x00000000100049bc        0xc CMakeFiles/carrier_CC2500.dir/Users/wenya589/TA_courses/wcnes_project/2023/pico/pico-sdk/src/rp2_common/pico_standard_link/binary_info.c.obj
 .rodata.__bi_44
                0x00000000100049c8        0xc CMakeFiles/carrier_CC2500.dir/Users/wenya589/TA_courses/wcnes_project/2023/pico/pico-sdk/src/rp2_common/pico_standard_link/binary_info.c.obj
 .rodata.crlf_str.0
                0x00000000100049d4        0x2 CMakeFiles/carrier_CC2500.dir/Users/wenya589/TA_courses/wcnes_project/2023/pico/pico-sdk/src/rp2_common/pico_stdio/stdio.c.obj
 *fill*         0x00000000100049d6        0x2 
 .rodata._resetd_driver
                0x00000000100049d8       0x18 CMakeFiles/carrier_CC2500.dir/Users/wenya589/TA_courses/wcnes_project/2023/pico/pico-sdk/src/rp2_common/pico_stdio_usb/reset_interface.c.obj
 .rodata.str1.4
                0x00000000100049f0       0x13 CMakeFiles/carrier_CC2500.dir/Users/wenya589/TA_courses/wcnes_project/2023/pico/pico-sdk/src/rp2_common/pico_stdio_usb/stdio_usb.c.obj
 *fill*         0x0000000010004a03        0x1 
 .rodata.__bi_188.0
                0x0000000010004a04        0xc CMakeFiles/carrier_CC2500.dir/Users/wenya589/TA_courses/wcnes_project/2023/pico/pico-sdk/src/rp2_common/pico_stdio_usb/stdio_usb.c.obj
 .rodata.str1.4
                0x0000000010004a10       0x2a CMakeFiles/carrier_CC2500.dir/Users/wenya589/TA_courses/wcnes_project/2023/pico/pico-sdk/src/rp2_common/pico_stdio_usb/stdio_usb_descriptors.c.obj
 *fill*         0x0000000010004a3a        0x2 
 .rodata.usbd_desc_str
                0x0000000010004a3c       0x18 CMakeFiles/carrier_CC2500.dir/Users/wenya589/TA_courses/wcnes_project/2023/pico/pico-sdk/src/rp2_common/pico_stdio_usb/stdio_usb_descriptors.c.obj
 .rodata.usbd_desc_cfg
                0x0000000010004a54       0x54 CMakeFiles/carrier_CC2500.dir/Users/wenya589/TA_courses/wcnes_project/2023/pico/pico-sdk/src/rp2_common/pico_stdio_usb/stdio_usb_descriptors.c.obj
 .rodata.usbd_desc_device
                0x0000000010004aa8       0x12 CMakeFiles/carrier_CC2500.dir/Users/wenya589/TA_courses/wcnes_project/2023/pico/pico-sdk/src/rp2_common/pico_stdio_usb/stdio_usb_descriptors.c.obj
 *fill*         0x0000000010004aba        0x2 
 .rodata.str1.4
                0x0000000010004abc       0x14 CMakeFiles/carrier_CC2500.dir/Users/wenya589/TA_courses/wcnes_project/2023/pico/pico-sdk/lib/tinyusb/src/portable/raspberrypi/rp2040/dcd_rp2040.c.obj
 .rodata.str1.4
                0x0000000010004ad0       0x53 CMakeFiles/carrier_CC2500.dir/Users/wenya589/TA_courses/wcnes_project/2023/pico/pico-sdk/lib/tinyusb/src/portable/raspberrypi/rp2040/rp2040_usb.c.obj
 *fill*         0x0000000010004b23        0x1 
 .rodata.tud_task_ext
                0x0000000010004b24       0x8c CMakeFiles/carrier_CC2500.dir/Users/wenya589/TA_courses/wcnes_project/2023/pico/pico-sdk/lib/tinyusb/src/device/usbd.c.obj
 .rodata._usbd_driver
                0x0000000010004bb0       0x18 CMakeFiles/carrier_CC2500.dir/Users/wenya589/TA_courses/wcnes_project/2023/pico/pico-sdk/lib/tinyusb/src/device/usbd.c.obj
                0x0000000010004bc8                . = ALIGN (0x4)
 *(SORT_BY_ALIGNMENT(SORT_BY_NAME(.flashdata*)))
                0x0000000010004bc8                . = ALIGN (0x4)

.rel.dyn        0x0000000010004bc8        0x0
 .rel.iplt      0x0000000010004bc8        0x0 /Applications/ArmGNUToolchain/12.2.rel1/arm-none-eabi/bin/../lib/gcc/arm-none-eabi/12.2.1/thumb/v6-m/nofp/crtbegin.o

.ARM.extab
 *(.ARM.extab* .gnu.linkonce.armextab.*)
                0x0000000010004bc8                __exidx_start = .

.ARM.exidx
 *(.ARM.exidx* .gnu.linkonce.armexidx.*)
                0x0000000010004bc8                __exidx_end = .
                0x0000000010004bc8                . = ALIGN (0x4)
                0x0000000010004bc8                __binary_info_start = .

.binary_info    0x0000000010004bc8       0x28
 *(.binary_info.keep.*)
 .binary_info.keep.__bi_ptr167
                0x0000000010004bc8        0x4 CMakeFiles/carrier_CC2500.dir/carrier_CC2500.c.obj
 .binary_info.keep.__bi_ptr159
                0x0000000010004bcc        0x4 CMakeFiles/carrier_CC2500.dir/carrier_CC2500.c.obj
 .binary_info.keep.__bi_ptr81
                0x0000000010004bd0        0x4 CMakeFiles/carrier_CC2500.dir/Users/wenya589/TA_courses/wcnes_project/2023/pico/pico-sdk/src/rp2_common/pico_standard_link/binary_info.c.obj
 .binary_info.keep.__bi_ptr75
                0x0000000010004bd4        0x4 CMakeFiles/carrier_CC2500.dir/Users/wenya589/TA_courses/wcnes_project/2023/pico/pico-sdk/src/rp2_common/pico_standard_link/binary_info.c.obj
 .binary_info.keep.__bi_ptr50
                0x0000000010004bd8        0x4 CMakeFiles/carrier_CC2500.dir/Users/wenya589/TA_courses/wcnes_project/2023/pico/pico-sdk/src/rp2_common/pico_standard_link/binary_info.c.obj
 .binary_info.keep.__bi_ptr44
                0x0000000010004bdc        0x4 CMakeFiles/carrier_CC2500.dir/Users/wenya589/TA_courses/wcnes_project/2023/pico/pico-sdk/src/rp2_common/pico_standard_link/binary_info.c.obj
 .binary_info.keep.__bi_ptr38
                0x0000000010004be0        0x4 CMakeFiles/carrier_CC2500.dir/Users/wenya589/TA_courses/wcnes_project/2023/pico/pico-sdk/src/rp2_common/pico_standard_link/binary_info.c.obj
 .binary_info.keep.__bi_ptr30
                0x0000000010004be4        0x4 CMakeFiles/carrier_CC2500.dir/Users/wenya589/TA_courses/wcnes_project/2023/pico/pico-sdk/src/rp2_common/pico_standard_link/binary_info.c.obj
 .binary_info.keep.__bi_ptr22
                0x0000000010004be8        0x4 CMakeFiles/carrier_CC2500.dir/Users/wenya589/TA_courses/wcnes_project/2023/pico/pico-sdk/src/rp2_common/pico_standard_link/binary_info.c.obj
 *(.binary_info.*)
 .binary_info.__bi_ptr188
                0x0000000010004bec        0x4 CMakeFiles/carrier_CC2500.dir/Users/wenya589/TA_courses/wcnes_project/2023/pico/pico-sdk/src/rp2_common/pico_stdio_usb/stdio_usb.c.obj
                0x0000000010004bf0                __binary_info_end = .
                0x0000000010004bf0                . = ALIGN (0x4)
                0x0000000010004bf0                __etext = .

.ram_vector_table
                0x0000000020000000       0xc0
 *(.ram_vector_table)
 .ram_vector_table
                0x0000000020000000       0xc0 CMakeFiles/carrier_CC2500.dir/Users/wenya589/TA_courses/wcnes_project/2023/pico/pico-sdk/src/rp2_common/pico_runtime/runtime.c.obj
                0x0000000020000000                ram_vector_table

.data           0x00000000200000c0      0xeb0 load address 0x0000000010004bf0
                0x00000000200000c0                __data_start__ = .
 *(vtable)
 *(.time_critical*)
 .time_critical.mutex_try_enter
                0x00000000200000c0       0x40 CMakeFiles/carrier_CC2500.dir/Users/wenya589/TA_courses/wcnes_project/2023/pico/pico-sdk/src/common/pico_sync/mutex.c.obj
                0x00000000200000c0                mutex_try_enter
 .time_critical.mutex_try_enter_block_until
                0x0000000020000100       0x9c CMakeFiles/carrier_CC2500.dir/Users/wenya589/TA_courses/wcnes_project/2023/pico/pico-sdk/src/common/pico_sync/mutex.c.obj
                0x0000000020000100                mutex_try_enter_block_until
 .time_critical.mutex_enter_timeout_ms
                0x000000002000019c       0x90 CMakeFiles/carrier_CC2500.dir/Users/wenya589/TA_courses/wcnes_project/2023/pico/pico-sdk/src/common/pico_sync/mutex.c.obj
                0x000000002000019c                mutex_enter_timeout_ms
 .time_critical.mutex_exit
                0x000000002000022c       0x28 CMakeFiles/carrier_CC2500.dir/Users/wenya589/TA_courses/wcnes_project/2023/pico/pico-sdk/src/common/pico_sync/mutex.c.obj
                0x000000002000022c                mutex_exit
 .time_critical.flash_init_boot2_copyout
                0x0000000020000254       0x30 CMakeFiles/carrier_CC2500.dir/Users/wenya589/TA_courses/wcnes_project/2023/pico/pico-sdk/src/rp2_common/hardware_flash/flash.c.obj
 .time_critical.flash_enable_xip_via_boot2
                0x0000000020000284        0xc CMakeFiles/carrier_CC2500.dir/Users/wenya589/TA_courses/wcnes_project/2023/pico/pico-sdk/src/rp2_common/hardware_flash/flash.c.obj
 .time_critical.flash_cs_force
                0x0000000020000290       0x38 CMakeFiles/carrier_CC2500.dir/Users/wenya589/TA_courses/wcnes_project/2023/pico/pico-sdk/src/rp2_common/hardware_flash/flash.c.obj
 .time_critical.flash_do_cmd
                0x00000000200002c8       0xc0 CMakeFiles/carrier_CC2500.dir/Users/wenya589/TA_courses/wcnes_project/2023/pico/pico-sdk/src/rp2_common/hardware_flash/flash.c.obj
                0x00000000200002c8                flash_do_cmd
 .time_critical.reset_non_control_endpoints
                0x0000000020000388       0x68 CMakeFiles/carrier_CC2500.dir/Users/wenya589/TA_courses/wcnes_project/2023/pico/pico-sdk/lib/tinyusb/src/portable/raspberrypi/rp2040/dcd_rp2040.c.obj
 .time_critical.hw_handle_buff_status
                0x00000000200003f0       0xac CMakeFiles/carrier_CC2500.dir/Users/wenya589/TA_courses/wcnes_project/2023/pico/pico-sdk/lib/tinyusb/src/portable/raspberrypi/rp2040/dcd_rp2040.c.obj
 .time_critical.dcd_rp2040_irq
                0x000000002000049c      0x510 CMakeFiles/carrier_CC2500.dir/Users/wenya589/TA_courses/wcnes_project/2023/pico/pico-sdk/lib/tinyusb/src/portable/raspberrypi/rp2040/dcd_rp2040.c.obj
 .time_critical.e15_is_bulkin_ep
                0x00000000200009ac       0x28 CMakeFiles/carrier_CC2500.dir/Users/wenya589/TA_courses/wcnes_project/2023/pico/pico-sdk/lib/tinyusb/src/portable/raspberrypi/rp2040/rp2040_usb.c.obj
 .time_critical.e15_is_critical_frame_period
                0x00000000200009d4       0x34 CMakeFiles/carrier_CC2500.dir/Users/wenya589/TA_courses/wcnes_project/2023/pico/pico-sdk/lib/tinyusb/src/portable/raspberrypi/rp2040/rp2040_usb.c.obj
 .time_critical.prepare_ep_buffer
                0x0000000020000a08       0x6c CMakeFiles/carrier_CC2500.dir/Users/wenya589/TA_courses/wcnes_project/2023/pico/pico-sdk/lib/tinyusb/src/portable/raspberrypi/rp2040/rp2040_usb.c.obj
 .time_critical.sync_ep_buffer
                0x0000000020000a74       0x48 CMakeFiles/carrier_CC2500.dir/Users/wenya589/TA_courses/wcnes_project/2023/pico/pico-sdk/lib/tinyusb/src/portable/raspberrypi/rp2040/rp2040_usb.c.obj
 .time_critical._hw_endpoint_xfer_sync
                0x0000000020000abc       0x28 CMakeFiles/carrier_CC2500.dir/Users/wenya589/TA_courses/wcnes_project/2023/pico/pico-sdk/lib/tinyusb/src/portable/raspberrypi/rp2040/rp2040_usb.c.obj
 .time_critical.hw_endpoint_reset_transfer
                0x0000000020000ae4        0xc CMakeFiles/carrier_CC2500.dir/Users/wenya589/TA_courses/wcnes_project/2023/pico/pico-sdk/lib/tinyusb/src/portable/raspberrypi/rp2040/rp2040_usb.c.obj
                0x0000000020000ae4                hw_endpoint_reset_transfer
 .time_critical._hw_endpoint_buffer_control_update32
                0x0000000020000af0       0x58 CMakeFiles/carrier_CC2500.dir/Users/wenya589/TA_courses/wcnes_project/2023/pico/pico-sdk/lib/tinyusb/src/portable/raspberrypi/rp2040/rp2040_usb.c.obj
                0x0000000020000af0                _hw_endpoint_buffer_control_update32
 .time_critical.hw_endpoint_start_next_buffer
                0x0000000020000b48       0x6c CMakeFiles/carrier_CC2500.dir/Users/wenya589/TA_courses/wcnes_project/2023/pico/pico-sdk/lib/tinyusb/src/portable/raspberrypi/rp2040/rp2040_usb.c.obj
                0x0000000020000b48                hw_endpoint_start_next_buffer
 .time_critical.hw_endpoint_xfer_continue
                0x0000000020000bb4       0x50 CMakeFiles/carrier_CC2500.dir/Users/wenya589/TA_courses/wcnes_project/2023/pico/pico-sdk/lib/tinyusb/src/portable/raspberrypi/rp2040/rp2040_usb.c.obj
                0x0000000020000bb4                hw_endpoint_xfer_continue
 .time_critical.tinyusb
                0x0000000020000c04      0x170 CMakeFiles/carrier_CC2500.dir/Users/wenya589/TA_courses/wcnes_project/2023/pico/pico-sdk/lib/tinyusb/src/device/usbd.c.obj
                0x0000000020000c04                dcd_event_handler
 .time_critical.spi_write_blocking
                0x0000000020000d74       0x4c CMakeFiles/carrier_CC2500.dir/Users/wenya589/TA_courses/wcnes_project/2023/pico/pico-sdk/src/rp2_common/hardware_spi/spi.c.obj
                0x0000000020000d74                spi_write_blocking
 *(.text*)
 .text          0x0000000020000dc0        0x4 /Applications/ArmGNUToolchain/12.2.rel1/arm-none-eabi/bin/../lib/gcc/arm-none-eabi/12.2.1/thumb/v6-m/nofp/libgcc.a(_dvmd_tls.o)
                0x0000000020000dc0                __aeabi_ldiv0
                0x0000000020000dc0                __aeabi_idiv0
 *fill*         0x0000000020000dc4        0x4 
 .text.__stub   0x0000000020000dc8       0x70 linker stubs
                0x0000000020000e38                . = ALIGN (0x4)
 *(.rodata*)
                0x0000000020000e38                . = ALIGN (0x4)
 *(.data*)
 .data.TX_power
                0x0000000020000e38       0x24 CMakeFiles/carrier_CC2500.dir/carrier_CC2500.c.obj
                0x0000000020000e38                TX_power
 .data.cc2500_unmodulated_2450MHz
                0x0000000020000e5c       0x20 CMakeFiles/carrier_CC2500.dir/carrier_CC2500.c.obj
                0x0000000020000e5c                cc2500_unmodulated_2450MHz
 .data.striped_spin_lock_num
                0x0000000020000e7c        0x1 CMakeFiles/carrier_CC2500.dir/Users/wenya589/TA_courses/wcnes_project/2023/pico/pico-sdk/src/rp2_common/hardware_sync/sync.c.obj
 *fill*         0x0000000020000e7d        0x3 
 .data          0x0000000020000e80       0x48 CMakeFiles/carrier_CC2500.dir/Users/wenya589/TA_courses/wcnes_project/2023/pico/pico-sdk/src/rp2_common/hardware_irq/irq_handler_chain.S.obj
                0x0000000020000e80                irq_handler_chain_slots
                0x0000000020000eb0                irq_handler_chain_first_slot
                0x0000000020000eba                irq_handler_chain_remove_tail
 .data.default_alarm_pool
                0x0000000020000ec8       0x18 CMakeFiles/carrier_CC2500.dir/Users/wenya589/TA_courses/wcnes_project/2023/pico/pico-sdk/src/common/pico_time/time.c.obj
 .data.default_alarm_pool_heap
                0x0000000020000ee0       0x10 CMakeFiles/carrier_CC2500.dir/Users/wenya589/TA_courses/wcnes_project/2023/pico/pico-sdk/src/common/pico_time/time.c.obj
 *fill*         0x0000000020000ef0        0x0 
 .data.aeabi_bits_funcs
                0x0000000020000ef0       0x10 CMakeFiles/carrier_CC2500.dir/Users/wenya589/TA_courses/wcnes_project/2023/pico/pico-sdk/src/rp2_common/pico_bit_ops/bit_ops_aeabi.S.obj
                0x0000000020000ef0                aeabi_bits_funcs
                0x0000000020000f00                aeabi_bits_funcs_end
 .data.aeabi_mem_funcs
                0x0000000020000f00       0x10 CMakeFiles/carrier_CC2500.dir/Users/wenya589/TA_courses/wcnes_project/2023/pico/pico-sdk/src/rp2_common/pico_mem_ops/mem_ops_aeabi.S.obj
                0x0000000020000f00                aeabi_mem_funcs
                0x0000000020000f10                aeabi_mem_funcs_end
 .data.stdio_usb
                0x0000000020000f10       0x18 CMakeFiles/carrier_CC2500.dir/Users/wenya589/TA_courses/wcnes_project/2023/pico/pico-sdk/src/rp2_common/pico_stdio_usb/stdio_usb.c.obj
                0x0000000020000f10                stdio_usb
 .data.ep_dir_string
                0x0000000020000f28        0x8 CMakeFiles/carrier_CC2500.dir/Users/wenya589/TA_courses/wcnes_project/2023/pico/pico-sdk/lib/tinyusb/src/portable/raspberrypi/rp2040/rp2040_usb.c.obj
                0x0000000020000f28                ep_dir_string
 .data._usbd_qdef
                0x0000000020000f30       0x1c CMakeFiles/carrier_CC2500.dir/Users/wenya589/TA_courses/wcnes_project/2023/pico/pico-sdk/lib/tinyusb/src/device/usbd.c.obj
                0x0000000020000f30                _usbd_qdef
 .data._usbd_rhport
                0x0000000020000f4c        0x1 CMakeFiles/carrier_CC2500.dir/Users/wenya589/TA_courses/wcnes_project/2023/pico/pico-sdk/lib/tinyusb/src/device/usbd.c.obj
                0x0000000020000f50                . = ALIGN (0x4)
 *fill*         0x0000000020000f4d        0x3 
 *(.after_data.*)
                0x0000000020000f50                . = ALIGN (0x4)
                0x0000000020000f50                PROVIDE (__mutex_array_start = .)
 *(SORT_BY_NAME(.mutex_array.*))
 *(.mutex_array)
 .mutex_array   0x0000000020000f50        0x8 CMakeFiles/carrier_CC2500.dir/Users/wenya589/TA_courses/wcnes_project/2023/pico/pico-sdk/src/rp2_common/pico_stdio/stdio.c.obj
                0x0000000020000f58                PROVIDE (__mutex_array_end = .)
                0x0000000020000f58                . = ALIGN (0x4)
                0x0000000020000f58                PROVIDE (__preinit_array_start = .)
 *(SORT_BY_NAME(.preinit_array.*))
 .preinit_array.00001
                0x0000000020000f58        0x4 CMakeFiles/carrier_CC2500.dir/Users/wenya589/TA_courses/wcnes_project/2023/pico/pico-sdk/src/rp2_common/pico_mem_ops/mem_ops_aeabi.S.obj
 .preinit_array.00010
                0x0000000020000f5c        0x4 CMakeFiles/carrier_CC2500.dir/Users/wenya589/TA_courses/wcnes_project/2023/pico/pico-sdk/src/rp2_common/pico_bit_ops/bit_ops_aeabi.S.obj
 .preinit_array.00020
                0x0000000020000f60        0x4 CMakeFiles/carrier_CC2500.dir/Users/wenya589/TA_courses/wcnes_project/2023/pico/pico-sdk/src/rp2_common/pico_double/double_aeabi.S.obj
 .preinit_array.00020
                0x0000000020000f64        0x4 CMakeFiles/carrier_CC2500.dir/Users/wenya589/TA_courses/wcnes_project/2023/pico/pico-sdk/src/rp2_common/pico_float/float_aeabi.S.obj
 *(.preinit_array)
                0x0000000020000f68                PROVIDE (__preinit_array_end = .)
                0x0000000020000f68                . = ALIGN (0x4)
                0x0000000020000f68                PROVIDE (__init_array_start = .)
 *(SORT_BY_NAME(.init_array.*))
 *(.init_array)
 .init_array    0x0000000020000f68        0x4 /Applications/ArmGNUToolchain/12.2.rel1/arm-none-eabi/bin/../lib/gcc/arm-none-eabi/12.2.1/thumb/v6-m/nofp/crtbegin.o
 .init_array    0x0000000020000f6c        0x4 CMakeFiles/carrier_CC2500.dir/Users/wenya589/TA_courses/wcnes_project/2023/pico/pico-sdk/src/rp2_common/pico_unique_id/unique_id.c.obj
                0x0000000020000f70                PROVIDE (__init_array_end = .)
                0x0000000020000f70                . = ALIGN (0x4)
                [!provide]                        PROVIDE (__fini_array_start = .)
 *(SORT_BY_NAME(.fini_array.*))
 *(.fini_array)
                [!provide]                        PROVIDE (__fini_array_end = .)
 *(.jcr)
                0x0000000020000f70                . = ALIGN (0x4)
                0x0000000020000f70                __data_end__ = .

.tm_clone_table
                0x0000000020000f70        0x0 load address 0x0000000010005aa0
 .tm_clone_table
                0x0000000020000f70        0x0 /Applications/ArmGNUToolchain/12.2.rel1/arm-none-eabi/bin/../lib/gcc/arm-none-eabi/12.2.1/thumb/v6-m/nofp/crtbegin.o
 .tm_clone_table
                0x0000000020000f70        0x0 /Applications/ArmGNUToolchain/12.2.rel1/arm-none-eabi/bin/../lib/gcc/arm-none-eabi/12.2.1/thumb/v6-m/nofp/crtend.o

.igot.plt       0x0000000020000f70        0x0 load address 0x0000000010005aa0
 .igot.plt      0x0000000020000f70        0x0 /Applications/ArmGNUToolchain/12.2.rel1/arm-none-eabi/bin/../lib/gcc/arm-none-eabi/12.2.1/thumb/v6-m/nofp/crtbegin.o

.uninitialized_data
                0x0000000020000f70        0x0 load address 0x0000000010005aa0
                0x0000000020000f70                . = ALIGN (0x4)
 *(.uninitialized_data*)

.scratch_x      0x0000000020040000        0x0 load address 0x0000000010005aa0
                0x0000000020040000                __scratch_x_start__ = .
 *(.scratch_x.*)
                0x0000000020040000                . = ALIGN (0x4)
                0x0000000020040000                __scratch_x_end__ = .
                0x0000000010005aa0                __scratch_x_source__ = LOADADDR (.scratch_x)

.scratch_y      0x0000000020041000        0x0 load address 0x0000000010005aa0
                0x0000000020041000                __scratch_y_start__ = .
 *(.scratch_y.*)
                0x0000000020041000                . = ALIGN (0x4)
                0x0000000020041000                __scratch_y_end__ = .
                0x0000000010005aa0                __scratch_y_source__ = LOADADDR (.scratch_y)

.bss            0x0000000020000f70      0xd84
                0x0000000020000f70                . = ALIGN (0x4)
                0x0000000020000f70                __bss_start__ = .
 *(SORT_BY_ALIGNMENT(SORT_BY_NAME(.bss*)))
 .bss.configured_freq
                0x0000000020000f70       0x28 CMakeFiles/carrier_CC2500.dir/Users/wenya589/TA_courses/wcnes_project/2023/pico/pico-sdk/src/rp2_common/hardware_clocks/clocks.c.obj
 .bss.default_alarm_pool_entries
                0x0000000020000f98      0x100 CMakeFiles/carrier_CC2500.dir/Users/wenya589/TA_courses/wcnes_project/2023/pico/pico-sdk/src/common/pico_time/time.c.obj
 .bss.last_avail_time.1
                0x0000000020001098        0x8 CMakeFiles/carrier_CC2500.dir/Users/wenya589/TA_courses/wcnes_project/2023/pico/pico-sdk/src/rp2_common/pico_stdio_usb/stdio_usb.c.obj
 .bss.sd_table  0x00000000200010a0      0x100 CMakeFiles/carrier_CC2500.dir/Users/wenya589/TA_courses/wcnes_project/2023/pico/pico-sdk/src/rp2_common/pico_double/double_init_rom.c.obj
                0x00000000200010a0                sd_table
 .bss.sf_table  0x00000000200011a0      0x100 CMakeFiles/carrier_CC2500.dir/Users/wenya589/TA_courses/wcnes_project/2023/pico/pico-sdk/src/rp2_common/pico_float/float_init_rom.c.obj
                0x00000000200011a0                sf_table
 .bss._app_driver
                0x00000000200012a0        0x4 CMakeFiles/carrier_CC2500.dir/Users/wenya589/TA_courses/wcnes_project/2023/pico/pico-sdk/lib/tinyusb/src/device/usbd.c.obj
 .bss._cdcd_itf
                0x00000000200012a4      0x2c8 CMakeFiles/carrier_CC2500.dir/Users/wenya589/TA_courses/wcnes_project/2023/pico/pico-sdk/lib/tinyusb/src/class/cdc/cdc_device.c.obj
 .bss._ctrl_xfer
                0x000000002000156c       0x14 CMakeFiles/carrier_CC2500.dir/Users/wenya589/TA_courses/wcnes_project/2023/pico/pico-sdk/lib/tinyusb/src/device/usbd_control.c.obj
 .bss._ubsd_mutexdef
                0x0000000020001580        0x8 CMakeFiles/carrier_CC2500.dir/Users/wenya589/TA_courses/wcnes_project/2023/pico/pico-sdk/lib/tinyusb/src/device/usbd.c.obj
 .bss._usbd_ctrl_buf
                0x0000000020001588       0x40 CMakeFiles/carrier_CC2500.dir/Users/wenya589/TA_courses/wcnes_project/2023/pico/pico-sdk/lib/tinyusb/src/device/usbd_control.c.obj
 .bss._usbd_dev
                0x00000000200015c8       0x53 CMakeFiles/carrier_CC2500.dir/Users/wenya589/TA_courses/wcnes_project/2023/pico/pico-sdk/lib/tinyusb/src/device/usbd.c.obj
 *fill*         0x000000002000161b        0x1 
 .bss._usbd_mutex
                0x000000002000161c        0x4 CMakeFiles/carrier_CC2500.dir/Users/wenya589/TA_courses/wcnes_project/2023/pico/pico-sdk/lib/tinyusb/src/device/usbd.c.obj
 .bss._usbd_q   0x0000000020001620        0x4 CMakeFiles/carrier_CC2500.dir/Users/wenya589/TA_courses/wcnes_project/2023/pico/pico-sdk/lib/tinyusb/src/device/usbd.c.obj
 .bss._usbd_qdef_buf
                0x0000000020001624       0xc0 CMakeFiles/carrier_CC2500.dir/Users/wenya589/TA_courses/wcnes_project/2023/pico/pico-sdk/lib/tinyusb/src/device/usbd.c.obj
                0x0000000020001624                _usbd_qdef_buf
 .bss.alarm_callbacks
                0x00000000200016e4       0x10 CMakeFiles/carrier_CC2500.dir/Users/wenya589/TA_courses/wcnes_project/2023/pico/pico-sdk/src/rp2_common/hardware_timer/timer.c.obj
 .bss.boot2_copyout
                0x00000000200016f4      0x100 CMakeFiles/carrier_CC2500.dir/Users/wenya589/TA_courses/wcnes_project/2023/pico/pico-sdk/src/rp2_common/hardware_flash/flash.c.obj
 .bss.chars_available_callback
                0x00000000200017f4        0x4 CMakeFiles/carrier_CC2500.dir/Users/wenya589/TA_courses/wcnes_project/2023/pico/pico-sdk/src/rp2_common/pico_stdio_usb/stdio_usb.c.obj
 .bss.chars_available_param
                0x00000000200017f8        0x4 CMakeFiles/carrier_CC2500.dir/Users/wenya589/TA_courses/wcnes_project/2023/pico/pico-sdk/src/rp2_common/pico_stdio_usb/stdio_usb.c.obj
 .bss.claimed   0x00000000200017fc        0x4 CMakeFiles/carrier_CC2500.dir/Users/wenya589/TA_courses/wcnes_project/2023/pico/pico-sdk/src/rp2_common/hardware_sync/sync.c.obj
 .bss.default_alarm_pool_entry_ids_high
                0x0000000020001800       0x10 CMakeFiles/carrier_CC2500.dir/Users/wenya589/TA_courses/wcnes_project/2023/pico/pico-sdk/src/common/pico_time/time.c.obj
 .bss.default_alarm_pool_heap_nodes
                0x0000000020001810       0x30 CMakeFiles/carrier_CC2500.dir/Users/wenya589/TA_courses/wcnes_project/2023/pico/pico-sdk/src/common/pico_time/time.c.obj
 .bss.desc_str.0
                0x0000000020001840       0x28 CMakeFiles/carrier_CC2500.dir/Users/wenya589/TA_courses/wcnes_project/2023/pico/pico-sdk/src/rp2_common/pico_stdio_usb/stdio_usb_descriptors.c.obj
 .bss.drivers   0x0000000020001868        0x4 CMakeFiles/carrier_CC2500.dir/Users/wenya589/TA_courses/wcnes_project/2023/pico/pico-sdk/src/rp2_common/pico_stdio/stdio.c.obj
 .bss.e15_last_sof
                0x000000002000186c        0x4 CMakeFiles/carrier_CC2500.dir/Users/wenya589/TA_courses/wcnes_project/2023/pico/pico-sdk/lib/tinyusb/src/portable/raspberrypi/rp2040/rp2040_usb.c.obj
                0x000000002000186c                e15_last_sof
 .bss.filter    0x0000000020001870        0x4 CMakeFiles/carrier_CC2500.dir/Users/wenya589/TA_courses/wcnes_project/2023/pico/pico-sdk/src/rp2_common/pico_stdio/stdio.c.obj
 .bss.hw_endpoints
                0x0000000020001874      0x400 CMakeFiles/carrier_CC2500.dir/Users/wenya589/TA_courses/wcnes_project/2023/pico/pico-sdk/lib/tinyusb/src/portable/raspberrypi/rp2040/dcd_rp2040.c.obj
 .bss.lazy_vsnprintf
                0x0000000020001c74        0x4 CMakeFiles/carrier_CC2500.dir/Users/wenya589/TA_courses/wcnes_project/2023/pico/pico-sdk/src/rp2_common/pico_printf/printf.c.obj
 .bss.load_value
                0x0000000020001c78        0x4 CMakeFiles/carrier_CC2500.dir/Users/wenya589/TA_courses/wcnes_project/2023/pico/pico-sdk/src/rp2_common/hardware_watchdog/watchdog.c.obj
 .bss.next_buffer_ptr
                0x0000000020001c7c        0x4 CMakeFiles/carrier_CC2500.dir/Users/wenya589/TA_courses/wcnes_project/2023/pico/pico-sdk/lib/tinyusb/src/portable/raspberrypi/rp2040/dcd_rp2040.c.obj
 .bss.object.0  0x0000000020001c80       0x18 /Applications/ArmGNUToolchain/12.2.rel1/arm-none-eabi/bin/../lib/gcc/arm-none-eabi/12.2.1/thumb/v6-m/nofp/crtbegin.o
 .bss.one_shot_timer_crit_sec
                0x0000000020001c98        0x8 CMakeFiles/carrier_CC2500.dir/Users/wenya589/TA_courses/wcnes_project/2023/pico/pico-sdk/src/rp2_common/pico_stdio_usb/stdio_usb.c.obj
 .bss.pools     0x0000000020001ca0       0x10 CMakeFiles/carrier_CC2500.dir/Users/wenya589/TA_courses/wcnes_project/2023/pico/pico-sdk/src/common/pico_time/time.c.obj
 .bss.retrieved_id
                0x0000000020001cb0        0x8 CMakeFiles/carrier_CC2500.dir/Users/wenya589/TA_courses/wcnes_project/2023/pico/pico-sdk/src/rp2_common/pico_unique_id/unique_id.c.obj
 .bss.sf_clz_func
                0x0000000020001cb8        0x4 CMakeFiles/carrier_CC2500.dir/Users/wenya589/TA_courses/wcnes_project/2023/pico/pico-sdk/src/rp2_common/pico_double/double_init_rom.c.obj
                0x0000000020001cb8                sf_clz_func
 .bss.sleep_notifier
                0x0000000020001cbc        0x4 CMakeFiles/carrier_CC2500.dir/Users/wenya589/TA_courses/wcnes_project/2023/pico/pico-sdk/src/common/pico_time/time.c.obj
 .bss.stdio_usb_mutex
                0x0000000020001cc0        0x8 CMakeFiles/carrier_CC2500.dir/Users/wenya589/TA_courses/wcnes_project/2023/pico/pico-sdk/src/rp2_common/pico_stdio_usb/stdio_usb.c.obj
 .bss.target_hi
                0x0000000020001cc8       0x10 CMakeFiles/carrier_CC2500.dir/Users/wenya589/TA_courses/wcnes_project/2023/pico/pico-sdk/src/rp2_common/hardware_timer/timer.c.obj
 .bss.usbd_serial_str
                0x0000000020001cd8       0x11 CMakeFiles/carrier_CC2500.dir/Users/wenya589/TA_courses/wcnes_project/2023/pico/pico-sdk/src/rp2_common/pico_stdio_usb/stdio_usb_descriptors.c.obj
 .bss._app_driver_count
                0x0000000020001ce9        0x1 CMakeFiles/carrier_CC2500.dir/Users/wenya589/TA_courses/wcnes_project/2023/pico/pico-sdk/lib/tinyusb/src/device/usbd.c.obj
 .bss._sof_enable
                0x0000000020001cea        0x1 CMakeFiles/carrier_CC2500.dir/Users/wenya589/TA_courses/wcnes_project/2023/pico/pico-sdk/lib/tinyusb/src/portable/raspberrypi/rp2040/dcd_rp2040.c.obj
 .bss.boot2_copyout_valid
                0x0000000020001ceb        0x1 CMakeFiles/carrier_CC2500.dir/Users/wenya589/TA_courses/wcnes_project/2023/pico/pico-sdk/src/rp2_common/hardware_flash/flash.c.obj
 .bss.claimed   0x0000000020001cec        0x1 CMakeFiles/carrier_CC2500.dir/Users/wenya589/TA_courses/wcnes_project/2023/pico/pico-sdk/src/rp2_common/hardware_timer/timer.c.obj
 .bss.irq_hander_chain_free_slot_head
                0x0000000020001ced        0x1 CMakeFiles/carrier_CC2500.dir/Users/wenya589/TA_courses/wcnes_project/2023/pico/pico-sdk/src/rp2_common/hardware_irq/irq.c.obj
 .bss.itf_num   0x0000000020001cee        0x1 CMakeFiles/carrier_CC2500.dir/Users/wenya589/TA_courses/wcnes_project/2023/pico/pico-sdk/src/rp2_common/pico_stdio_usb/reset_interface.c.obj
 .bss.low_priority_irq_num
                0x0000000020001cef        0x1 CMakeFiles/carrier_CC2500.dir/Users/wenya589/TA_courses/wcnes_project/2023/pico/pico-sdk/src/rp2_common/pico_stdio_usb/stdio_usb.c.obj
 .bss.one_shot_timer_pending
                0x0000000020001cf0        0x1 CMakeFiles/carrier_CC2500.dir/Users/wenya589/TA_courses/wcnes_project/2023/pico/pico-sdk/src/rp2_common/pico_stdio_usb/stdio_usb.c.obj
 .bss.timer_callbacks_pending
                0x0000000020001cf1        0x1 CMakeFiles/carrier_CC2500.dir/Users/wenya589/TA_courses/wcnes_project/2023/pico/pico-sdk/src/rp2_common/hardware_timer/timer.c.obj
 .bss.user_irq_claimed
                0x0000000020001cf2        0x1 CMakeFiles/carrier_CC2500.dir/Users/wenya589/TA_courses/wcnes_project/2023/pico/pico-sdk/src/rp2_common/hardware_irq/irq.c.obj
 *(COMMON)
                0x0000000020001cf4                . = ALIGN (0x4)
 *fill*         0x0000000020001cf3        0x1 
                0x0000000020001cf4                __bss_end__ = .

.heap           0x0000000020001cf4      0x800
                0x0000000020001cf4                __end__ = .
                0x0000000020001cf4                end = __end__
 *(.heap*)
 .heap          0x0000000020001cf4      0x800 CMakeFiles/carrier_CC2500.dir/Users/wenya589/TA_courses/wcnes_project/2023/pico/pico-sdk/src/rp2_common/pico_standard_link/crt0.S.obj
                0x00000000200024f4                __HeapLimit = .

.stack1_dummy
 *(.stack1*)

.stack_dummy    0x0000000020041000      0x800
 *(.stack*)
 .stack         0x0000000020041000      0x800 CMakeFiles/carrier_CC2500.dir/Users/wenya589/TA_courses/wcnes_project/2023/pico/pico-sdk/src/rp2_common/pico_standard_link/crt0.S.obj

.flash_end      0x0000000010005aa0        0x0
                0x0000000010005aa0                __flash_binary_end = .
                0x0000000020040000                __StackLimit = (ORIGIN (RAM) + LENGTH (RAM))
                0x0000000020041000                __StackOneTop = (ORIGIN (SCRATCH_X) + LENGTH (SCRATCH_X))
                0x0000000020042000                __StackTop = (ORIGIN (SCRATCH_Y) + LENGTH (SCRATCH_Y))
                0x0000000020041000                __StackOneBottom = (__StackOneTop - SIZEOF (.stack1_dummy))
                0x0000000020041800                __StackBottom = (__StackTop - SIZEOF (.stack_dummy))
                0x0000000020042000                PROVIDE (__stack = __StackTop)
                0x0000000000000001                ASSERT ((__StackLimit >= __HeapLimit), region RAM overflowed)
                0x0000000000000001                ASSERT (((__binary_info_header_end - __logical_binary_start) <= 0x100), Binary info must be in first 256 bytes of the binary)
LOAD CMakeFiles/carrier_CC2500.dir/carrier_CC2500.c.obj
LOAD CMakeFiles/carrier_CC2500.dir/Users/wenya589/TA_courses/wcnes_project/2023/pico/pico-sdk/src/rp2_common/pico_stdlib/stdlib.c.obj
LOAD CMakeFiles/carrier_CC2500.dir/Users/wenya589/TA_courses/wcnes_project/2023/pico/pico-sdk/src/rp2_common/hardware_gpio/gpio.c.obj
LOAD CMakeFiles/carrier_CC2500.dir/Users/wenya589/TA_courses/wcnes_project/2023/pico/pico-sdk/src/rp2_common/pico_platform/platform.c.obj
LOAD CMakeFiles/carrier_CC2500.dir/Users/wenya589/TA_courses/wcnes_project/2023/pico/pico-sdk/src/rp2_common/hardware_claim/claim.c.obj
LOAD CMakeFiles/carrier_CC2500.dir/Users/wenya589/TA_courses/wcnes_project/2023/pico/pico-sdk/src/rp2_common/hardware_sync/sync.c.obj
LOAD CMakeFiles/carrier_CC2500.dir/Users/wenya589/TA_courses/wcnes_project/2023/pico/pico-sdk/src/rp2_common/hardware_irq/irq.c.obj
LOAD CMakeFiles/carrier_CC2500.dir/Users/wenya589/TA_courses/wcnes_project/2023/pico/pico-sdk/src/rp2_common/hardware_irq/irq_handler_chain.S.obj
LOAD CMakeFiles/carrier_CC2500.dir/Users/wenya589/TA_courses/wcnes_project/2023/pico/pico-sdk/src/common/pico_sync/sem.c.obj
LOAD CMakeFiles/carrier_CC2500.dir/Users/wenya589/TA_courses/wcnes_project/2023/pico/pico-sdk/src/common/pico_sync/lock_core.c.obj
LOAD CMakeFiles/carrier_CC2500.dir/Users/wenya589/TA_courses/wcnes_project/2023/pico/pico-sdk/src/common/pico_sync/mutex.c.obj
LOAD CMakeFiles/carrier_CC2500.dir/Users/wenya589/TA_courses/wcnes_project/2023/pico/pico-sdk/src/common/pico_sync/critical_section.c.obj
LOAD CMakeFiles/carrier_CC2500.dir/Users/wenya589/TA_courses/wcnes_project/2023/pico/pico-sdk/src/common/pico_time/time.c.obj
LOAD CMakeFiles/carrier_CC2500.dir/Users/wenya589/TA_courses/wcnes_project/2023/pico/pico-sdk/src/common/pico_time/timeout_helper.c.obj
LOAD CMakeFiles/carrier_CC2500.dir/Users/wenya589/TA_courses/wcnes_project/2023/pico/pico-sdk/src/rp2_common/hardware_timer/timer.c.obj
LOAD CMakeFiles/carrier_CC2500.dir/Users/wenya589/TA_courses/wcnes_project/2023/pico/pico-sdk/src/common/pico_util/datetime.c.obj
LOAD CMakeFiles/carrier_CC2500.dir/Users/wenya589/TA_courses/wcnes_project/2023/pico/pico-sdk/src/common/pico_util/pheap.c.obj
LOAD CMakeFiles/carrier_CC2500.dir/Users/wenya589/TA_courses/wcnes_project/2023/pico/pico-sdk/src/common/pico_util/queue.c.obj
LOAD CMakeFiles/carrier_CC2500.dir/Users/wenya589/TA_courses/wcnes_project/2023/pico/pico-sdk/src/rp2_common/hardware_uart/uart.c.obj
LOAD CMakeFiles/carrier_CC2500.dir/Users/wenya589/TA_courses/wcnes_project/2023/pico/pico-sdk/src/rp2_common/hardware_clocks/clocks.c.obj
LOAD CMakeFiles/carrier_CC2500.dir/Users/wenya589/TA_courses/wcnes_project/2023/pico/pico-sdk/src/rp2_common/hardware_pll/pll.c.obj
LOAD CMakeFiles/carrier_CC2500.dir/Users/wenya589/TA_courses/wcnes_project/2023/pico/pico-sdk/src/rp2_common/hardware_vreg/vreg.c.obj
LOAD CMakeFiles/carrier_CC2500.dir/Users/wenya589/TA_courses/wcnes_project/2023/pico/pico-sdk/src/rp2_common/hardware_watchdog/watchdog.c.obj
LOAD CMakeFiles/carrier_CC2500.dir/Users/wenya589/TA_courses/wcnes_project/2023/pico/pico-sdk/src/rp2_common/hardware_xosc/xosc.c.obj
LOAD CMakeFiles/carrier_CC2500.dir/Users/wenya589/TA_courses/wcnes_project/2023/pico/pico-sdk/src/rp2_common/hardware_divider/divider.S.obj
LOAD CMakeFiles/carrier_CC2500.dir/Users/wenya589/TA_courses/wcnes_project/2023/pico/pico-sdk/src/rp2_common/pico_runtime/runtime.c.obj
LOAD CMakeFiles/carrier_CC2500.dir/Users/wenya589/TA_courses/wcnes_project/2023/pico/pico-sdk/src/rp2_common/pico_printf/printf.c.obj
LOAD CMakeFiles/carrier_CC2500.dir/Users/wenya589/TA_courses/wcnes_project/2023/pico/pico-sdk/src/rp2_common/pico_bit_ops/bit_ops_aeabi.S.obj
LOAD CMakeFiles/carrier_CC2500.dir/Users/wenya589/TA_courses/wcnes_project/2023/pico/pico-sdk/src/rp2_common/pico_bootrom/bootrom.c.obj
LOAD CMakeFiles/carrier_CC2500.dir/Users/wenya589/TA_courses/wcnes_project/2023/pico/pico-sdk/src/rp2_common/pico_divider/divider.S.obj
LOAD CMakeFiles/carrier_CC2500.dir/Users/wenya589/TA_courses/wcnes_project/2023/pico/pico-sdk/src/rp2_common/pico_double/double_aeabi.S.obj
LOAD CMakeFiles/carrier_CC2500.dir/Users/wenya589/TA_courses/wcnes_project/2023/pico/pico-sdk/src/rp2_common/pico_double/double_init_rom.c.obj
LOAD CMakeFiles/carrier_CC2500.dir/Users/wenya589/TA_courses/wcnes_project/2023/pico/pico-sdk/src/rp2_common/pico_double/double_math.c.obj
LOAD CMakeFiles/carrier_CC2500.dir/Users/wenya589/TA_courses/wcnes_project/2023/pico/pico-sdk/src/rp2_common/pico_double/double_v1_rom_shim.S.obj
LOAD CMakeFiles/carrier_CC2500.dir/Users/wenya589/TA_courses/wcnes_project/2023/pico/pico-sdk/src/rp2_common/pico_int64_ops/pico_int64_ops_aeabi.S.obj
LOAD CMakeFiles/carrier_CC2500.dir/Users/wenya589/TA_courses/wcnes_project/2023/pico/pico-sdk/src/rp2_common/pico_float/float_aeabi.S.obj
LOAD CMakeFiles/carrier_CC2500.dir/Users/wenya589/TA_courses/wcnes_project/2023/pico/pico-sdk/src/rp2_common/pico_float/float_init_rom.c.obj
LOAD CMakeFiles/carrier_CC2500.dir/Users/wenya589/TA_courses/wcnes_project/2023/pico/pico-sdk/src/rp2_common/pico_float/float_math.c.obj
LOAD CMakeFiles/carrier_CC2500.dir/Users/wenya589/TA_courses/wcnes_project/2023/pico/pico-sdk/src/rp2_common/pico_float/float_v1_rom_shim.S.obj
LOAD CMakeFiles/carrier_CC2500.dir/Users/wenya589/TA_courses/wcnes_project/2023/pico/pico-sdk/src/rp2_common/pico_malloc/pico_malloc.c.obj
LOAD CMakeFiles/carrier_CC2500.dir/Users/wenya589/TA_courses/wcnes_project/2023/pico/pico-sdk/src/rp2_common/pico_mem_ops/mem_ops_aeabi.S.obj
LOAD CMakeFiles/carrier_CC2500.dir/Users/wenya589/TA_courses/wcnes_project/2023/pico/pico-sdk/src/rp2_common/pico_standard_link/crt0.S.obj
LOAD CMakeFiles/carrier_CC2500.dir/Users/wenya589/TA_courses/wcnes_project/2023/pico/pico-sdk/src/rp2_common/pico_standard_link/new_delete.cpp.obj
LOAD CMakeFiles/carrier_CC2500.dir/Users/wenya589/TA_courses/wcnes_project/2023/pico/pico-sdk/src/rp2_common/pico_standard_link/binary_info.c.obj
LOAD CMakeFiles/carrier_CC2500.dir/Users/wenya589/TA_courses/wcnes_project/2023/pico/pico-sdk/src/rp2_common/pico_stdio/stdio.c.obj
LOAD CMakeFiles/carrier_CC2500.dir/Users/wenya589/TA_courses/wcnes_project/2023/pico/pico-sdk/src/rp2_common/pico_stdio_usb/reset_interface.c.obj
LOAD CMakeFiles/carrier_CC2500.dir/Users/wenya589/TA_courses/wcnes_project/2023/pico/pico-sdk/src/rp2_common/pico_stdio_usb/stdio_usb.c.obj
LOAD CMakeFiles/carrier_CC2500.dir/Users/wenya589/TA_courses/wcnes_project/2023/pico/pico-sdk/src/rp2_common/pico_stdio_usb/stdio_usb_descriptors.c.obj
LOAD CMakeFiles/carrier_CC2500.dir/Users/wenya589/TA_courses/wcnes_project/2023/pico/pico-sdk/src/rp2_common/pico_unique_id/unique_id.c.obj
LOAD CMakeFiles/carrier_CC2500.dir/Users/wenya589/TA_courses/wcnes_project/2023/pico/pico-sdk/src/rp2_common/hardware_flash/flash.c.obj
LOAD CMakeFiles/carrier_CC2500.dir/Users/wenya589/TA_courses/wcnes_project/2023/pico/pico-sdk/lib/tinyusb/src/portable/raspberrypi/rp2040/dcd_rp2040.c.obj
LOAD CMakeFiles/carrier_CC2500.dir/Users/wenya589/TA_courses/wcnes_project/2023/pico/pico-sdk/lib/tinyusb/src/portable/raspberrypi/rp2040/rp2040_usb.c.obj
LOAD CMakeFiles/carrier_CC2500.dir/Users/wenya589/TA_courses/wcnes_project/2023/pico/pico-sdk/lib/tinyusb/src/device/usbd.c.obj
LOAD CMakeFiles/carrier_CC2500.dir/Users/wenya589/TA_courses/wcnes_project/2023/pico/pico-sdk/lib/tinyusb/src/device/usbd_control.c.obj
LOAD CMakeFiles/carrier_CC2500.dir/Users/wenya589/TA_courses/wcnes_project/2023/pico/pico-sdk/lib/tinyusb/src/class/audio/audio_device.c.obj
LOAD CMakeFiles/carrier_CC2500.dir/Users/wenya589/TA_courses/wcnes_project/2023/pico/pico-sdk/lib/tinyusb/src/class/cdc/cdc_device.c.obj
LOAD CMakeFiles/carrier_CC2500.dir/Users/wenya589/TA_courses/wcnes_project/2023/pico/pico-sdk/lib/tinyusb/src/class/dfu/dfu_device.c.obj
LOAD CMakeFiles/carrier_CC2500.dir/Users/wenya589/TA_courses/wcnes_project/2023/pico/pico-sdk/lib/tinyusb/src/class/dfu/dfu_rt_device.c.obj
LOAD CMakeFiles/carrier_CC2500.dir/Users/wenya589/TA_courses/wcnes_project/2023/pico/pico-sdk/lib/tinyusb/src/class/hid/hid_device.c.obj
LOAD CMakeFiles/carrier_CC2500.dir/Users/wenya589/TA_courses/wcnes_project/2023/pico/pico-sdk/lib/tinyusb/src/class/midi/midi_device.c.obj
LOAD CMakeFiles/carrier_CC2500.dir/Users/wenya589/TA_courses/wcnes_project/2023/pico/pico-sdk/lib/tinyusb/src/class/msc/msc_device.c.obj
LOAD CMakeFiles/carrier_CC2500.dir/Users/wenya589/TA_courses/wcnes_project/2023/pico/pico-sdk/lib/tinyusb/src/class/net/ecm_rndis_device.c.obj
LOAD CMakeFiles/carrier_CC2500.dir/Users/wenya589/TA_courses/wcnes_project/2023/pico/pico-sdk/lib/tinyusb/src/class/net/ncm_device.c.obj
LOAD CMakeFiles/carrier_CC2500.dir/Users/wenya589/TA_courses/wcnes_project/2023/pico/pico-sdk/lib/tinyusb/src/class/usbtmc/usbtmc_device.c.obj
LOAD CMakeFiles/carrier_CC2500.dir/Users/wenya589/TA_courses/wcnes_project/2023/pico/pico-sdk/lib/tinyusb/src/class/vendor/vendor_device.c.obj
LOAD CMakeFiles/carrier_CC2500.dir/Users/wenya589/TA_courses/wcnes_project/2023/pico/pico-sdk/lib/tinyusb/src/class/video/video_device.c.obj
LOAD CMakeFiles/carrier_CC2500.dir/Users/wenya589/TA_courses/wcnes_project/2023/pico/pico-sdk/lib/tinyusb/src/tusb.c.obj
LOAD CMakeFiles/carrier_CC2500.dir/Users/wenya589/TA_courses/wcnes_project/2023/pico/pico-sdk/lib/tinyusb/src/common/tusb_fifo.c.obj
LOAD CMakeFiles/carrier_CC2500.dir/Users/wenya589/TA_courses/wcnes_project/2023/pico/pico-sdk/src/rp2_common/pico_fix/rp2040_usb_device_enumeration/rp2040_usb_device_enumeration.c.obj
LOAD CMakeFiles/carrier_CC2500.dir/Users/wenya589/TA_courses/wcnes_project/2023/pico/pico-sdk/src/rp2_common/hardware_spi/spi.c.obj
LOAD /var/folders/y7/s8r49lvj1y7ckvhcx7d8jbbr0000gn/T//cc2y45of.o
LOAD /Applications/ArmGNUToolchain/12.2.rel1/arm-none-eabi/bin/../lib/gcc/arm-none-eabi/12.2.1/../../../../arm-none-eabi/lib/thumb/v6-m/nofp/libstdc++.a
LOAD /Applications/ArmGNUToolchain/12.2.rel1/arm-none-eabi/bin/../lib/gcc/arm-none-eabi/12.2.1/../../../../arm-none-eabi/lib/thumb/v6-m/nofp/libm.a
START GROUP
LOAD /Applications/ArmGNUToolchain/12.2.rel1/arm-none-eabi/bin/../lib/gcc/arm-none-eabi/12.2.1/thumb/v6-m/nofp/libgcc.a
LOAD /Applications/ArmGNUToolchain/12.2.rel1/arm-none-eabi/bin/../lib/gcc/arm-none-eabi/12.2.1/../../../../arm-none-eabi/lib/thumb/v6-m/nofp/libc.a
END GROUP
START GROUP
LOAD /Applications/ArmGNUToolchain/12.2.rel1/arm-none-eabi/bin/../lib/gcc/arm-none-eabi/12.2.1/thumb/v6-m/nofp/libgcc.a
LOAD /Applications/ArmGNUToolchain/12.2.rel1/arm-none-eabi/bin/../lib/gcc/arm-none-eabi/12.2.1/../../../../arm-none-eabi/lib/thumb/v6-m/nofp/libc.a
LOAD /Applications/ArmGNUToolchain/12.2.rel1/arm-none-eabi/bin/../lib/gcc/arm-none-eabi/12.2.1/../../../../arm-none-eabi/lib/thumb/v6-m/nofp/libnosys.a
END GROUP
LOAD /Applications/ArmGNUToolchain/12.2.rel1/arm-none-eabi/bin/../lib/gcc/arm-none-eabi/12.2.1/thumb/v6-m/nofp/crtend.o