Archive member included to satisfy reference by file (symbol)

/Applications/ArmGNUToolchain/12.2.rel1/arm-none-eabi/bin/../lib/gcc/arm-none-eabi/12.2.1/thumb/v6-m/nofp/libgcc.a(_dvmd_tls.o)
                              CMakeFiles/receiver_CC2500.dir/Users/wenya589/TA_courses/wcnes_project/2023/pico/pico-sdk/src/rp2_common/pico_divider/divider.S.obj (__aeabi_idiv0)
/Applications/ArmGNUToolchain/12.2.rel1/arm-none-eabi/bin/../lib/gcc/arm-none-eabi/12.2.1/../../../../arm-none-eabi/lib/thumb/v6-m/nofp/libc.a(libc_a-calloc.o)
                              CMakeFiles/receiver_CC2500.dir/Users/wenya589/TA_courses/wcnes_project/2023/pico/pico-sdk/src/rp2_common/pico_malloc/pico_malloc.c.obj (calloc)
/Applications/ArmGNUToolchain/12.2.rel1/arm-none-eabi/bin/../lib/gcc/arm-none-eabi/12.2.1/../../../../arm-none-eabi/lib/thumb/v6-m/nofp/libc.a(libc_a-callocr.o)
                              /Applications/ArmGNUToolchain/12.2.rel1/arm-none-eabi/bin/../lib/gcc/arm-none-eabi/12.2.1/../../../../arm-none-eabi/lib/thumb/v6-m/nofp/libc.a(libc_a-calloc.o) (_calloc_r)
/Applications/ArmGNUToolchain/12.2.rel1/arm-none-eabi/bin/../lib/gcc/arm-none-eabi/12.2.1/../../../../arm-none-eabi/lib/thumb/v6-m/nofp/libc.a(libc_a-malloc.o)
                              CMakeFiles/receiver_CC2500.dir/Users/wenya589/TA_courses/wcnes_project/2023/pico/pico-sdk/src/rp2_common/pico_malloc/pico_malloc.c.obj (malloc)
/Applications/ArmGNUToolchain/12.2.rel1/arm-none-eabi/bin/../lib/gcc/arm-none-eabi/12.2.1/../../../../arm-none-eabi/lib/thumb/v6-m/nofp/libc.a(libc_a-mallocr.o)
                              /Applications/ArmGNUToolchain/12.2.rel1/arm-none-eabi/bin/../lib/gcc/arm-none-eabi/12.2.1/../../../../arm-none-eabi/lib/thumb/v6-m/nofp/libc.a(libc_a-callocr.o) (_malloc_r)
/Applications/ArmGNUToolchain/12.2.rel1/arm-none-eabi/bin/../lib/gcc/arm-none-eabi/12.2.1/../../../../arm-none-eabi/lib/thumb/v6-m/nofp/libc.a(libc_a-mlock.o)
                              /Applications/ArmGNUToolchain/12.2.rel1/arm-none-eabi/bin/../lib/gcc/arm-none-eabi/12.2.1/../../../../arm-none-eabi/lib/thumb/v6-m/nofp/libc.a(libc_a-mallocr.o) (__malloc_lock)
/Applications/ArmGNUToolchain/12.2.rel1/arm-none-eabi/bin/../lib/gcc/arm-none-eabi/12.2.1/../../../../arm-none-eabi/lib/thumb/v6-m/nofp/libc.a(libc_a-realloc.o)
                              CMakeFiles/receiver_CC2500.dir/Users/wenya589/TA_courses/wcnes_project/2023/pico/pico-sdk/src/rp2_common/pico_malloc/pico_malloc.c.obj (realloc)
/Applications/ArmGNUToolchain/12.2.rel1/arm-none-eabi/bin/../lib/gcc/arm-none-eabi/12.2.1/../../../../arm-none-eabi/lib/thumb/v6-m/nofp/libc.a(libc_a-reallocr.o)
                              /Applications/ArmGNUToolchain/12.2.rel1/arm-none-eabi/bin/../lib/gcc/arm-none-eabi/12.2.1/../../../../arm-none-eabi/lib/thumb/v6-m/nofp/libc.a(libc_a-realloc.o) (_realloc_r)
/Applications/ArmGNUToolchain/12.2.rel1/arm-none-eabi/bin/../lib/gcc/arm-none-eabi/12.2.1/../../../../arm-none-eabi/lib/thumb/v6-m/nofp/libc.a(libc_a-memmove.o)
                              /Applications/ArmGNUToolchain/12.2.rel1/arm-none-eabi/bin/../lib/gcc/arm-none-eabi/12.2.1/../../../../arm-none-eabi/lib/thumb/v6-m/nofp/libc.a(libc_a-reallocr.o) (memmove)
/Applications/ArmGNUToolchain/12.2.rel1/arm-none-eabi/bin/../lib/gcc/arm-none-eabi/12.2.1/../../../../arm-none-eabi/lib/thumb/v6-m/nofp/libc.a(libc_a-impure.o)
                              /Applications/ArmGNUToolchain/12.2.rel1/arm-none-eabi/bin/../lib/gcc/arm-none-eabi/12.2.1/../../../../arm-none-eabi/lib/thumb/v6-m/nofp/libc.a(libc_a-calloc.o) (_impure_ptr)
/Applications/ArmGNUToolchain/12.2.rel1/arm-none-eabi/bin/../lib/gcc/arm-none-eabi/12.2.1/../../../../arm-none-eabi/lib/thumb/v6-m/nofp/libc.a(libc_a-sbrkr.o)
                              /Applications/ArmGNUToolchain/12.2.rel1/arm-none-eabi/bin/../lib/gcc/arm-none-eabi/12.2.1/../../../../arm-none-eabi/lib/thumb/v6-m/nofp/libc.a(libc_a-mallocr.o) (_sbrk_r)
/Applications/ArmGNUToolchain/12.2.rel1/arm-none-eabi/bin/../lib/gcc/arm-none-eabi/12.2.1/../../../../arm-none-eabi/lib/thumb/v6-m/nofp/libc.a(libc_a-errno.o)
                              /Applications/ArmGNUToolchain/12.2.rel1/arm-none-eabi/bin/../lib/gcc/arm-none-eabi/12.2.1/../../../../arm-none-eabi/lib/thumb/v6-m/nofp/libc.a(libc_a-callocr.o) (__errno)
/Applications/ArmGNUToolchain/12.2.rel1/arm-none-eabi/bin/../lib/gcc/arm-none-eabi/12.2.1/../../../../arm-none-eabi/lib/thumb/v6-m/nofp/libc.a(libc_a-sysconf.o)
                              /Applications/ArmGNUToolchain/12.2.rel1/arm-none-eabi/bin/../lib/gcc/arm-none-eabi/12.2.1/../../../../arm-none-eabi/lib/thumb/v6-m/nofp/libc.a(libc_a-mallocr.o) (sysconf)
/Applications/ArmGNUToolchain/12.2.rel1/arm-none-eabi/bin/../lib/gcc/arm-none-eabi/12.2.1/../../../../arm-none-eabi/lib/thumb/v6-m/nofp/libc.a(libc_a-init.o)
                              /Applications/ArmGNUToolchain/12.2.rel1/arm-none-eabi/bin/../lib/gcc/arm-none-eabi/12.2.1/../../../../arm-none-eabi/lib/thumb/v6-m/nofp/crt0.o (__libc_init_array)
[...]
Memory Configuration

Name             Origin             Length             Attributes
FLASH            0x0000000010000000 0x0000000000200000 xr
RAM              0x0000000020000000 0x0000000000040000 xrw
SCRATCH_X        0x0000000020040000 0x0000000000001000 xrw
SCRATCH_Y        0x0000000020041000 0x0000000000001000 xrw
*default*        0x0000000000000000 0xffffffffffffffff

Linker script and memory map

LOAD /Applications/ArmGNUToolchain/12.2.rel1/arm-none-eabi/bin/../lib/gcc/arm-none-eabi/12.2.1/thumb/v6-m/nofp/crti.o
LOAD /Applications/ArmGNUToolchain/12.2.rel1/arm-none-eabi/bin/../lib/gcc/arm-none-eabi/12.2.1/thumb/v6-m/nofp/crtbegin.o
LOAD /Applications/ArmGNUToolchain/12.2.rel1/arm-none-eabi/bin/../lib/gcc/arm-none-eabi/12.2.1/../../../../arm-none-eabi/lib/thumb/v6-m/nofp/crt0.o

.flash_begin    0x0000000010000000        0x0
                0x0000000010000000                __flash_binary_start = .

.boot2          0x0000000010000000      0x100
                0x0000000010000000                __boot2_start__ = .
 *(.boot2)
 .boot2         0x0000000010000000      0x100 /var/folders/y7/s8r49lvj1y7ckvhcx7d8jbbr0000gn/T//ccwsU1nr.o
                0x0000000010000100                __boot2_end__ = .
                0x0000000000000001                ASSERT (((__boot2_end__ - __boot2_start__) == 0x100), ERROR: Pico second stage bootloader must be 256 bytes in size)

.text           0x0000000010000100     0x7b88
                0x0000000010000100                __logical_binary_start = .
 *(.vectors)
 .vectors       0x0000000010000100       0xd4 CMakeFiles/receiver_CC2500.dir/Users/wenya589/TA_courses/wcnes_project/2023/pico/pico-sdk/src/rp2_common/pico_standard_link/crt0.S.obj
                0x0000000010000100                __VECTOR_TABLE
                0x0000000010000100                __vectors
                0x00000000100001c0                __default_isrs_start
                0x00000000100001c0                isr_invalid
                0x00000000100001c2                isr_nmi
                0x00000000100001c4                isr_hardfault
                0x00000000100001c6                isr_svcall
                0x00000000100001c8                isr_pendsv
                0x00000000100001ca                isr_systick
                0x00000000100001cc                isr_irq28
                0x00000000100001cc                isr_irq19
                0x00000000100001cc                isr_irq0
                0x00000000100001cc                isr_irq6
                0x00000000100001cc                isr_irq22
                0x00000000100001cc                isr_irq17
                0x00000000100001cc                isr_irq14
                0x00000000100001cc                isr_irq2
                0x00000000100001cc                isr_irq10
                0x00000000100001cc                isr_irq8
                0x00000000100001cc                isr_irq24
                0x00000000100001cc                isr_irq1
                0x00000000100001cc                isr_irq7
                0x00000000100001cc                isr_irq21
                0x00000000100001cc                isr_irq20
                0x00000000100001cc                isr_irq15
                0x00000000100001cc                isr_irq25
                0x00000000100001cc                isr_irq4
                0x00000000100001cc                isr_irq16
                0x00000000100001cc                isr_irq29
                0x00000000100001cc                isr_irq26
                0x00000000100001cc                __default_isrs_end
                0x00000000100001cc                isr_irq3
                0x00000000100001cc                isr_irq9
                0x00000000100001cc                __unhandled_user_irq
                0x00000000100001cc                isr_irq13
                0x00000000100001cc                isr_irq27
                0x00000000100001cc                isr_irq31
                0x00000000100001cc                isr_irq5
                0x00000000100001cc                isr_irq11
                0x00000000100001cc                isr_irq23
                0x00000000100001cc                isr_irq18
                0x00000000100001cc                isr_irq30
                0x00000000100001cc                isr_irq12
                0x00000000100001d2                unhandled_user_irq_num_in_r0
 *(.binary_info_header)
 .binary_info_header
                0x00000000100001d4       0x14 CMakeFiles/receiver_CC2500.dir/Users/wenya589/TA_courses/wcnes_project/2023/pico/pico-sdk/src/rp2_common/pico_standard_link/crt0.S.obj
                0x00000000100001e8                __binary_info_header_end = .
 *(.reset)
 .reset         0x00000000100001e8       0xa0 CMakeFiles/receiver_CC2500.dir/Users/wenya589/TA_courses/wcnes_project/2023/pico/pico-sdk/src/rp2_common/pico_standard_link/crt0.S.obj
                0x00000000100001e8                _entry_point
 .reset         0x0000000010000288       0x30 CMakeFiles/receiver_CC2500.dir/Users/wenya589/TA_courses/wcnes_project/2023/pico/pico-sdk/src/rp2_common/pico_standard_link/binary_info.c.obj
 *(.init)
 .init          0x00000000100002b8        0x4 /Applications/ArmGNUToolchain/12.2.rel1/arm-none-eabi/bin/../lib/gcc/arm-none-eabi/12.2.1/thumb/v6-m/nofp/crti.o
                0x00000000100002b8                _init
 *(EXCLUDE_FILE(*libm.a: *libc.a:*lib_a-mem*.o *libgcc.a:) .text*)
 .text.register_tm_clones
                0x00000000100002bc       0x28 /Applications/ArmGNUToolchain/12.2.rel1/arm-none-eabi/bin/../lib/gcc/arm-none-eabi/12.2.1/thumb/v6-m/nofp/crtbegin.o
 .text.frame_dummy
                0x00000000100002e4       0x24 /Applications/ArmGNUToolchain/12.2.rel1/arm-none-eabi/bin/../lib/gcc/arm-none-eabi/12.2.1/thumb/v6-m/nofp/crtbegin.o
 .text.write_strobe
                0x0000000010000308       0x44 CMakeFiles/receiver_CC2500.dir/receiver_CC2500.c.obj
 .text.receiver_isr
                0x000000001000034c       0x38 CMakeFiles/receiver_CC2500.dir/receiver_CC2500.c.obj
                0x000000001000034c                receiver_isr
 .text.readPacket
                0x0000000010000384      0x108 CMakeFiles/receiver_CC2500.dir/receiver_CC2500.c.obj
                0x0000000010000384                readPacket
 .text.startup.main
                0x000000001000048c      0x320 CMakeFiles/receiver_CC2500.dir/receiver_CC2500.c.obj
                0x000000001000048c                main
 .text.gpio_default_irq_handler
                0x00000000100007ac      0x204 CMakeFiles/receiver_CC2500.dir/Users/wenya589/TA_courses/wcnes_project/2023/pico/pico-sdk/src/rp2_common/hardware_gpio/gpio.c.obj
 .text.gpio_set_function
                0x00000000100009b0       0x30 CMakeFiles/receiver_CC2500.dir/Users/wenya589/TA_courses/wcnes_project/2023/pico/pico-sdk/src/rp2_common/hardware_gpio/gpio.c.obj
                0x00000000100009b0                gpio_set_function
 .text.gpio_set_irq_enabled_with_callback
                0x00000000100009e0       0xc4 CMakeFiles/receiver_CC2500.dir/Users/wenya589/TA_courses/wcnes_project/2023/pico/pico-sdk/src/rp2_common/hardware_gpio/gpio.c.obj
                0x00000000100009e0                gpio_set_irq_enabled_with_callback
 .text.gpio_init
                0x0000000010000aa4       0x3c CMakeFiles/receiver_CC2500.dir/Users/wenya589/TA_courses/wcnes_project/2023/pico/pico-sdk/src/rp2_common/hardware_gpio/gpio.c.obj
                0x0000000010000aa4                gpio_init
 .text.running_on_fpga
                0x0000000010000ae0       0x10 CMakeFiles/receiver_CC2500.dir/Users/wenya589/TA_courses/wcnes_project/2023/pico/pico-sdk/src/rp2_common/pico_platform/platform.c.obj
                0x0000000010000ae0                running_on_fpga
 .text.hw_claim_or_assert
                0x0000000010000af0       0x44 CMakeFiles/receiver_CC2500.dir/Users/wenya589/TA_courses/wcnes_project/2023/pico/pico-sdk/src/rp2_common/hardware_claim/claim.c.obj
                0x0000000010000af0                hw_claim_or_assert
 .text.hw_claim_unused_from_range
                0x0000000010000b34       0x9c CMakeFiles/receiver_CC2500.dir/Users/wenya589/TA_courses/wcnes_project/2023/pico/pico-sdk/src/rp2_common/hardware_claim/claim.c.obj
                0x0000000010000b34                hw_claim_unused_from_range
 .text.spin_locks_reset
                0x0000000010000bd0       0x1c CMakeFiles/receiver_CC2500.dir/Users/wenya589/TA_courses/wcnes_project/2023/pico/pico-sdk/src/rp2_common/hardware_sync/sync.c.obj
                0x0000000010000bd0                spin_locks_reset
 .text.next_striped_spin_lock_num
                0x0000000010000bec       0x18 CMakeFiles/receiver_CC2500.dir/Users/wenya589/TA_courses/wcnes_project/2023/pico/pico-sdk/src/rp2_common/hardware_sync/sync.c.obj
                0x0000000010000bec                next_striped_spin_lock_num
 .text.spin_lock_claim_unused
                0x0000000010000c04       0x24 CMakeFiles/receiver_CC2500.dir/Users/wenya589/TA_courses/wcnes_project/2023/pico/pico-sdk/src/rp2_common/hardware_sync/sync.c.obj
                0x0000000010000c04                spin_lock_claim_unused
 .text.irq_set_enabled
                0x0000000010000c28       0x24 CMakeFiles/receiver_CC2500.dir/Users/wenya589/TA_courses/wcnes_project/2023/pico/pico-sdk/src/rp2_common/hardware_irq/irq.c.obj
                0x0000000010000c28                irq_set_enabled
 .text.irq_set_pending
                0x0000000010000c4c       0x10 CMakeFiles/receiver_CC2500.dir/Users/wenya589/TA_courses/wcnes_project/2023/pico/pico-sdk/src/rp2_common/hardware_irq/irq.c.obj
                0x0000000010000c4c                irq_set_pending
 .text.irq_has_shared_handler
                0x0000000010000c5c       0x2c CMakeFiles/receiver_CC2500.dir/Users/wenya589/TA_courses/wcnes_project/2023/pico/pico-sdk/src/rp2_common/hardware_irq/irq.c.obj
                0x0000000010000c5c                irq_has_shared_handler
 .text.irq_get_vtable_handler
                0x0000000010000c88       0x10 CMakeFiles/receiver_CC2500.dir/Users/wenya589/TA_courses/wcnes_project/2023/pico/pico-sdk/src/rp2_common/hardware_irq/irq.c.obj
                0x0000000010000c88                irq_get_vtable_handler
 .text.irq_set_exclusive_handler
                0x0000000010000c98       0x54 CMakeFiles/receiver_CC2500.dir/Users/wenya589/TA_courses/wcnes_project/2023/pico/pico-sdk/src/rp2_common/hardware_irq/irq.c.obj
                0x0000000010000c98                irq_set_exclusive_handler
 .text.irq_add_shared_handler
                0x0000000010000cec      0x1f4 CMakeFiles/receiver_CC2500.dir/Users/wenya589/TA_courses/wcnes_project/2023/pico/pico-sdk/src/rp2_common/hardware_irq/irq.c.obj
                0x0000000010000cec                irq_add_shared_handler
 .text.irq_remove_handler
                0x0000000010000ee0      0x1c4 CMakeFiles/receiver_CC2500.dir/Users/wenya589/TA_courses/wcnes_project/2023/pico/pico-sdk/src/rp2_common/hardware_irq/irq.c.obj
                0x0000000010000ee0                irq_remove_handler
 .text.irq_add_tail_to_free_list
                0x00000000100010a4       0xb4 CMakeFiles/receiver_CC2500.dir/Users/wenya589/TA_courses/wcnes_project/2023/pico/pico-sdk/src/rp2_common/hardware_irq/irq.c.obj
                0x00000000100010a4                irq_add_tail_to_free_list
 .text.irq_init_priorities
                0x0000000010001158       0x24 CMakeFiles/receiver_CC2500.dir/Users/wenya589/TA_courses/wcnes_project/2023/pico/pico-sdk/src/rp2_common/hardware_irq/irq.c.obj
                0x0000000010001158                irq_init_priorities
 .text.user_irq_claim_unused
                0x000000001000117c       0x2c CMakeFiles/receiver_CC2500.dir/Users/wenya589/TA_courses/wcnes_project/2023/pico/pico-sdk/src/rp2_common/hardware_irq/irq.c.obj
                0x000000001000117c                user_irq_claim_unused
 .text.lock_init
                0x00000000100011a8       0x10 CMakeFiles/receiver_CC2500.dir/Users/wenya589/TA_courses/wcnes_project/2023/pico/pico-sdk/src/common/pico_sync/lock_core.c.obj
                0x00000000100011a8                lock_init
 .text.mutex_init
                0x00000000100011b8       0x1c CMakeFiles/receiver_CC2500.dir/Users/wenya589/TA_courses/wcnes_project/2023/pico/pico-sdk/src/common/pico_sync/mutex.c.obj
                0x00000000100011b8                mutex_init
 .text.recursive_mutex_init
                0x00000000100011d4       0x1c CMakeFiles/receiver_CC2500.dir/Users/wenya589/TA_courses/wcnes_project/2023/pico/pico-sdk/src/common/pico_sync/mutex.c.obj
                0x00000000100011d4                recursive_mutex_init
 .text.critical_section_init
                0x00000000100011f0       0x1c CMakeFiles/receiver_CC2500.dir/Users/wenya589/TA_courses/wcnes_project/2023/pico/pico-sdk/src/common/pico_sync/critical_section.c.obj
                0x00000000100011f0                critical_section_init
 .text.critical_section_init_with_lock_num
                0x000000001000120c       0x14 CMakeFiles/receiver_CC2500.dir/Users/wenya589/TA_courses/wcnes_project/2023/pico/pico-sdk/src/common/pico_sync/critical_section.c.obj
                0x000000001000120c                critical_section_init_with_lock_num
 .text.timer_pool_entry_comparator
                0x0000000010001220       0x34 CMakeFiles/receiver_CC2500.dir/Users/wenya589/TA_courses/wcnes_project/2023/pico/pico-sdk/src/common/pico_time/time.c.obj
                0x0000000010001220                timer_pool_entry_comparator
 .text.sleep_until_callback
                0x0000000010001254       0x30 CMakeFiles/receiver_CC2500.dir/Users/wenya589/TA_courses/wcnes_project/2023/pico/pico-sdk/src/common/pico_time/time.c.obj
 .text.add_alarm_under_lock.isra.0
                0x0000000010001284      0x100 CMakeFiles/receiver_CC2500.dir/Users/wenya589/TA_courses/wcnes_project/2023/pico/pico-sdk/src/common/pico_time/time.c.obj
 .text.alarm_pool_alarm_callback
                0x0000000010001384      0x1bc CMakeFiles/receiver_CC2500.dir/Users/wenya589/TA_courses/wcnes_project/2023/pico/pico-sdk/src/common/pico_time/time.c.obj
 .text.alarm_pool_init_default
                0x0000000010001540       0x6c CMakeFiles/receiver_CC2500.dir/Users/wenya589/TA_courses/wcnes_project/2023/pico/pico-sdk/src/common/pico_time/time.c.obj
                0x0000000010001540                alarm_pool_init_default
 .text.alarm_pool_get_default
                0x00000000100015ac        0x8 CMakeFiles/receiver_CC2500.dir/Users/wenya589/TA_courses/wcnes_project/2023/pico/pico-sdk/src/common/pico_time/time.c.obj
                0x00000000100015ac                alarm_pool_get_default
 .text.alarm_pool_add_alarm_at
                0x00000000100015b4      0x188 CMakeFiles/receiver_CC2500.dir/Users/wenya589/TA_courses/wcnes_project/2023/pico/pico-sdk/src/common/pico_time/time.c.obj
                0x00000000100015b4                alarm_pool_add_alarm_at
 .text.alarm_pool_cancel_alarm
                0x000000001000173c       0x6c CMakeFiles/receiver_CC2500.dir/Users/wenya589/TA_courses/wcnes_project/2023/pico/pico-sdk/src/common/pico_time/time.c.obj
                0x000000001000173c                alarm_pool_cancel_alarm
 .text.alarm_pool_core_num
                0x00000000100017a8        0x4 CMakeFiles/receiver_CC2500.dir/Users/wenya589/TA_courses/wcnes_project/2023/pico/pico-sdk/src/common/pico_time/time.c.obj
                0x00000000100017a8                alarm_pool_core_num
 .text.sleep_until
                0x00000000100017ac       0xc4 CMakeFiles/receiver_CC2500.dir/Users/wenya589/TA_courses/wcnes_project/2023/pico/pico-sdk/src/common/pico_time/time.c.obj
                0x00000000100017ac                sleep_until
 .text.sleep_us
                0x0000000010001870       0x28 CMakeFiles/receiver_CC2500.dir/Users/wenya589/TA_courses/wcnes_project/2023/pico/pico-sdk/src/common/pico_time/time.c.obj
                0x0000000010001870                sleep_us
 .text.sleep_ms
                0x0000000010001898       0x38 CMakeFiles/receiver_CC2500.dir/Users/wenya589/TA_courses/wcnes_project/2023/pico/pico-sdk/src/common/pico_time/time.c.obj
                0x0000000010001898                sleep_ms
 .text.best_effort_wfe_or_timeout
                0x00000000100018d0       0x78 CMakeFiles/receiver_CC2500.dir/Users/wenya589/TA_courses/wcnes_project/2023/pico/pico-sdk/src/common/pico_time/time.c.obj
                0x00000000100018d0                best_effort_wfe_or_timeout
 .text.hardware_alarm_irq_handler
                0x0000000010001948       0xbc CMakeFiles/receiver_CC2500.dir/Users/wenya589/TA_courses/wcnes_project/2023/pico/pico-sdk/src/rp2_common/hardware_timer/timer.c.obj
 .text.hardware_alarm_claim
                0x0000000010001a04       0x18 CMakeFiles/receiver_CC2500.dir/Users/wenya589/TA_courses/wcnes_project/2023/pico/pico-sdk/src/rp2_common/hardware_timer/timer.c.obj
                0x0000000010001a04                hardware_alarm_claim
 .text.time_us_64
                0x0000000010001a1c       0x14 CMakeFiles/receiver_CC2500.dir/Users/wenya589/TA_courses/wcnes_project/2023/pico/pico-sdk/src/rp2_common/hardware_timer/timer.c.obj
                0x0000000010001a1c                time_us_64
 .text.busy_wait_until
                0x0000000010001a30       0x20 CMakeFiles/receiver_CC2500.dir/Users/wenya589/TA_courses/wcnes_project/2023/pico/pico-sdk/src/rp2_common/hardware_timer/timer.c.obj
                0x0000000010001a30                busy_wait_until
 .text.hardware_alarm_set_callback
                0x0000000010001a50       0x8c CMakeFiles/receiver_CC2500.dir/Users/wenya589/TA_courses/wcnes_project/2023/pico/pico-sdk/src/rp2_common/hardware_timer/timer.c.obj
                0x0000000010001a50                hardware_alarm_set_callback
 .text.hardware_alarm_set_target
                0x0000000010001adc       0xdc CMakeFiles/receiver_CC2500.dir/Users/wenya589/TA_courses/wcnes_project/2023/pico/pico-sdk/src/rp2_common/hardware_timer/timer.c.obj
                0x0000000010001adc                hardware_alarm_set_target
 .text.hardware_alarm_cancel
                0x0000000010001bb8       0x3c CMakeFiles/receiver_CC2500.dir/Users/wenya589/TA_courses/wcnes_project/2023/pico/pico-sdk/src/rp2_common/hardware_timer/timer.c.obj
                0x0000000010001bb8                hardware_alarm_cancel
 .text.ph_merge_nodes
                0x0000000010001bf4       0x64 CMakeFiles/receiver_CC2500.dir/Users/wenya589/TA_courses/wcnes_project/2023/pico/pico-sdk/src/common/pico_util/pheap.c.obj
 .text.ph_post_alloc_init
                0x0000000010001c58       0x3c CMakeFiles/receiver_CC2500.dir/Users/wenya589/TA_courses/wcnes_project/2023/pico/pico-sdk/src/common/pico_util/pheap.c.obj
                0x0000000010001c58                ph_post_alloc_init
 .text.ph_merge_two_pass
                0x0000000010001c94       0x98 CMakeFiles/receiver_CC2500.dir/Users/wenya589/TA_courses/wcnes_project/2023/pico/pico-sdk/src/common/pico_util/pheap.c.obj
                0x0000000010001c94                ph_merge_two_pass
 .text.ph_remove_any_head
                0x0000000010001d2c      0x100 CMakeFiles/receiver_CC2500.dir/Users/wenya589/TA_courses/wcnes_project/2023/pico/pico-sdk/src/common/pico_util/pheap.c.obj
 .text.ph_remove_head
                0x0000000010001e2c      0x104 CMakeFiles/receiver_CC2500.dir/Users/wenya589/TA_courses/wcnes_project/2023/pico/pico-sdk/src/common/pico_util/pheap.c.obj
                0x0000000010001e2c                ph_remove_head
 .text.ph_remove_and_free_node
                0x0000000010001f30       0x78 CMakeFiles/receiver_CC2500.dir/Users/wenya589/TA_courses/wcnes_project/2023/pico/pico-sdk/src/common/pico_util/pheap.c.obj
                0x0000000010001f30                ph_remove_and_free_node
 .text.queue_init_with_spinlock
                0x0000000010001fa8       0x24 CMakeFiles/receiver_CC2500.dir/Users/wenya589/TA_courses/wcnes_project/2023/pico/pico-sdk/src/common/pico_util/queue.c.obj
                0x0000000010001fa8                queue_init_with_spinlock
 .text.queue_try_add
                0x0000000010001fcc       0x70 CMakeFiles/receiver_CC2500.dir/Users/wenya589/TA_courses/wcnes_project/2023/pico/pico-sdk/src/common/pico_util/queue.c.obj
                0x0000000010001fcc                queue_try_add
 .text.queue_try_remove
                0x000000001000203c       0x70 CMakeFiles/receiver_CC2500.dir/Users/wenya589/TA_courses/wcnes_project/2023/pico/pico-sdk/src/common/pico_util/queue.c.obj
                0x000000001000203c                queue_try_remove
 .text.clocks_init
                0x00000000100020ac      0x2b4 CMakeFiles/receiver_CC2500.dir/Users/wenya589/TA_courses/wcnes_project/2023/pico/pico-sdk/src/rp2_common/hardware_clocks/clocks.c.obj
                0x00000000100020ac                clocks_init
 .text.clock_get_hz
                0x0000000010002360        0xc CMakeFiles/receiver_CC2500.dir/Users/wenya589/TA_courses/wcnes_project/2023/pico/pico-sdk/src/rp2_common/hardware_clocks/clocks.c.obj
                0x0000000010002360                clock_get_hz
 .text.pll_init
                0x000000001000236c       0xa8 CMakeFiles/receiver_CC2500.dir/Users/wenya589/TA_courses/wcnes_project/2023/pico/pico-sdk/src/rp2_common/hardware_pll/pll.c.obj
                0x000000001000236c                pll_init
 .text.watchdog_start_tick
                0x0000000010002414       0x10 CMakeFiles/receiver_CC2500.dir/Users/wenya589/TA_courses/wcnes_project/2023/pico/pico-sdk/src/rp2_common/hardware_watchdog/watchdog.c.obj
                0x0000000010002414                watchdog_start_tick
 .text.watchdog_reboot
                0x0000000010002424       0x9c CMakeFiles/receiver_CC2500.dir/Users/wenya589/TA_courses/wcnes_project/2023/pico/pico-sdk/src/rp2_common/hardware_watchdog/watchdog.c.obj
                0x0000000010002424                watchdog_reboot
 .text.xosc_init
                0x00000000100024c0       0x28 CMakeFiles/receiver_CC2500.dir/Users/wenya589/TA_courses/wcnes_project/2023/pico/pico-sdk/src/rp2_common/hardware_xosc/xosc.c.obj
                0x00000000100024c0                xosc_init
 .text.runtime_init
                0x00000000100024e8       0xf0 CMakeFiles/receiver_CC2500.dir/Users/wenya589/TA_courses/wcnes_project/2023/pico/pico-sdk/src/rp2_common/pico_runtime/runtime.c.obj
                0x00000000100024e8                runtime_init
 .text._exit    0x00000000100025d8        0x4 CMakeFiles/receiver_CC2500.dir/Users/wenya589/TA_courses/wcnes_project/2023/pico/pico-sdk/src/rp2_common/pico_runtime/runtime.c.obj
                0x00000000100025d8                _exit
 .text._sbrk    0x00000000100025dc       0x34 CMakeFiles/receiver_CC2500.dir/Users/wenya589/TA_courses/wcnes_project/2023/pico/pico-sdk/src/rp2_common/pico_runtime/runtime.c.obj
                0x00000000100025dc                _sbrk
 .text.exit     0x0000000010002610        0x8 CMakeFiles/receiver_CC2500.dir/Users/wenya589/TA_courses/wcnes_project/2023/pico/pico-sdk/src/rp2_common/pico_runtime/runtime.c.obj
                0x0000000010002610                exit
 .text.panic    0x0000000010002618       0x30 CMakeFiles/receiver_CC2500.dir/Users/wenya589/TA_courses/wcnes_project/2023/pico/pico-sdk/src/rp2_common/pico_runtime/runtime.c.obj
                0x0000000010002618                panic
 .text.hard_assertion_failure
                0x0000000010002648        0xc CMakeFiles/receiver_CC2500.dir/Users/wenya589/TA_courses/wcnes_project/2023/pico/pico-sdk/src/rp2_common/pico_runtime/runtime.c.obj
                0x0000000010002648                hard_assertion_failure
 .text._out_null
                0x0000000010002654        0x4 CMakeFiles/receiver_CC2500.dir/Users/wenya589/TA_courses/wcnes_project/2023/pico/pico-sdk/src/rp2_common/pico_printf/printf.c.obj
 .text._out_rev
                0x0000000010002658       0x90 CMakeFiles/receiver_CC2500.dir/Users/wenya589/TA_courses/wcnes_project/2023/pico/pico-sdk/src/rp2_common/pico_printf/printf.c.obj
 .text._ntoa_format
                0x00000000100026e8      0x1f4 CMakeFiles/receiver_CC2500.dir/Users/wenya589/TA_courses/wcnes_project/2023/pico/pico-sdk/src/rp2_common/pico_printf/printf.c.obj
 .text._out_char
                0x00000000100028dc       0x10 CMakeFiles/receiver_CC2500.dir/Users/wenya589/TA_courses/wcnes_project/2023/pico/pico-sdk/src/rp2_common/pico_printf/printf.c.obj
 .text._out_fct
                0x00000000100028ec       0x10 CMakeFiles/receiver_CC2500.dir/Users/wenya589/TA_courses/wcnes_project/2023/pico/pico-sdk/src/rp2_common/pico_printf/printf.c.obj
 .text._etoa    0x00000000100028fc      0x454 CMakeFiles/receiver_CC2500.dir/Users/wenya589/TA_courses/wcnes_project/2023/pico/pico-sdk/src/rp2_common/pico_printf/printf.c.obj
 .text._ftoa    0x0000000010002d50      0x3c4 CMakeFiles/receiver_CC2500.dir/Users/wenya589/TA_courses/wcnes_project/2023/pico/pico-sdk/src/rp2_common/pico_printf/printf.c.obj
 .text._vsnprintf
                0x0000000010003114      0xb24 CMakeFiles/receiver_CC2500.dir/Users/wenya589/TA_courses/wcnes_project/2023/pico/pico-sdk/src/rp2_common/pico_printf/printf.c.obj
 .text.vfctprintf
                0x0000000010003c38       0x20 CMakeFiles/receiver_CC2500.dir/Users/wenya589/TA_courses/wcnes_project/2023/pico/pico-sdk/src/rp2_common/pico_printf/printf.c.obj
                0x0000000010003c38                vfctprintf
 .text.weak_raw_vprintf
                0x0000000010003c58       0x30 CMakeFiles/receiver_CC2500.dir/Users/wenya589/TA_courses/wcnes_project/2023/pico/pico-sdk/src/rp2_common/pico_printf/printf.c.obj
                0x0000000010003c58                weak_raw_vprintf
 .text          0x0000000010003c88       0x10 CMakeFiles/receiver_CC2500.dir/Users/wenya589/TA_courses/wcnes_project/2023/pico/pico-sdk/src/rp2_common/pico_bit_ops/bit_ops_aeabi.S.obj
 .text.rom_func_lookup
                0x0000000010003c98       0x10 CMakeFiles/receiver_CC2500.dir/Users/wenya589/TA_courses/wcnes_project/2023/pico/pico-sdk/src/rp2_common/pico_bootrom/bootrom.c.obj
                0x0000000010003c98                rom_func_lookup
 .text.rom_data_lookup
                0x0000000010003ca8       0x10 CMakeFiles/receiver_CC2500.dir/Users/wenya589/TA_courses/wcnes_project/2023/pico/pico-sdk/src/rp2_common/pico_bootrom/bootrom.c.obj
                0x0000000010003ca8                rom_data_lookup
 .text.rom_funcs_lookup
                0x0000000010003cb8       0x44 CMakeFiles/receiver_CC2500.dir/Users/wenya589/TA_courses/wcnes_project/2023/pico/pico-sdk/src/rp2_common/pico_bootrom/bootrom.c.obj
                0x0000000010003cb8                rom_funcs_lookup
 .text.__wrap___aeabi_idiv
                0x0000000010003cfc       0x50 CMakeFiles/receiver_CC2500.dir/Users/wenya589/TA_courses/wcnes_project/2023/pico/pico-sdk/src/rp2_common/pico_divider/divider.S.obj
                0x0000000010003cfc                __wrap___aeabi_idivmod
                0x0000000010003cfc                divmod_s32s32
                0x0000000010003cfc                div_s32s32
                0x0000000010003cfc                __wrap___aeabi_idiv
                0x0000000010003d04                divmod_s32s32_unsafe
                0x0000000010003d30                divmod_s32s32_savestate
 .text.__wrap___aeabi_uidiv
                0x0000000010003d4c       0x4c CMakeFiles/receiver_CC2500.dir/Users/wenya589/TA_courses/wcnes_project/2023/pico/pico-sdk/src/rp2_common/pico_divider/divider.S.obj
                0x0000000010003d4c                __wrap___aeabi_uidiv
                0x0000000010003d4c                __wrap___aeabi_uidivmod
                0x0000000010003d4c                div_u32u32
                0x0000000010003d4c                divmod_u32u32
                0x0000000010003d54                divmod_u32u32_unsafe
                0x0000000010003d7c                divmod_u32u32_savestate
 .text.__wrap___aeabi_ldiv
                0x0000000010003d98      0x424 CMakeFiles/receiver_CC2500.dir/Users/wenya589/TA_courses/wcnes_project/2023/pico/pico-sdk/src/rp2_common/pico_divider/divider.S.obj
                0x0000000010003d98                __wrap___aeabi_ldivmod
                0x0000000010003d98                div_s64s64
                0x0000000010003d98                divmod_s64s64
                0x0000000010003dc8                divmod_u64u64
                0x0000000010003dc8                div_u64u64
                0x0000000010003dc8                __wrap___aeabi_uldivmod
                0x0000000010003dd8                divmod_u64u64_savestate
                0x0000000010003df8                divmod_s64s64_unsafe
                0x0000000010003e80                divmod_u64u64_unsafe
 .text.__wrap___aeabi_darithmetic
                0x00000000100041bc       0x80 CMakeFiles/receiver_CC2500.dir/Users/wenya589/TA_courses/wcnes_project/2023/pico/pico-sdk/src/rp2_common/pico_double/double_aeabi.S.obj
                0x00000000100041bc                __wrap___aeabi_drsub
                0x00000000100041c2                __wrap___aeabi_dsub
                0x00000000100041d4                __wrap___aeabi_dadd
                0x00000000100041e6                __wrap___aeabi_ddiv
                0x0000000010004222                __wrap___aeabi_dmul
 .text.__wrap___aeabi_cdcmple
                0x000000001000423c       0x6c CMakeFiles/receiver_CC2500.dir/Users/wenya589/TA_courses/wcnes_project/2023/pico/pico-sdk/src/rp2_common/pico_double/double_aeabi.S.obj
                0x000000001000423c                __wrap___aeabi_cdrcmple
                0x000000001000424c                __wrap___aeabi_cdcmple
                0x000000001000424c                __wrap___aeabi_cdcmpeq
 .text.__wrap___aeabi_dcmplt
                0x00000000100042a8        0xc CMakeFiles/receiver_CC2500.dir/Users/wenya589/TA_courses/wcnes_project/2023/pico/pico-sdk/src/rp2_common/pico_double/double_aeabi.S.obj
                0x00000000100042a8                __wrap___aeabi_dcmplt
 .text.__wrap___aeabi_dcmpge
                0x00000000100042b4       0x10 CMakeFiles/receiver_CC2500.dir/Users/wenya589/TA_courses/wcnes_project/2023/pico/pico-sdk/src/rp2_common/pico_double/double_aeabi.S.obj
                0x00000000100042b4                __wrap___aeabi_dcmpge
 .text.__wrap___aeabi_dcmpgt
                0x00000000100042c4        0xa CMakeFiles/receiver_CC2500.dir/Users/wenya589/TA_courses/wcnes_project/2023/pico/pico-sdk/src/rp2_common/pico_double/double_aeabi.S.obj
                0x00000000100042c4                __wrap___aeabi_dcmpgt
 .text.__wrap___aeabi_dcmpun
                0x00000000100042ce       0x1c CMakeFiles/receiver_CC2500.dir/Users/wenya589/TA_courses/wcnes_project/2023/pico/pico-sdk/src/rp2_common/pico_double/double_aeabi.S.obj
                0x00000000100042ce                __wrap___aeabi_dcmpun
 *fill*         0x00000000100042ea        0x2 
 .text.__wrap___aeabi_i2d
                0x00000000100042ec       0x38 CMakeFiles/receiver_CC2500.dir/Users/wenya589/TA_courses/wcnes_project/2023/pico/pico-sdk/src/rp2_common/pico_double/double_aeabi.S.obj
                0x00000000100042ec                __wrap___aeabi_ui2d
                0x00000000100042f4                __wrap___aeabi_i2d
 .text.__wrap___aeabi_d2iz
                0x0000000010004324       0x48 CMakeFiles/receiver_CC2500.dir/Users/wenya589/TA_courses/wcnes_project/2023/pico/pico-sdk/src/rp2_common/pico_double/double_aeabi.S.obj
                0x0000000010004324                __wrap___aeabi_d2iz
                0x0000000010004324                double2int_z
 .text.__wrap___aeabi_d2uiz
                0x000000001000436c       0x18 CMakeFiles/receiver_CC2500.dir/Users/wenya589/TA_courses/wcnes_project/2023/pico/pico-sdk/src/rp2_common/pico_double/double_aeabi.S.obj
                0x000000001000436c                double2uint
                0x000000001000436c                __wrap___aeabi_d2uiz
 .text.__aeabi_double_init
                0x0000000010004384       0x98 CMakeFiles/receiver_CC2500.dir/Users/wenya589/TA_courses/wcnes_project/2023/pico/pico-sdk/src/rp2_common/pico_double/double_init_rom.c.obj
                0x0000000010004384                __aeabi_double_init
 .text.double_table_shim_on_use_helper
                0x000000001000441c       0x2c CMakeFiles/receiver_CC2500.dir/Users/wenya589/TA_courses/wcnes_project/2023/pico/pico-sdk/src/rp2_common/pico_double/double_v1_rom_shim.S.obj
                0x000000001000441c                double_table_shim_on_use_helper
 .text.__wrap___aeabi_dsub
                0x0000000010004448       0x10 CMakeFiles/receiver_CC2500.dir/Users/wenya589/TA_courses/wcnes_project/2023/pico/pico-sdk/src/rp2_common/pico_double/double_v1_rom_shim.S.obj
                0x0000000010004448                drsub_shim
                0x000000001000444e                dsub_shim
 .text.dadd_shim
                0x0000000010004458      0x15c CMakeFiles/receiver_CC2500.dir/Users/wenya589/TA_courses/wcnes_project/2023/pico/pico-sdk/src/rp2_common/pico_double/double_v1_rom_shim.S.obj
                0x0000000010004458                dadd_shim
 .text.dmul_shim
                0x00000000100045b4      0x15c CMakeFiles/receiver_CC2500.dir/Users/wenya589/TA_courses/wcnes_project/2023/pico/pico-sdk/src/rp2_common/pico_double/double_v1_rom_shim.S.obj
                0x00000000100045b4                dmul_shim
 .text.ddiv_shim
                0x0000000010004710      0x1b0 CMakeFiles/receiver_CC2500.dir/Users/wenya589/TA_courses/wcnes_project/2023/pico/pico-sdk/src/rp2_common/pico_double/double_v1_rom_shim.S.obj
                0x0000000010004710                ddiv_shim
 .text.double2uint_shim
                0x00000000100048c0        0xe CMakeFiles/receiver_CC2500.dir/Users/wenya589/TA_courses/wcnes_project/2023/pico/pico-sdk/src/rp2_common/pico_double/double_v1_rom_shim.S.obj
                0x00000000100048c0                double2uint_shim
                0x00000000100048c2                double2ufix_shim
 *fill*         0x00000000100048ce        0x2 
 .text.double2uint64_shim
                0x00000000100048d0       0x70 CMakeFiles/receiver_CC2500.dir/Users/wenya589/TA_courses/wcnes_project/2023/pico/pico-sdk/src/rp2_common/pico_double/double_v1_rom_shim.S.obj
                0x00000000100048d0                double2uint64_shim
                0x00000000100048d2                double2ufix64_shim
                0x00000000100048f2                d2fix_a
 .text.dunpacks
                0x0000000010004940       0x3c CMakeFiles/receiver_CC2500.dir/Users/wenya589/TA_courses/wcnes_project/2023/pico/pico-sdk/src/rp2_common/pico_double/double_v1_rom_shim.S.obj
                0x0000000010004940                dunpacks
 .text.__aeabi_lmul
                0x000000001000497c       0x32 CMakeFiles/receiver_CC2500.dir/Users/wenya589/TA_courses/wcnes_project/2023/pico/pico-sdk/src/rp2_common/pico_int64_ops/pico_int64_ops_aeabi.S.obj
                0x000000001000497c                __wrap___aeabi_lmul
 *fill*         0x00000000100049ae        0x2 
 .text.__aeabi_float_init
                0x00000000100049b0       0x64 CMakeFiles/receiver_CC2500.dir/Users/wenya589/TA_courses/wcnes_project/2023/pico/pico-sdk/src/rp2_common/pico_float/float_init_rom.c.obj
                0x00000000100049b0                __aeabi_float_init
 .text.float_table_shim_on_use_helper
                0x0000000010004a14       0x2c CMakeFiles/receiver_CC2500.dir/Users/wenya589/TA_courses/wcnes_project/2023/pico/pico-sdk/src/rp2_common/pico_float/float_v1_rom_shim.S.obj
                0x0000000010004a14                float_table_shim_on_use_helper
 .text.__wrap_calloc
                0x0000000010004a40       0x24 CMakeFiles/receiver_CC2500.dir/Users/wenya589/TA_courses/wcnes_project/2023/pico/pico-sdk/src/rp2_common/pico_malloc/pico_malloc.c.obj
                0x0000000010004a40                __wrap_calloc
 .text          0x0000000010004a64       0x10 CMakeFiles/receiver_CC2500.dir/Users/wenya589/TA_courses/wcnes_project/2023/pico/pico-sdk/src/rp2_common/pico_mem_ops/mem_ops_aeabi.S.obj
                0x0000000010004a64                __aeabi_mem_init
 .text.memset   0x0000000010004a74        0xc CMakeFiles/receiver_CC2500.dir/Users/wenya589/TA_courses/wcnes_project/2023/pico/pico-sdk/src/rp2_common/pico_mem_ops/mem_ops_aeabi.S.obj
                0x0000000010004a74                __wrap_memset
 .text.memcpy   0x0000000010004a80        0xc CMakeFiles/receiver_CC2500.dir/Users/wenya589/TA_courses/wcnes_project/2023/pico/pico-sdk/src/rp2_common/pico_mem_ops/mem_ops_aeabi.S.obj
                0x0000000010004a80                __wrap___aeabi_memcpy
                0x0000000010004a80                __wrap_memcpy
 .text.stdio_out_chars_crlf
                0x0000000010004a8c       0xbc CMakeFiles/receiver_CC2500.dir/Users/wenya589/TA_courses/wcnes_project/2023/pico/pico-sdk/src/rp2_common/pico_stdio/stdio.c.obj
 .text.stdio_buffered_printer
                0x0000000010004b48       0x64 CMakeFiles/receiver_CC2500.dir/Users/wenya589/TA_courses/wcnes_project/2023/pico/pico-sdk/src/rp2_common/pico_stdio/stdio.c.obj
 .text.__wrap_putchar
                0x0000000010004bac       0x98 CMakeFiles/receiver_CC2500.dir/Users/wenya589/TA_courses/wcnes_project/2023/pico/pico-sdk/src/rp2_common/pico_stdio/stdio.c.obj
                0x0000000010004bac                __wrap_putchar
 .text.__wrap_puts
                0x0000000010004c44       0xe0 CMakeFiles/receiver_CC2500.dir/Users/wenya589/TA_courses/wcnes_project/2023/pico/pico-sdk/src/rp2_common/pico_stdio/stdio.c.obj
                0x0000000010004c44                __wrap_puts
 .text.stdio_set_driver_enabled
                0x0000000010004d24       0x30 CMakeFiles/receiver_CC2500.dir/Users/wenya589/TA_courses/wcnes_project/2023/pico/pico-sdk/src/rp2_common/pico_stdio/stdio.c.obj
                0x0000000010004d24                stdio_set_driver_enabled
 .text.__wrap_vprintf
                0x0000000010004d54       0xd4 CMakeFiles/receiver_CC2500.dir/Users/wenya589/TA_courses/wcnes_project/2023/pico/pico-sdk/src/rp2_common/pico_stdio/stdio.c.obj
                0x0000000010004d54                __wrap_vprintf
 .text.__wrap_printf
                0x0000000010004e28       0x18 CMakeFiles/receiver_CC2500.dir/Users/wenya589/TA_courses/wcnes_project/2023/pico/pico-sdk/src/rp2_common/pico_stdio/stdio.c.obj
                0x0000000010004e28                __wrap_printf
 .text.stdio_init_all
                0x0000000010004e40        0x8 CMakeFiles/receiver_CC2500.dir/Users/wenya589/TA_courses/wcnes_project/2023/pico/pico-sdk/src/rp2_common/pico_stdio/stdio.c.obj
                0x0000000010004e40                stdio_init_all
 .text.resetd_init
                0x0000000010004e48        0x4 CMakeFiles/receiver_CC2500.dir/Users/wenya589/TA_courses/wcnes_project/2023/pico/pico-sdk/src/rp2_common/pico_stdio_usb/reset_interface.c.obj
 .text.resetd_reset
                0x0000000010004e4c        0xc CMakeFiles/receiver_CC2500.dir/Users/wenya589/TA_courses/wcnes_project/2023/pico/pico-sdk/src/rp2_common/pico_stdio_usb/reset_interface.c.obj
 .text.resetd_open
                0x0000000010004e58       0x28 CMakeFiles/receiver_CC2500.dir/Users/wenya589/TA_courses/wcnes_project/2023/pico/pico-sdk/src/rp2_common/pico_stdio_usb/reset_interface.c.obj
 .text.resetd_xfer_cb
                0x0000000010004e80        0x4 CMakeFiles/receiver_CC2500.dir/Users/wenya589/TA_courses/wcnes_project/2023/pico/pico-sdk/src/rp2_common/pico_stdio_usb/reset_interface.c.obj
 .text.resetd_control_xfer_cb
                0x0000000010004e84       0x60 CMakeFiles/receiver_CC2500.dir/Users/wenya589/TA_courses/wcnes_project/2023/pico/pico-sdk/src/rp2_common/pico_stdio_usb/reset_interface.c.obj
 .text.usbd_app_driver_get_cb
                0x0000000010004ee4        0xc CMakeFiles/receiver_CC2500.dir/Users/wenya589/TA_courses/wcnes_project/2023/pico/pico-sdk/src/rp2_common/pico_stdio_usb/reset_interface.c.obj
                0x0000000010004ee4                usbd_app_driver_get_cb
 .text.tud_cdc_line_coding_cb
                0x0000000010004ef0       0x34 CMakeFiles/receiver_CC2500.dir/Users/wenya589/TA_courses/wcnes_project/2023/pico/pico-sdk/src/rp2_common/pico_stdio_usb/reset_interface.c.obj
                0x0000000010004ef0                tud_cdc_line_coding_cb
 .text.stdio_usb_set_chars_available_callback
                0x0000000010004f24       0x14 CMakeFiles/receiver_CC2500.dir/Users/wenya589/TA_courses/wcnes_project/2023/pico/pico-sdk/src/rp2_common/pico_stdio_usb/stdio_usb.c.obj
                0x0000000010004f24                stdio_usb_set_chars_available_callback
 .text.usb_irq  0x0000000010004f38       0x10 CMakeFiles/receiver_CC2500.dir/Users/wenya589/TA_courses/wcnes_project/2023/pico/pico-sdk/src/rp2_common/pico_stdio_usb/stdio_usb.c.obj
 .text.timer_task
                0x0000000010004f48       0x54 CMakeFiles/receiver_CC2500.dir/Users/wenya589/TA_courses/wcnes_project/2023/pico/pico-sdk/src/rp2_common/pico_stdio_usb/stdio_usb.c.obj
 .text.stdio_usb_in_chars
                0x0000000010004f9c       0x90 CMakeFiles/receiver_CC2500.dir/Users/wenya589/TA_courses/wcnes_project/2023/pico/pico-sdk/src/rp2_common/pico_stdio_usb/stdio_usb.c.obj
                0x0000000010004f9c                stdio_usb_in_chars
 .text.stdio_usb_out_chars
                0x000000001000502c      0x104 CMakeFiles/receiver_CC2500.dir/Users/wenya589/TA_courses/wcnes_project/2023/pico/pico-sdk/src/rp2_common/pico_stdio_usb/stdio_usb.c.obj
 .text.low_priority_worker_irq
                0x0000000010005130       0xa8 CMakeFiles/receiver_CC2500.dir/Users/wenya589/TA_courses/wcnes_project/2023/pico/pico-sdk/src/rp2_common/pico_stdio_usb/stdio_usb.c.obj
 .text.tud_cdc_rx_cb
                0x00000000100051d8       0x20 CMakeFiles/receiver_CC2500.dir/Users/wenya589/TA_courses/wcnes_project/2023/pico/pico-sdk/src/rp2_common/pico_stdio_usb/stdio_usb.c.obj
                0x00000000100051d8                tud_cdc_rx_cb
 .text.stdio_usb_init
                0x00000000100051f8       0xe0 CMakeFiles/receiver_CC2500.dir/Users/wenya589/TA_courses/wcnes_project/2023/pico/pico-sdk/src/rp2_common/pico_stdio_usb/stdio_usb.c.obj
                0x00000000100051f8                stdio_usb_init
 .text.tud_descriptor_device_cb
                0x00000000100052d8        0x8 CMakeFiles/receiver_CC2500.dir/Users/wenya589/TA_courses/wcnes_project/2023/pico/pico-sdk/src/rp2_common/pico_stdio_usb/stdio_usb_descriptors.c.obj
                0x00000000100052d8                tud_descriptor_device_cb
 .text.tud_descriptor_configuration_cb
                0x00000000100052e0        0x8 CMakeFiles/receiver_CC2500.dir/Users/wenya589/TA_courses/wcnes_project/2023/pico/pico-sdk/src/rp2_common/pico_stdio_usb/stdio_usb_descriptors.c.obj
                0x00000000100052e0                tud_descriptor_configuration_cb
 .text.tud_descriptor_string_cb
                0x00000000100052e8       0x78 CMakeFiles/receiver_CC2500.dir/Users/wenya589/TA_courses/wcnes_project/2023/pico/pico-sdk/src/rp2_common/pico_stdio_usb/stdio_usb_descriptors.c.obj
                0x00000000100052e8                tud_descriptor_string_cb
 .text.startup._retrieve_unique_id_on_boot
                0x0000000010005360       0x10 CMakeFiles/receiver_CC2500.dir/Users/wenya589/TA_courses/wcnes_project/2023/pico/pico-sdk/src/rp2_common/pico_unique_id/unique_id.c.obj
 .text.pico_get_unique_board_id_string
                0x0000000010005370      0x1a8 CMakeFiles/receiver_CC2500.dir/Users/wenya589/TA_courses/wcnes_project/2023/pico/pico-sdk/src/rp2_common/pico_unique_id/unique_id.c.obj
                0x0000000010005370                pico_get_unique_board_id_string
 .text.flash_get_unique_id
                0x0000000010005518       0x40 CMakeFiles/receiver_CC2500.dir/Users/wenya589/TA_courses/wcnes_project/2023/pico/pico-sdk/src/rp2_common/hardware_flash/flash.c.obj
                0x0000000010005518                flash_get_unique_id
 .text.dcd_int_enable
                0x0000000010005558        0xc CMakeFiles/receiver_CC2500.dir/Users/wenya589/TA_courses/wcnes_project/2023/pico/pico-sdk/lib/tinyusb/src/portable/raspberrypi/rp2040/dcd_rp2040.c.obj
                0x0000000010005558                dcd_int_enable
 .text.dcd_set_address
                0x0000000010005564       0x14 CMakeFiles/receiver_CC2500.dir/Users/wenya589/TA_courses/wcnes_project/2023/pico/pico-sdk/lib/tinyusb/src/portable/raspberrypi/rp2040/dcd_rp2040.c.obj
                0x0000000010005564                dcd_set_address
 .text.dcd_connect
                0x0000000010005578       0x10 CMakeFiles/receiver_CC2500.dir/Users/wenya589/TA_courses/wcnes_project/2023/pico/pico-sdk/lib/tinyusb/src/portable/raspberrypi/rp2040/dcd_rp2040.c.obj
                0x0000000010005578                dcd_connect
 .text.dcd_init
                0x0000000010005588       0x98 CMakeFiles/receiver_CC2500.dir/Users/wenya589/TA_courses/wcnes_project/2023/pico/pico-sdk/lib/tinyusb/src/portable/raspberrypi/rp2040/dcd_rp2040.c.obj
                0x0000000010005588                dcd_init
 .text.dcd_edpt0_status_complete
                0x0000000010005620       0x1c CMakeFiles/receiver_CC2500.dir/Users/wenya589/TA_courses/wcnes_project/2023/pico/pico-sdk/lib/tinyusb/src/portable/raspberrypi/rp2040/dcd_rp2040.c.obj
                0x0000000010005620                dcd_edpt0_status_complete
 .text.dcd_edpt_open
                0x000000001000563c      0x108 CMakeFiles/receiver_CC2500.dir/Users/wenya589/TA_courses/wcnes_project/2023/pico/pico-sdk/lib/tinyusb/src/portable/raspberrypi/rp2040/dcd_rp2040.c.obj
                0x000000001000563c                dcd_edpt_open
 .text.dcd_edpt_close_all
                0x0000000010005744        0x8 CMakeFiles/receiver_CC2500.dir/Users/wenya589/TA_courses/wcnes_project/2023/pico/pico-sdk/lib/tinyusb/src/portable/raspberrypi/rp2040/dcd_rp2040.c.obj
                0x0000000010005744                dcd_edpt_close_all
 .text.dcd_edpt_xfer
                0x000000001000574c       0x24 CMakeFiles/receiver_CC2500.dir/Users/wenya589/TA_courses/wcnes_project/2023/pico/pico-sdk/lib/tinyusb/src/portable/raspberrypi/rp2040/dcd_rp2040.c.obj
                0x000000001000574c                dcd_edpt_xfer
 .text.dcd_edpt_stall
                0x0000000010005770       0x38 CMakeFiles/receiver_CC2500.dir/Users/wenya589/TA_courses/wcnes_project/2023/pico/pico-sdk/lib/tinyusb/src/portable/raspberrypi/rp2040/dcd_rp2040.c.obj
                0x0000000010005770                dcd_edpt_stall
 .text.dcd_edpt_clear_stall
                0x00000000100057a8       0x30 CMakeFiles/receiver_CC2500.dir/Users/wenya589/TA_courses/wcnes_project/2023/pico/pico-sdk/lib/tinyusb/src/portable/raspberrypi/rp2040/dcd_rp2040.c.obj
                0x00000000100057a8                dcd_edpt_clear_stall
 .text.rp2040_usb_init
                0x00000000100057d8       0x4c CMakeFiles/receiver_CC2500.dir/Users/wenya589/TA_courses/wcnes_project/2023/pico/pico-sdk/lib/tinyusb/src/portable/raspberrypi/rp2040/rp2040_usb.c.obj
                0x00000000100057d8                rp2040_usb_init
 .text.hw_endpoint_xfer_start
                0x0000000010005824       0x40 CMakeFiles/receiver_CC2500.dir/Users/wenya589/TA_courses/wcnes_project/2023/pico/pico-sdk/lib/tinyusb/src/portable/raspberrypi/rp2040/rp2040_usb.c.obj
                0x0000000010005824                hw_endpoint_xfer_start
 .text.tud_mounted
                0x0000000010005864       0x10 CMakeFiles/receiver_CC2500.dir/Users/wenya589/TA_courses/wcnes_project/2023/pico/pico-sdk/lib/tinyusb/src/device/usbd.c.obj
                0x0000000010005864                tud_mounted
 .text.tud_suspended
                0x0000000010005874       0x10 CMakeFiles/receiver_CC2500.dir/Users/wenya589/TA_courses/wcnes_project/2023/pico/pico-sdk/lib/tinyusb/src/device/usbd.c.obj
                0x0000000010005874                tud_suspended
 .text.tud_inited
                0x0000000010005884       0x14 CMakeFiles/receiver_CC2500.dir/Users/wenya589/TA_courses/wcnes_project/2023/pico/pico-sdk/lib/tinyusb/src/device/usbd.c.obj
                0x0000000010005884                tud_inited
 .text.tud_init
                0x0000000010005898       0xd8 CMakeFiles/receiver_CC2500.dir/Users/wenya589/TA_courses/wcnes_project/2023/pico/pico-sdk/lib/tinyusb/src/device/usbd.c.obj
                0x0000000010005898                tud_init
 .text.tud_task_ext
                0x0000000010005970      0x8a4 CMakeFiles/receiver_CC2500.dir/Users/wenya589/TA_courses/wcnes_project/2023/pico/pico-sdk/lib/tinyusb/src/device/usbd.c.obj
                0x0000000010005970                tud_task_ext
 .text.usbd_open_edpt_pair
                0x0000000010006214       0x9c CMakeFiles/receiver_CC2500.dir/Users/wenya589/TA_courses/wcnes_project/2023/pico/pico-sdk/lib/tinyusb/src/device/usbd.c.obj
                0x0000000010006214                usbd_open_edpt_pair
 .text.usbd_defer_func
                0x00000000100062b0       0x48 CMakeFiles/receiver_CC2500.dir/Users/wenya589/TA_courses/wcnes_project/2023/pico/pico-sdk/lib/tinyusb/src/device/usbd.c.obj
                0x00000000100062b0                usbd_defer_func
 .text.usbd_edpt_open
                0x00000000100062f8       0x34 CMakeFiles/receiver_CC2500.dir/Users/wenya589/TA_courses/wcnes_project/2023/pico/pico-sdk/lib/tinyusb/src/device/usbd.c.obj
                0x00000000100062f8                usbd_edpt_open
 .text.usbd_edpt_claim
                0x000000001000632c       0x28 CMakeFiles/receiver_CC2500.dir/Users/wenya589/TA_courses/wcnes_project/2023/pico/pico-sdk/lib/tinyusb/src/device/usbd.c.obj
                0x000000001000632c                usbd_edpt_claim
 .text.usbd_edpt_release
                0x0000000010006354       0x28 CMakeFiles/receiver_CC2500.dir/Users/wenya589/TA_courses/wcnes_project/2023/pico/pico-sdk/lib/tinyusb/src/device/usbd.c.obj
                0x0000000010006354                usbd_edpt_release
 .text.usbd_edpt_xfer
                0x000000001000637c       0x4c CMakeFiles/receiver_CC2500.dir/Users/wenya589/TA_courses/wcnes_project/2023/pico/pico-sdk/lib/tinyusb/src/device/usbd.c.obj
                0x000000001000637c                usbd_edpt_xfer
 .text.tud_control_status
                0x00000000100063c8       0x2c CMakeFiles/receiver_CC2500.dir/Users/wenya589/TA_courses/wcnes_project/2023/pico/pico-sdk/lib/tinyusb/src/device/usbd_control.c.obj
                0x00000000100063c8                tud_control_status
 .text.tud_control_xfer
                0x00000000100063f4       0xac CMakeFiles/receiver_CC2500.dir/Users/wenya589/TA_courses/wcnes_project/2023/pico/pico-sdk/lib/tinyusb/src/device/usbd_control.c.obj
                0x00000000100063f4                tud_control_xfer
 .text.usbd_control_reset
                0x00000000100064a0       0x14 CMakeFiles/receiver_CC2500.dir/Users/wenya589/TA_courses/wcnes_project/2023/pico/pico-sdk/lib/tinyusb/src/device/usbd_control.c.obj
                0x00000000100064a0                usbd_control_reset
 .text.usbd_control_set_complete_callback
                0x00000000100064b4        0xc CMakeFiles/receiver_CC2500.dir/Users/wenya589/TA_courses/wcnes_project/2023/pico/pico-sdk/lib/tinyusb/src/device/usbd_control.c.obj
                0x00000000100064b4                usbd_control_set_complete_callback
 .text.usbd_control_set_request
                0x00000000100064c0       0x1c CMakeFiles/receiver_CC2500.dir/Users/wenya589/TA_courses/wcnes_project/2023/pico/pico-sdk/lib/tinyusb/src/device/usbd_control.c.obj
                0x00000000100064c0                usbd_control_set_request
 .text.usbd_control_xfer_cb
                0x00000000100064dc       0xf4 CMakeFiles/receiver_CC2500.dir/Users/wenya589/TA_courses/wcnes_project/2023/pico/pico-sdk/lib/tinyusb/src/device/usbd_control.c.obj
                0x00000000100064dc                usbd_control_xfer_cb
 .text.tud_cdc_n_connected
                0x00000000100065d0       0x30 CMakeFiles/receiver_CC2500.dir/Users/wenya589/TA_courses/wcnes_project/2023/pico/pico-sdk/lib/tinyusb/src/class/cdc/cdc_device.c.obj
                0x00000000100065d0                tud_cdc_n_connected
 .text.tud_cdc_n_available
                0x0000000010006600       0x18 CMakeFiles/receiver_CC2500.dir/Users/wenya589/TA_courses/wcnes_project/2023/pico/pico-sdk/lib/tinyusb/src/class/cdc/cdc_device.c.obj
                0x0000000010006600                tud_cdc_n_available
 .text.tud_cdc_n_read
                0x0000000010006618       0x70 CMakeFiles/receiver_CC2500.dir/Users/wenya589/TA_courses/wcnes_project/2023/pico/pico-sdk/lib/tinyusb/src/class/cdc/cdc_device.c.obj
                0x0000000010006618                tud_cdc_n_read
 .text.tud_cdc_n_write_flush
                0x0000000010006688       0x78 CMakeFiles/receiver_CC2500.dir/Users/wenya589/TA_courses/wcnes_project/2023/pico/pico-sdk/lib/tinyusb/src/class/cdc/cdc_device.c.obj
                0x0000000010006688                tud_cdc_n_write_flush
 .text.tud_cdc_n_write
                0x0000000010006700       0x34 CMakeFiles/receiver_CC2500.dir/Users/wenya589/TA_courses/wcnes_project/2023/pico/pico-sdk/lib/tinyusb/src/class/cdc/cdc_device.c.obj
                0x0000000010006700                tud_cdc_n_write
 .text.tud_cdc_n_write_available
                0x0000000010006734       0x18 CMakeFiles/receiver_CC2500.dir/Users/wenya589/TA_courses/wcnes_project/2023/pico/pico-sdk/lib/tinyusb/src/class/cdc/cdc_device.c.obj
                0x0000000010006734                tud_cdc_n_write_available
 .text.cdcd_init
                0x000000001000674c       0x7c CMakeFiles/receiver_CC2500.dir/Users/wenya589/TA_courses/wcnes_project/2023/pico/pico-sdk/lib/tinyusb/src/class/cdc/cdc_device.c.obj
                0x000000001000674c                cdcd_init
 .text.cdcd_reset
                0x00000000100067c8       0x2c CMakeFiles/receiver_CC2500.dir/Users/wenya589/TA_courses/wcnes_project/2023/pico/pico-sdk/lib/tinyusb/src/class/cdc/cdc_device.c.obj
                0x00000000100067c8                cdcd_reset
 .text.cdcd_open
                0x00000000100067f4       0xe4 CMakeFiles/receiver_CC2500.dir/Users/wenya589/TA_courses/wcnes_project/2023/pico/pico-sdk/lib/tinyusb/src/class/cdc/cdc_device.c.obj
                0x00000000100067f4                cdcd_open
 .text.cdcd_control_xfer_cb
                0x00000000100068d8       0xe4 CMakeFiles/receiver_CC2500.dir/Users/wenya589/TA_courses/wcnes_project/2023/pico/pico-sdk/lib/tinyusb/src/class/cdc/cdc_device.c.obj
                0x00000000100068d8                cdcd_control_xfer_cb
 .text.cdcd_xfer_cb
                0x00000000100069bc      0x13c CMakeFiles/receiver_CC2500.dir/Users/wenya589/TA_courses/wcnes_project/2023/pico/pico-sdk/lib/tinyusb/src/class/cdc/cdc_device.c.obj
                0x00000000100069bc                cdcd_xfer_cb
 .text.tusb_init
                0x0000000010006af8        0xc CMakeFiles/receiver_CC2500.dir/Users/wenya589/TA_courses/wcnes_project/2023/pico/pico-sdk/lib/tinyusb/src/tusb.c.obj
                0x0000000010006af8                tusb_init
 .text.tusb_inited
                0x0000000010006b04        0x8 CMakeFiles/receiver_CC2500.dir/Users/wenya589/TA_courses/wcnes_project/2023/pico/pico-sdk/lib/tinyusb/src/tusb.c.obj
                0x0000000010006b04                tusb_inited
 .text.tu_edpt_claim
                0x0000000010006b0c       0x50 CMakeFiles/receiver_CC2500.dir/Users/wenya589/TA_courses/wcnes_project/2023/pico/pico-sdk/lib/tinyusb/src/tusb.c.obj
                0x0000000010006b0c                tu_edpt_claim
 .text.tu_edpt_release
                0x0000000010006b5c       0x38 CMakeFiles/receiver_CC2500.dir/Users/wenya589/TA_courses/wcnes_project/2023/pico/pico-sdk/lib/tinyusb/src/tusb.c.obj
                0x0000000010006b5c                tu_edpt_release
 .text.tu_edpt_validate
                0x0000000010006b94       0x7c CMakeFiles/receiver_CC2500.dir/Users/wenya589/TA_courses/wcnes_project/2023/pico/pico-sdk/lib/tinyusb/src/tusb.c.obj
                0x0000000010006b94                tu_edpt_validate
 .text.tu_edpt_bind_driver
                0x0000000010006c10       0x34 CMakeFiles/receiver_CC2500.dir/Users/wenya589/TA_courses/wcnes_project/2023/pico/pico-sdk/lib/tinyusb/src/tusb.c.obj
                0x0000000010006c10                tu_edpt_bind_driver
 .text.tu_fifo_config
                0x0000000010006c44       0x6c CMakeFiles/receiver_CC2500.dir/Users/wenya589/TA_courses/wcnes_project/2023/pico/pico-sdk/lib/tinyusb/src/common/tusb_fifo.c.obj
                0x0000000010006c44                tu_fifo_config
 .text.tu_fifo_count
                0x0000000010006cb0       0x2c CMakeFiles/receiver_CC2500.dir/Users/wenya589/TA_courses/wcnes_project/2023/pico/pico-sdk/lib/tinyusb/src/common/tusb_fifo.c.obj
                0x0000000010006cb0                tu_fifo_count
 .text.tu_fifo_empty
                0x0000000010006cdc       0x10 CMakeFiles/receiver_CC2500.dir/Users/wenya589/TA_courses/wcnes_project/2023/pico/pico-sdk/lib/tinyusb/src/common/tusb_fifo.c.obj
                0x0000000010006cdc                tu_fifo_empty
 .text.tu_fifo_remaining
                0x0000000010006cec       0x2c CMakeFiles/receiver_CC2500.dir/Users/wenya589/TA_courses/wcnes_project/2023/pico/pico-sdk/lib/tinyusb/src/common/tusb_fifo.c.obj
                0x0000000010006cec                tu_fifo_remaining
 .text.tu_fifo_read
                0x0000000010006d18       0x9c CMakeFiles/receiver_CC2500.dir/Users/wenya589/TA_courses/wcnes_project/2023/pico/pico-sdk/lib/tinyusb/src/common/tusb_fifo.c.obj
                0x0000000010006d18                tu_fifo_read
 .text.tu_fifo_read_n
                0x0000000010006db4       0xe8 CMakeFiles/receiver_CC2500.dir/Users/wenya589/TA_courses/wcnes_project/2023/pico/pico-sdk/lib/tinyusb/src/common/tusb_fifo.c.obj
                0x0000000010006db4                tu_fifo_read_n
 .text.tu_fifo_write
                0x0000000010006e9c       0x88 CMakeFiles/receiver_CC2500.dir/Users/wenya589/TA_courses/wcnes_project/2023/pico/pico-sdk/lib/tinyusb/src/common/tusb_fifo.c.obj
                0x0000000010006e9c                tu_fifo_write
 .text.tu_fifo_write_n
                0x0000000010006f24      0x170 CMakeFiles/receiver_CC2500.dir/Users/wenya589/TA_courses/wcnes_project/2023/pico/pico-sdk/lib/tinyusb/src/common/tusb_fifo.c.obj
                0x0000000010006f24                tu_fifo_write_n
 .text.tu_fifo_clear
                0x0000000010007094       0x40 CMakeFiles/receiver_CC2500.dir/Users/wenya589/TA_courses/wcnes_project/2023/pico/pico-sdk/lib/tinyusb/src/common/tusb_fifo.c.obj
                0x0000000010007094                tu_fifo_clear
 .text.tu_fifo_set_overwritable
                0x00000000100070d4       0x48 CMakeFiles/receiver_CC2500.dir/Users/wenya589/TA_courses/wcnes_project/2023/pico/pico-sdk/lib/tinyusb/src/common/tusb_fifo.c.obj
                0x00000000100070d4                tu_fifo_set_overwritable
 .text.spi_init
                0x000000001000711c       0xf0 CMakeFiles/receiver_CC2500.dir/Users/wenya589/TA_courses/wcnes_project/2023/pico/pico-sdk/src/rp2_common/hardware_spi/spi.c.obj
                0x000000001000711c                spi_init
 .text.calloc   0x000000001000720c       0x18 /Applications/ArmGNUToolchain/12.2.rel1/arm-none-eabi/bin/../lib/gcc/arm-none-eabi/12.2.1/../../../../arm-none-eabi/lib/thumb/v6-m/nofp/libc.a(libc_a-calloc.o)
                0x000000001000720c                calloc
 .text._calloc_r
                0x0000000010007224       0xa8 /Applications/ArmGNUToolchain/12.2.rel1/arm-none-eabi/bin/../lib/gcc/arm-none-eabi/12.2.1/../../../../arm-none-eabi/lib/thumb/v6-m/nofp/libc.a(libc_a-callocr.o)
                0x0000000010007224                _calloc_r
 .text._malloc_r
                0x00000000100072cc      0x590 /Applications/ArmGNUToolchain/12.2.rel1/arm-none-eabi/bin/../lib/gcc/arm-none-eabi/12.2.1/../../../../arm-none-eabi/lib/thumb/v6-m/nofp/libc.a(libc_a-mallocr.o)
                0x00000000100072cc                _malloc_r
 .text.__malloc_lock
                0x000000001000785c       0x10 /Applications/ArmGNUToolchain/12.2.rel1/arm-none-eabi/bin/../lib/gcc/arm-none-eabi/12.2.1/../../../../arm-none-eabi/lib/thumb/v6-m/nofp/libc.a(libc_a-mlock.o)
                0x000000001000785c                __malloc_lock
 .text.__malloc_unlock
                0x000000001000786c       0x10 /Applications/ArmGNUToolchain/12.2.rel1/arm-none-eabi/bin/../lib/gcc/arm-none-eabi/12.2.1/../../../../arm-none-eabi/lib/thumb/v6-m/nofp/libc.a(libc_a-mlock.o)
                0x000000001000786c                __malloc_unlock
 .text._sbrk_r  0x000000001000787c       0x24 /Applications/ArmGNUToolchain/12.2.rel1/arm-none-eabi/bin/../lib/gcc/arm-none-eabi/12.2.1/../../../../arm-none-eabi/lib/thumb/v6-m/nofp/libc.a(libc_a-sbrkr.o)
                0x000000001000787c                _sbrk_r
 .text.__errno  0x00000000100078a0        0xc /Applications/ArmGNUToolchain/12.2.rel1/arm-none-eabi/bin/../lib/gcc/arm-none-eabi/12.2.1/../../../../arm-none-eabi/lib/thumb/v6-m/nofp/libc.a(libc_a-errno.o)
                0x00000000100078a0                __errno
 .text.sysconf  0x00000000100078ac       0x1c /Applications/ArmGNUToolchain/12.2.rel1/arm-none-eabi/bin/../lib/gcc/arm-none-eabi/12.2.1/../../../../arm-none-eabi/lib/thumb/v6-m/nofp/libc.a(libc_a-sysconf.o)
                0x00000000100078ac                sysconf
 .text.__retarget_lock_acquire_recursive
                0x00000000100078c8        0x4 /Applications/ArmGNUToolchain/12.2.rel1/arm-none-eabi/bin/../lib/gcc/arm-none-eabi/12.2.1/../../../../arm-none-eabi/lib/thumb/v6-m/nofp/libc.a(libc_a-lock.o)
                0x00000000100078c8                __retarget_lock_acquire_recursive
 .text.__retarget_lock_release_recursive
                0x00000000100078cc        0x4 /Applications/ArmGNUToolchain/12.2.rel1/arm-none-eabi/bin/../lib/gcc/arm-none-eabi/12.2.1/../../../../arm-none-eabi/lib/thumb/v6-m/nofp/libc.a(libc_a-lock.o)
                0x00000000100078cc                __retarget_lock_release_recursive
 .text.strlen   0x00000000100078d0       0x5c /Applications/ArmGNUToolchain/12.2.rel1/arm-none-eabi/bin/../lib/gcc/arm-none-eabi/12.2.1/../../../../arm-none-eabi/lib/thumb/v6-m/nofp/libc.a(libc_a-strlen-stub.o)
                0x00000000100078d0                strlen
 .text._malloc_trim_r
                0x000000001000792c       0xb4 /Applications/ArmGNUToolchain/12.2.rel1/arm-none-eabi/bin/../lib/gcc/arm-none-eabi/12.2.1/../../../../arm-none-eabi/lib/thumb/v6-m/nofp/libc.a(libc_a-freer.o)
                0x000000001000792c                _malloc_trim_r
 .text._free_r  0x00000000100079e0      0x1c0 /Applications/ArmGNUToolchain/12.2.rel1/arm-none-eabi/bin/../lib/gcc/arm-none-eabi/12.2.1/../../../../arm-none-eabi/lib/thumb/v6-m/nofp/libc.a(libc_a-freer.o)
                0x00000000100079e0                _free_r
 *(.fini)
 .fini          0x0000000010007ba0        0x4 /Applications/ArmGNUToolchain/12.2.rel1/arm-none-eabi/bin/../lib/gcc/arm-none-eabi/12.2.1/thumb/v6-m/nofp/crti.o
                0x0000000010007ba0                _fini
 *fill*         0x0000000010007ba4        0x4 
 .fini.__stub   0x0000000010007ba8       0xe0 linker stubs
 *crtbegin.o(.ctors)
 *crtbegin?.o(.ctors)
 *(EXCLUDE_FILE(*crtend.o *crtend?.o) .ctors)
 *(SORT_BY_NAME(.ctors.*))
 *(.ctors)
 *crtbegin.o(.dtors)
 *crtbegin?.o(.dtors)
 *(EXCLUDE_FILE(*crtend.o *crtend?.o) .dtors)
 *(SORT_BY_NAME(.dtors.*))
 *(.dtors)
 *(.eh_frame*)
 .eh_frame      0x0000000010007c88        0x0 /Applications/ArmGNUToolchain/12.2.rel1/arm-none-eabi/bin/../lib/gcc/arm-none-eabi/12.2.1/thumb/v6-m/nofp/crtbegin.o
                0x0000000010007c88                . = ALIGN (0x4)

.glue_7         0x0000000010007c88        0x0
 .glue_7        0x0000000010007c88        0x0 linker stubs

.glue_7t        0x0000000010007c88        0x0
 .glue_7t       0x0000000010007c88        0x0 linker stubs

.vfp11_veneer   0x0000000010007c88        0x0
 .vfp11_veneer  0x0000000010007c88        0x0 linker stubs

.v4_bx          0x0000000010007c88        0x0
 .v4_bx         0x0000000010007c88        0x0 linker stubs

.iplt           0x0000000010007c88        0x0
 .iplt          0x0000000010007c88        0x0 /Applications/ArmGNUToolchain/12.2.rel1/arm-none-eabi/bin/../lib/gcc/arm-none-eabi/12.2.1/thumb/v6-m/nofp/crtbegin.o

.rodata         0x0000000010007c88      0x57c
 *(EXCLUDE_FILE(*libm.a: *libc.a:*lib_a-mem*.o *libgcc.a:) .rodata*)
 .rodata.printPacket.str1.4
                0x0000000010007c88       0x6d CMakeFiles/receiver_CC2500.dir/receiver_CC2500.c.obj
                                         0x7e (size before relaxing)
 *fill*         0x0000000010007cf5        0x3 
 .rodata.__bi_285.0
                0x0000000010007cf8        0x8 CMakeFiles/receiver_CC2500.dir/receiver_CC2500.c.obj
 .rodata.str1.4
                0x0000000010007d00        0x7 CMakeFiles/receiver_CC2500.dir/receiver_CC2500.c.obj
 *fill*         0x0000000010007d07        0x1 
 .rodata.__bi_293.1
                0x0000000010007d08        0xc CMakeFiles/receiver_CC2500.dir/receiver_CC2500.c.obj
 .rodata.spin_lock_claim_unused.str1.4
                0x0000000010007d14       0x1b CMakeFiles/receiver_CC2500.dir/Users/wenya589/TA_courses/wcnes_project/2023/pico/pico-sdk/src/rp2_common/hardware_sync/sync.c.obj
 *fill*         0x0000000010007d2f        0x1 
 .rodata.user_irq_claim_unused.str1.4
                0x0000000010007d30       0x1b CMakeFiles/receiver_CC2500.dir/Users/wenya589/TA_courses/wcnes_project/2023/pico/pico-sdk/src/rp2_common/hardware_irq/irq.c.obj
 *fill*         0x0000000010007d4b        0x1 
 .rodata.hardware_alarm_claim.str1.4
                0x0000000010007d4c       0x22 CMakeFiles/receiver_CC2500.dir/Users/wenya589/TA_courses/wcnes_project/2023/pico/pico-sdk/src/rp2_common/hardware_timer/timer.c.obj
 *fill*         0x0000000010007d6e        0x2 
 .rodata.panic.str1.4
                0x0000000010007d70       0x12 CMakeFiles/receiver_CC2500.dir/Users/wenya589/TA_courses/wcnes_project/2023/pico/pico-sdk/src/rp2_common/pico_runtime/runtime.c.obj
 *fill*         0x0000000010007d82        0x2 
 .rodata.hard_assertion_failure.str1.4
                0x0000000010007d84        0xc CMakeFiles/receiver_CC2500.dir/Users/wenya589/TA_courses/wcnes_project/2023/pico/pico-sdk/src/rp2_common/pico_runtime/runtime.c.obj
 .rodata._ftoa.str1.4
                0x0000000010007d90       0x15 CMakeFiles/receiver_CC2500.dir/Users/wenya589/TA_courses/wcnes_project/2023/pico/pico-sdk/src/rp2_common/pico_printf/printf.c.obj
 *fill*         0x0000000010007da5        0x3 
 .rodata._vsnprintf
                0x0000000010007da8      0x19c CMakeFiles/receiver_CC2500.dir/Users/wenya589/TA_courses/wcnes_project/2023/pico/pico-sdk/src/rp2_common/pico_printf/printf.c.obj
 *fill*         0x0000000010007f44        0x4 
 .rodata.pow10.0
                0x0000000010007f48       0x50 CMakeFiles/receiver_CC2500.dir/Users/wenya589/TA_courses/wcnes_project/2023/pico/pico-sdk/src/rp2_common/pico_printf/printf.c.obj
 .rodata.__wrap_malloc.str1.4
                0x0000000010007f98        0xe CMakeFiles/receiver_CC2500.dir/Users/wenya589/TA_courses/wcnes_project/2023/pico/pico-sdk/src/rp2_common/pico_malloc/pico_malloc.c.obj
 *fill*         0x0000000010007fa6        0x2 
 .rodata.str1.4
                0x0000000010007fa8       0x44 CMakeFiles/receiver_CC2500.dir/Users/wenya589/TA_courses/wcnes_project/2023/pico/pico-sdk/src/rp2_common/pico_standard_link/binary_info.c.obj
 .rodata.__bi_81
                0x0000000010007fec        0xc CMakeFiles/receiver_CC2500.dir/Users/wenya589/TA_courses/wcnes_project/2023/pico/pico-sdk/src/rp2_common/pico_standard_link/binary_info.c.obj
 .rodata.__bi_75
                0x0000000010007ff8        0xc CMakeFiles/receiver_CC2500.dir/Users/wenya589/TA_courses/wcnes_project/2023/pico/pico-sdk/src/rp2_common/pico_standard_link/binary_info.c.obj
 .rodata.__bi_44
                0x0000000010008004        0xc CMakeFiles/receiver_CC2500.dir/Users/wenya589/TA_courses/wcnes_project/2023/pico/pico-sdk/src/rp2_common/pico_standard_link/binary_info.c.obj
 .rodata.crlf_str.0
                0x0000000010008010        0x2 CMakeFiles/receiver_CC2500.dir/Users/wenya589/TA_courses/wcnes_project/2023/pico/pico-sdk/src/rp2_common/pico_stdio/stdio.c.obj
 *fill*         0x0000000010008012        0x2 
 .rodata._resetd_driver
                0x0000000010008014       0x18 CMakeFiles/receiver_CC2500.dir/Users/wenya589/TA_courses/wcnes_project/2023/pico/pico-sdk/src/rp2_common/pico_stdio_usb/reset_interface.c.obj
 .rodata.str1.4
                0x000000001000802c       0x13 CMakeFiles/receiver_CC2500.dir/Users/wenya589/TA_courses/wcnes_project/2023/pico/pico-sdk/src/rp2_common/pico_stdio_usb/stdio_usb.c.obj
 *fill*         0x000000001000803f        0x1 
 .rodata.__bi_188.0
                0x0000000010008040        0xc CMakeFiles/receiver_CC2500.dir/Users/wenya589/TA_courses/wcnes_project/2023/pico/pico-sdk/src/rp2_common/pico_stdio_usb/stdio_usb.c.obj
 .rodata.str1.4
                0x000000001000804c       0x2a CMakeFiles/receiver_CC2500.dir/Users/wenya589/TA_courses/wcnes_project/2023/pico/pico-sdk/src/rp2_common/pico_stdio_usb/stdio_usb_descriptors.c.obj
 *fill*         0x0000000010008076        0x2 
 .rodata.usbd_desc_str
                0x0000000010008078       0x18 CMakeFiles/receiver_CC2500.dir/Users/wenya589/TA_courses/wcnes_project/2023/pico/pico-sdk/src/rp2_common/pico_stdio_usb/stdio_usb_descriptors.c.obj
 .rodata.usbd_desc_cfg
                0x0000000010008090       0x54 CMakeFiles/receiver_CC2500.dir/Users/wenya589/TA_courses/wcnes_project/2023/pico/pico-sdk/src/rp2_common/pico_stdio_usb/stdio_usb_descriptors.c.obj
 .rodata.usbd_desc_device
                0x00000000100080e4       0x12 CMakeFiles/receiver_CC2500.dir/Users/wenya589/TA_courses/wcnes_project/2023/pico/pico-sdk/src/rp2_common/pico_stdio_usb/stdio_usb_descriptors.c.obj
 *fill*         0x00000000100080f6        0x2 
 .rodata.str1.4
                0x00000000100080f8       0x14 CMakeFiles/receiver_CC2500.dir/Users/wenya589/TA_courses/wcnes_project/2023/pico/pico-sdk/lib/tinyusb/src/portable/raspberrypi/rp2040/dcd_rp2040.c.obj
 .rodata.str1.4
                0x000000001000810c       0x53 CMakeFiles/receiver_CC2500.dir/Users/wenya589/TA_courses/wcnes_project/2023/pico/pico-sdk/lib/tinyusb/src/portable/raspberrypi/rp2040/rp2040_usb.c.obj
 *fill*         0x000000001000815f        0x1 
 .rodata.tud_task_ext
                0x0000000010008160       0x8c CMakeFiles/receiver_CC2500.dir/Users/wenya589/TA_courses/wcnes_project/2023/pico/pico-sdk/lib/tinyusb/src/device/usbd.c.obj
 .rodata._usbd_driver
                0x00000000100081ec       0x18 CMakeFiles/receiver_CC2500.dir/Users/wenya589/TA_courses/wcnes_project/2023/pico/pico-sdk/lib/tinyusb/src/device/usbd.c.obj
                0x0000000010008204                . = ALIGN (0x4)
 *(SORT_BY_ALIGNMENT(SORT_BY_NAME(.flashdata*)))
                0x0000000010008204                . = ALIGN (0x4)

.rel.dyn        0x0000000010008204        0x0
 .rel.iplt      0x0000000010008204        0x0 /Applications/ArmGNUToolchain/12.2.rel1/arm-none-eabi/bin/../lib/gcc/arm-none-eabi/12.2.1/thumb/v6-m/nofp/crtbegin.o

.ARM.extab
 *(.ARM.extab* .gnu.linkonce.armextab.*)
                0x0000000010008204                __exidx_start = .

.ARM.exidx
 *(.ARM.exidx* .gnu.linkonce.armexidx.*)
                0x0000000010008204                __exidx_end = .
                0x0000000010008204                . = ALIGN (0x4)
                0x0000000010008204                __binary_info_start = .

.binary_info    0x0000000010008204       0x28
 *(.binary_info.keep.*)
 .binary_info.keep.__bi_ptr293
                0x0000000010008204        0x4 CMakeFiles/receiver_CC2500.dir/receiver_CC2500.c.obj
 .binary_info.keep.__bi_ptr285
                0x0000000010008208        0x4 CMakeFiles/receiver_CC2500.dir/receiver_CC2500.c.obj
 .binary_info.keep.__bi_ptr81
                0x000000001000820c        0x4 CMakeFiles/receiver_CC2500.dir/Users/wenya589/TA_courses/wcnes_project/2023/pico/pico-sdk/src/rp2_common/pico_standard_link/binary_info.c.obj
 .binary_info.keep.__bi_ptr75
                0x0000000010008210        0x4 CMakeFiles/receiver_CC2500.dir/Users/wenya589/TA_courses/wcnes_project/2023/pico/pico-sdk/src/rp2_common/pico_standard_link/binary_info.c.obj
 .binary_info.keep.__bi_ptr50
                0x0000000010008214        0x4 CMakeFiles/receiver_CC2500.dir/Users/wenya589/TA_courses/wcnes_project/2023/pico/pico-sdk/src/rp2_common/pico_standard_link/binary_info.c.obj
 .binary_info.keep.__bi_ptr44
                0x0000000010008218        0x4 CMakeFiles/receiver_CC2500.dir/Users/wenya589/TA_courses/wcnes_project/2023/pico/pico-sdk/src/rp2_common/pico_standard_link/binary_info.c.obj
 .binary_info.keep.__bi_ptr38
                0x000000001000821c        0x4 CMakeFiles/receiver_CC2500.dir/Users/wenya589/TA_courses/wcnes_project/2023/pico/pico-sdk/src/rp2_common/pico_standard_link/binary_info.c.obj
 .binary_info.keep.__bi_ptr30
                0x0000000010008220        0x4 CMakeFiles/receiver_CC2500.dir/Users/wenya589/TA_courses/wcnes_project/2023/pico/pico-sdk/src/rp2_common/pico_standard_link/binary_info.c.obj
 .binary_info.keep.__bi_ptr22
                0x0000000010008224        0x4 CMakeFiles/receiver_CC2500.dir/Users/wenya589/TA_courses/wcnes_project/2023/pico/pico-sdk/src/rp2_common/pico_standard_link/binary_info.c.obj
 *(.binary_info.*)
 .binary_info.__bi_ptr188
                0x0000000010008228        0x4 CMakeFiles/receiver_CC2500.dir/Users/wenya589/TA_courses/wcnes_project/2023/pico/pico-sdk/src/rp2_common/pico_stdio_usb/stdio_usb.c.obj
                0x000000001000822c                __binary_info_end = .
                0x000000001000822c                . = ALIGN (0x4)
                0x000000001000822c                __etext = .

.ram_vector_table
                0x0000000020000000       0xc0
 *(.ram_vector_table)
 .ram_vector_table
                0x0000000020000000       0xc0 CMakeFiles/receiver_CC2500.dir/Users/wenya589/TA_courses/wcnes_project/2023/pico/pico-sdk/src/rp2_common/pico_runtime/runtime.c.obj
                0x0000000020000000                ram_vector_table

.data           0x00000000200000c0     0x1438 load address 0x000000001000822c
                0x00000000200000c0                __data_start__ = .
 *(vtable)
 *(.time_critical*)
 .time_critical.mutex_try_enter
                0x00000000200000c0       0x40 CMakeFiles/receiver_CC2500.dir/Users/wenya589/TA_courses/wcnes_project/2023/pico/pico-sdk/src/common/pico_sync/mutex.c.obj
                0x00000000200000c0                mutex_try_enter
 .time_critical.mutex_try_enter_block_until
                0x0000000020000100       0x9c CMakeFiles/receiver_CC2500.dir/Users/wenya589/TA_courses/wcnes_project/2023/pico/pico-sdk/src/common/pico_sync/mutex.c.obj
                0x0000000020000100                mutex_try_enter_block_until
 .time_critical.mutex_enter_timeout_ms
                0x000000002000019c       0x90 CMakeFiles/receiver_CC2500.dir/Users/wenya589/TA_courses/wcnes_project/2023/pico/pico-sdk/src/common/pico_sync/mutex.c.obj
                0x000000002000019c                mutex_enter_timeout_ms
 .time_critical.mutex_exit
                0x000000002000022c       0x28 CMakeFiles/receiver_CC2500.dir/Users/wenya589/TA_courses/wcnes_project/2023/pico/pico-sdk/src/common/pico_sync/mutex.c.obj
                0x000000002000022c                mutex_exit
 .time_critical.flash_init_boot2_copyout
                0x0000000020000254       0x30 CMakeFiles/receiver_CC2500.dir/Users/wenya589/TA_courses/wcnes_project/2023/pico/pico-sdk/src/rp2_common/hardware_flash/flash.c.obj
 .time_critical.flash_enable_xip_via_boot2
                0x0000000020000284        0xc CMakeFiles/receiver_CC2500.dir/Users/wenya589/TA_courses/wcnes_project/2023/pico/pico-sdk/src/rp2_common/hardware_flash/flash.c.obj
 .time_critical.flash_cs_force
                0x0000000020000290       0x38 CMakeFiles/receiver_CC2500.dir/Users/wenya589/TA_courses/wcnes_project/2023/pico/pico-sdk/src/rp2_common/hardware_flash/flash.c.obj
 .time_critical.flash_do_cmd
                0x00000000200002c8       0xc0 CMakeFiles/receiver_CC2500.dir/Users/wenya589/TA_courses/wcnes_project/2023/pico/pico-sdk/src/rp2_common/hardware_flash/flash.c.obj
                0x00000000200002c8                flash_do_cmd
 .time_critical.reset_non_control_endpoints
                0x0000000020000388       0x68 CMakeFiles/receiver_CC2500.dir/Users/wenya589/TA_courses/wcnes_project/2023/pico/pico-sdk/lib/tinyusb/src/portable/raspberrypi/rp2040/dcd_rp2040.c.obj
 .time_critical.hw_handle_buff_status
                0x00000000200003f0       0xac CMakeFiles/receiver_CC2500.dir/Users/wenya589/TA_courses/wcnes_project/2023/pico/pico-sdk/lib/tinyusb/src/portable/raspberrypi/rp2040/dcd_rp2040.c.obj
 .time_critical.dcd_rp2040_irq
                0x000000002000049c      0x510 CMakeFiles/receiver_CC2500.dir/Users/wenya589/TA_courses/wcnes_project/2023/pico/pico-sdk/lib/tinyusb/src/portable/raspberrypi/rp2040/dcd_rp2040.c.obj
 .time_critical.e15_is_bulkin_ep
                0x00000000200009ac       0x28 CMakeFiles/receiver_CC2500.dir/Users/wenya589/TA_courses/wcnes_project/2023/pico/pico-sdk/lib/tinyusb/src/portable/raspberrypi/rp2040/rp2040_usb.c.obj
 .time_critical.e15_is_critical_frame_period
                0x00000000200009d4       0x34 CMakeFiles/receiver_CC2500.dir/Users/wenya589/TA_courses/wcnes_project/2023/pico/pico-sdk/lib/tinyusb/src/portable/raspberrypi/rp2040/rp2040_usb.c.obj
 .time_critical.prepare_ep_buffer
                0x0000000020000a08       0x6c CMakeFiles/receiver_CC2500.dir/Users/wenya589/TA_courses/wcnes_project/2023/pico/pico-sdk/lib/tinyusb/src/portable/raspberrypi/rp2040/rp2040_usb.c.obj
 .time_critical.sync_ep_buffer
                0x0000000020000a74       0x48 CMakeFiles/receiver_CC2500.dir/Users/wenya589/TA_courses/wcnes_project/2023/pico/pico-sdk/lib/tinyusb/src/portable/raspberrypi/rp2040/rp2040_usb.c.obj
 .time_critical._hw_endpoint_xfer_sync
                0x0000000020000abc       0x28 CMakeFiles/receiver_CC2500.dir/Users/wenya589/TA_courses/wcnes_project/2023/pico/pico-sdk/lib/tinyusb/src/portable/raspberrypi/rp2040/rp2040_usb.c.obj
 .time_critical.hw_endpoint_reset_transfer
                0x0000000020000ae4        0xc CMakeFiles/receiver_CC2500.dir/Users/wenya589/TA_courses/wcnes_project/2023/pico/pico-sdk/lib/tinyusb/src/portable/raspberrypi/rp2040/rp2040_usb.c.obj
                0x0000000020000ae4                hw_endpoint_reset_transfer
 .time_critical._hw_endpoint_buffer_control_update32
                0x0000000020000af0       0x58 CMakeFiles/receiver_CC2500.dir/Users/wenya589/TA_courses/wcnes_project/2023/pico/pico-sdk/lib/tinyusb/src/portable/raspberrypi/rp2040/rp2040_usb.c.obj
                0x0000000020000af0                _hw_endpoint_buffer_control_update32
 .time_critical.hw_endpoint_start_next_buffer
                0x0000000020000b48       0x6c CMakeFiles/receiver_CC2500.dir/Users/wenya589/TA_courses/wcnes_project/2023/pico/pico-sdk/lib/tinyusb/src/portable/raspberrypi/rp2040/rp2040_usb.c.obj
                0x0000000020000b48                hw_endpoint_start_next_buffer
 .time_critical.hw_endpoint_xfer_continue
                0x0000000020000bb4       0x50 CMakeFiles/receiver_CC2500.dir/Users/wenya589/TA_courses/wcnes_project/2023/pico/pico-sdk/lib/tinyusb/src/portable/raspberrypi/rp2040/rp2040_usb.c.obj
                0x0000000020000bb4                hw_endpoint_xfer_continue
 .time_critical.tinyusb
                0x0000000020000c04      0x170 CMakeFiles/receiver_CC2500.dir/Users/wenya589/TA_courses/wcnes_project/2023/pico/pico-sdk/lib/tinyusb/src/device/usbd.c.obj
                0x0000000020000c04                dcd_event_handler
 .time_critical.spi_write_blocking
                0x0000000020000d74       0x4c CMakeFiles/receiver_CC2500.dir/Users/wenya589/TA_courses/wcnes_project/2023/pico/pico-sdk/src/rp2_common/hardware_spi/spi.c.obj
                0x0000000020000d74                spi_write_blocking
 .time_critical.spi_read_blocking
                0x0000000020000dc0       0x68 CMakeFiles/receiver_CC2500.dir/Users/wenya589/TA_courses/wcnes_project/2023/pico/pico-sdk/src/rp2_common/hardware_spi/spi.c.obj
                0x0000000020000dc0                spi_read_blocking
 *(.text*)
 .text          0x0000000020000e28        0x4 /Applications/ArmGNUToolchain/12.2.rel1/arm-none-eabi/bin/../lib/gcc/arm-none-eabi/12.2.1/thumb/v6-m/nofp/libgcc.a(_dvmd_tls.o)
                0x0000000020000e28                __aeabi_ldiv0
                0x0000000020000e28                __aeabi_idiv0
 *fill*         0x0000000020000e2c        0x4 
 .text.__stub   0x0000000020000e30       0x70 linker stubs
                0x0000000020000ea0                . = ALIGN (0x4)
 *(.rodata*)
                0x0000000020000ea0                . = ALIGN (0x4)
 *(.data*)
 .data.cc2500_receiver
                0x0000000020000ea0       0x28 CMakeFiles/receiver_CC2500.dir/receiver_CC2500.c.obj
                0x0000000020000ea0                cc2500_receiver
 .data.striped_spin_lock_num
                0x0000000020000ec8        0x1 CMakeFiles/receiver_CC2500.dir/Users/wenya589/TA_courses/wcnes_project/2023/pico/pico-sdk/src/rp2_common/hardware_sync/sync.c.obj
 *fill*         0x0000000020000ec9        0x3 
 .data          0x0000000020000ecc       0x48 CMakeFiles/receiver_CC2500.dir/Users/wenya589/TA_courses/wcnes_project/2023/pico/pico-sdk/src/rp2_common/hardware_irq/irq_handler_chain.S.obj
                0x0000000020000ecc                irq_handler_chain_slots
                0x0000000020000efc                irq_handler_chain_first_slot
                0x0000000020000f06                irq_handler_chain_remove_tail
 .data.default_alarm_pool
                0x0000000020000f14       0x18 CMakeFiles/receiver_CC2500.dir/Users/wenya589/TA_courses/wcnes_project/2023/pico/pico-sdk/src/common/pico_time/time.c.obj
 .data.default_alarm_pool_heap
                0x0000000020000f2c       0x10 CMakeFiles/receiver_CC2500.dir/Users/wenya589/TA_courses/wcnes_project/2023/pico/pico-sdk/src/common/pico_time/time.c.obj
 *fill*         0x0000000020000f3c        0x4 
 .data.aeabi_bits_funcs
                0x0000000020000f40       0x10 CMakeFiles/receiver_CC2500.dir/Users/wenya589/TA_courses/wcnes_project/2023/pico/pico-sdk/src/rp2_common/pico_bit_ops/bit_ops_aeabi.S.obj
                0x0000000020000f40                aeabi_bits_funcs
                0x0000000020000f50                aeabi_bits_funcs_end
 .data.aeabi_mem_funcs
                0x0000000020000f50       0x10 CMakeFiles/receiver_CC2500.dir/Users/wenya589/TA_courses/wcnes_project/2023/pico/pico-sdk/src/rp2_common/pico_mem_ops/mem_ops_aeabi.S.obj
                0x0000000020000f50                aeabi_mem_funcs
                0x0000000020000f60                aeabi_mem_funcs_end
 .data.stdio_usb
                0x0000000020000f60       0x18 CMakeFiles/receiver_CC2500.dir/Users/wenya589/TA_courses/wcnes_project/2023/pico/pico-sdk/src/rp2_common/pico_stdio_usb/stdio_usb.c.obj
                0x0000000020000f60                stdio_usb
 .data.ep_dir_string
                0x0000000020000f78        0x8 CMakeFiles/receiver_CC2500.dir/Users/wenya589/TA_courses/wcnes_project/2023/pico/pico-sdk/lib/tinyusb/src/portable/raspberrypi/rp2040/rp2040_usb.c.obj
                0x0000000020000f78                ep_dir_string
 .data._usbd_qdef
                0x0000000020000f80       0x1c CMakeFiles/receiver_CC2500.dir/Users/wenya589/TA_courses/wcnes_project/2023/pico/pico-sdk/lib/tinyusb/src/device/usbd.c.obj
                0x0000000020000f80                _usbd_qdef
 .data._usbd_rhport
                0x0000000020000f9c        0x1 CMakeFiles/receiver_CC2500.dir/Users/wenya589/TA_courses/wcnes_project/2023/pico/pico-sdk/lib/tinyusb/src/device/usbd.c.obj
 *fill*         0x0000000020000f9d        0x3 
 .data.__malloc_sbrk_base
                0x0000000020000fa0        0x4 /Applications/ArmGNUToolchain/12.2.rel1/arm-none-eabi/bin/../lib/gcc/arm-none-eabi/12.2.1/../../../../arm-none-eabi/lib/thumb/v6-m/nofp/libc.a(libc_a-mallocr.o)
                0x0000000020000fa0                __malloc_sbrk_base
 .data.__malloc_trim_threshold
                0x0000000020000fa4        0x4 /Applications/ArmGNUToolchain/12.2.rel1/arm-none-eabi/bin/../lib/gcc/arm-none-eabi/12.2.1/../../../../arm-none-eabi/lib/thumb/v6-m/nofp/libc.a(libc_a-mallocr.o)
                0x0000000020000fa4                __malloc_trim_threshold
 .data.__malloc_av_
                0x0000000020000fa8      0x408 /Applications/ArmGNUToolchain/12.2.rel1/arm-none-eabi/bin/../lib/gcc/arm-none-eabi/12.2.1/../../../../arm-none-eabi/lib/thumb/v6-m/nofp/libc.a(libc_a-mallocr.o)
                0x0000000020000fa8                __malloc_av_
 .data._impure_ptr
                0x00000000200013b0        0x4 /Applications/ArmGNUToolchain/12.2.rel1/arm-none-eabi/bin/../lib/gcc/arm-none-eabi/12.2.1/../../../../arm-none-eabi/lib/thumb/v6-m/nofp/libc.a(libc_a-impure.o)
                0x00000000200013b0                _impure_ptr
 *fill*         0x00000000200013b4        0x4 
 .data._impure_data
                0x00000000200013b8      0x120 /Applications/ArmGNUToolchain/12.2.rel1/arm-none-eabi/bin/../lib/gcc/arm-none-eabi/12.2.1/../../../../arm-none-eabi/lib/thumb/v6-m/nofp/libc.a(libc_a-impure.o)
                0x00000000200013b8                _impure_data
                0x00000000200014d8                . = ALIGN (0x4)
 *(.after_data.*)
                0x00000000200014d8                . = ALIGN (0x4)
                0x00000000200014d8                PROVIDE (__mutex_array_start = .)
 *(SORT_BY_NAME(.mutex_array.*))
 *(.mutex_array)
 .mutex_array   0x00000000200014d8        0x8 CMakeFiles/receiver_CC2500.dir/Users/wenya589/TA_courses/wcnes_project/2023/pico/pico-sdk/src/rp2_common/pico_stdio/stdio.c.obj
                0x00000000200014e0                PROVIDE (__mutex_array_end = .)
                0x00000000200014e0                . = ALIGN (0x4)
                0x00000000200014e0                PROVIDE (__preinit_array_start = .)
 *(SORT_BY_NAME(.preinit_array.*))
 .preinit_array.00001
                0x00000000200014e0        0x4 CMakeFiles/receiver_CC2500.dir/Users/wenya589/TA_courses/wcnes_project/2023/pico/pico-sdk/src/rp2_common/pico_mem_ops/mem_ops_aeabi.S.obj
 .preinit_array.00010
                0x00000000200014e4        0x4 CMakeFiles/receiver_CC2500.dir/Users/wenya589/TA_courses/wcnes_project/2023/pico/pico-sdk/src/rp2_common/pico_bit_ops/bit_ops_aeabi.S.obj
 .preinit_array.00020
                0x00000000200014e8        0x4 CMakeFiles/receiver_CC2500.dir/Users/wenya589/TA_courses/wcnes_project/2023/pico/pico-sdk/src/rp2_common/pico_double/double_aeabi.S.obj
 .preinit_array.00020
                0x00000000200014ec        0x4 CMakeFiles/receiver_CC2500.dir/Users/wenya589/TA_courses/wcnes_project/2023/pico/pico-sdk/src/rp2_common/pico_float/float_aeabi.S.obj
 *(.preinit_array)
                0x00000000200014f0                PROVIDE (__preinit_array_end = .)
                0x00000000200014f0                . = ALIGN (0x4)
                0x00000000200014f0                PROVIDE (__init_array_start = .)
 *(SORT_BY_NAME(.init_array.*))
 *(.init_array)
 .init_array    0x00000000200014f0        0x4 /Applications/ArmGNUToolchain/12.2.rel1/arm-none-eabi/bin/../lib/gcc/arm-none-eabi/12.2.1/thumb/v6-m/nofp/crtbegin.o
 .init_array    0x00000000200014f4        0x4 CMakeFiles/receiver_CC2500.dir/Users/wenya589/TA_courses/wcnes_project/2023/pico/pico-sdk/src/rp2_common/pico_unique_id/unique_id.c.obj
                0x00000000200014f8                PROVIDE (__init_array_end = .)
                0x00000000200014f8                . = ALIGN (0x4)
                [!provide]                        PROVIDE (__fini_array_start = .)
 *(SORT_BY_NAME(.fini_array.*))
 *(.fini_array)
                [!provide]                        PROVIDE (__fini_array_end = .)
 *(.jcr)
                0x00000000200014f8                . = ALIGN (0x4)
                0x00000000200014f8                __data_end__ = .

.tm_clone_table
                0x00000000200014f8        0x0 load address 0x0000000010009664
 .tm_clone_table
                0x00000000200014f8        0x0 /Applications/ArmGNUToolchain/12.2.rel1/arm-none-eabi/bin/../lib/gcc/arm-none-eabi/12.2.1/thumb/v6-m/nofp/crtbegin.o
 .tm_clone_table
                0x00000000200014f8        0x0 /Applications/ArmGNUToolchain/12.2.rel1/arm-none-eabi/bin/../lib/gcc/arm-none-eabi/12.2.1/thumb/v6-m/nofp/crtend.o

.igot.plt       0x00000000200014f8        0x0 load address 0x0000000010009664
 .igot.plt      0x00000000200014f8        0x0 /Applications/ArmGNUToolchain/12.2.rel1/arm-none-eabi/bin/../lib/gcc/arm-none-eabi/12.2.1/thumb/v6-m/nofp/crtbegin.o

.uninitialized_data
                0x00000000200014f8        0x0 load address 0x0000000010009664
                0x00000000200014f8                . = ALIGN (0x4)
 *(.uninitialized_data*)

.scratch_x      0x0000000020040000        0x0 load address 0x0000000010009664
                0x0000000020040000                __scratch_x_start__ = .
 *(.scratch_x.*)
                0x0000000020040000                . = ALIGN (0x4)
                0x0000000020040000                __scratch_x_end__ = .
                0x0000000010009664                __scratch_x_source__ = LOADADDR (.scratch_x)

.scratch_y      0x0000000020041000        0x0 load address 0x0000000010009664
                0x0000000020041000                __scratch_y_start__ = .
 *(.scratch_y.*)
                0x0000000020041000                . = ALIGN (0x4)
                0x0000000020041000                __scratch_y_end__ = .
                0x0000000010009664                __scratch_y_source__ = LOADADDR (.scratch_y)

.bss            0x00000000200014f8      0xf1c
                0x00000000200014f8                . = ALIGN (0x4)
                0x00000000200014f8                __bss_start__ = .
 *(SORT_BY_ALIGNMENT(SORT_BY_NAME(.bss*)))
 .bss.configured_freq
                0x00000000200014f8       0x28 CMakeFiles/receiver_CC2500.dir/Users/wenya589/TA_courses/wcnes_project/2023/pico/pico-sdk/src/rp2_common/hardware_clocks/clocks.c.obj
 .bss.default_alarm_pool_entries
                0x0000000020001520      0x100 CMakeFiles/receiver_CC2500.dir/Users/wenya589/TA_courses/wcnes_project/2023/pico/pico-sdk/src/common/pico_time/time.c.obj
 .bss.last_avail_time.1
                0x0000000020001620        0x8 CMakeFiles/receiver_CC2500.dir/Users/wenya589/TA_courses/wcnes_project/2023/pico/pico-sdk/src/rp2_common/pico_stdio_usb/stdio_usb.c.obj
 .bss.sd_table  0x0000000020001628      0x100 CMakeFiles/receiver_CC2500.dir/Users/wenya589/TA_courses/wcnes_project/2023/pico/pico-sdk/src/rp2_common/pico_double/double_init_rom.c.obj
                0x0000000020001628                sd_table
 .bss.sf_table  0x0000000020001728      0x100 CMakeFiles/receiver_CC2500.dir/Users/wenya589/TA_courses/wcnes_project/2023/pico/pico-sdk/src/rp2_common/pico_float/float_init_rom.c.obj
                0x0000000020001728                sf_table
 .bss.__lock___malloc_recursive_mutex
                0x0000000020001828        0x1 /Applications/ArmGNUToolchain/12.2.rel1/arm-none-eabi/bin/../lib/gcc/arm-none-eabi/12.2.1/../../../../arm-none-eabi/lib/thumb/v6-m/nofp/libc.a(libc_a-lock.o)
                0x0000000020001828                __lock___malloc_recursive_mutex
 *fill*         0x0000000020001829        0x3 
 .bss.__malloc_current_mallinfo
                0x000000002000182c       0x28 /Applications/ArmGNUToolchain/12.2.rel1/arm-none-eabi/bin/../lib/gcc/arm-none-eabi/12.2.1/../../../../arm-none-eabi/lib/thumb/v6-m/nofp/libc.a(libc_a-mallocr.o)
                0x000000002000182c                __malloc_current_mallinfo
 .bss.__malloc_max_sbrked_mem
                0x0000000020001854        0x4 /Applications/ArmGNUToolchain/12.2.rel1/arm-none-eabi/bin/../lib/gcc/arm-none-eabi/12.2.1/../../../../arm-none-eabi/lib/thumb/v6-m/nofp/libc.a(libc_a-mallocr.o)
                0x0000000020001854                __malloc_max_sbrked_mem
 .bss.__malloc_max_total_mem
                0x0000000020001858        0x4 /Applications/ArmGNUToolchain/12.2.rel1/arm-none-eabi/bin/../lib/gcc/arm-none-eabi/12.2.1/../../../../arm-none-eabi/lib/thumb/v6-m/nofp/libc.a(libc_a-mallocr.o)
                0x0000000020001858                __malloc_max_total_mem
 .bss.__malloc_top_pad
                0x000000002000185c        0x4 /Applications/ArmGNUToolchain/12.2.rel1/arm-none-eabi/bin/../lib/gcc/arm-none-eabi/12.2.1/../../../../arm-none-eabi/lib/thumb/v6-m/nofp/libc.a(libc_a-mallocr.o)
                0x000000002000185c                __malloc_top_pad
 .bss.__sf      0x0000000020001860      0x138 /Applications/ArmGNUToolchain/12.2.rel1/arm-none-eabi/bin/../lib/gcc/arm-none-eabi/12.2.1/../../../../arm-none-eabi/lib/thumb/v6-m/nofp/libc.a(libc_a-findfp.o)
                0x0000000020001860                __sf
 .bss._app_driver
                0x0000000020001998        0x4 CMakeFiles/receiver_CC2500.dir/Users/wenya589/TA_courses/wcnes_project/2023/pico/pico-sdk/lib/tinyusb/src/device/usbd.c.obj
 .bss._cdcd_itf
                0x000000002000199c      0x2c8 CMakeFiles/receiver_CC2500.dir/Users/wenya589/TA_courses/wcnes_project/2023/pico/pico-sdk/lib/tinyusb/src/class/cdc/cdc_device.c.obj
 .bss._ctrl_xfer
                0x0000000020001c64       0x14 CMakeFiles/receiver_CC2500.dir/Users/wenya589/TA_courses/wcnes_project/2023/pico/pico-sdk/lib/tinyusb/src/device/usbd_control.c.obj
 .bss._ubsd_mutexdef
                0x0000000020001c78        0x8 CMakeFiles/receiver_CC2500.dir/Users/wenya589/TA_courses/wcnes_project/2023/pico/pico-sdk/lib/tinyusb/src/device/usbd.c.obj
 .bss._usbd_ctrl_buf
                0x0000000020001c80       0x40 CMakeFiles/receiver_CC2500.dir/Users/wenya589/TA_courses/wcnes_project/2023/pico/pico-sdk/lib/tinyusb/src/device/usbd_control.c.obj
 .bss._usbd_dev
                0x0000000020001cc0       0x53 CMakeFiles/receiver_CC2500.dir/Users/wenya589/TA_courses/wcnes_project/2023/pico/pico-sdk/lib/tinyusb/src/device/usbd.c.obj
 *fill*         0x0000000020001d13        0x1 
 .bss._usbd_mutex
                0x0000000020001d14        0x4 CMakeFiles/receiver_CC2500.dir/Users/wenya589/TA_courses/wcnes_project/2023/pico/pico-sdk/lib/tinyusb/src/device/usbd.c.obj
 .bss._usbd_q   0x0000000020001d18        0x4 CMakeFiles/receiver_CC2500.dir/Users/wenya589/TA_courses/wcnes_project/2023/pico/pico-sdk/lib/tinyusb/src/device/usbd.c.obj
 .bss._usbd_qdef_buf
                0x0000000020001d1c       0xc0 CMakeFiles/receiver_CC2500.dir/Users/wenya589/TA_courses/wcnes_project/2023/pico/pico-sdk/lib/tinyusb/src/device/usbd.c.obj