Archive member included to satisfy reference by file (symbol)

/Applications/ArmGNUToolchain/12.2.rel1/arm-none-eabi/bin/../lib/gcc/arm-none-eabi/12.2.1/thumb/v6-m/nofp/libgcc.a(_dvmd_tls.o)
                              CMakeFiles/pio_backscatter.dir/Users/wenya589/TA_courses/wcnes_project/2023/pico/pico-sdk/src/rp2_common/pico_divider/divider.S.obj (__aeabi_idiv0)
/Applications/ArmGNUToolchain/12.2.rel1/arm-none-eabi/bin/../lib/gcc/arm-none-eabi/12.2.1/../../../../arm-none-eabi/lib/thumb/v6-m/nofp/libc.a(libc_a-calloc.o)
                              CMakeFiles/pio_backscatter.dir/Users/wenya589/TA_courses/wcnes_project/2023/pico/pico-sdk/src/rp2_common/pico_malloc/pico_malloc.c.obj (calloc)
/Applications/ArmGNUToolchain/12.2.rel1/arm-none-eabi/bin/../lib/gcc/arm-none-eabi/12.2.1/../../../../arm-none-eabi/lib/thumb/v6-m/nofp/libc.a(libc_a-callocr.o)
                              /Applications/ArmGNUToolchain/12.2.rel1/arm-none-eabi/bin/../lib/gcc/arm-none-eabi/12.2.1/../../../../arm-none-eabi/lib/thumb/v6-m/nofp/libc.a(libc_a-calloc.o) (_calloc_r)
/Applications/ArmGNUToolchain/12.2.rel1/arm-none-eabi/bin/../lib/gcc/arm-none-eabi/12.2.1/../../../../arm-none-eabi/lib/thumb/v6-m/nofp/libc.a(libc_a-malloc.o)
                              CMakeFiles/pio_backscatter.dir/Users/wenya589/TA_courses/wcnes_project/2023/pico/pico-sdk/src/rp2_common/pico_malloc/pico_malloc.c.obj (malloc)
/Applications/ArmGNUToolchain/12.2.rel1/arm-none-eabi/bin/../lib/gcc/arm-none-eabi/12.2.1/../../../../arm-none-eabi/lib/thumb/v6-m/nofp/libc.a(libc_a-mallocr.o)
                              /Applications/ArmGNUToolchain/12.2.rel1/arm-none-eabi/bin/../lib/gcc/arm-none-eabi/12.2.1/../../../../arm-none-eabi/lib/thumb/v6-m/nofp/libc.a(libc_a-callocr.o) (_malloc_r)
/Applications/ArmGNUToolchain/12.2.rel1/arm-none-eabi/bin/../lib/gcc/arm-none-eabi/12.2.1/../../../../arm-none-eabi/lib/thumb/v6-m/nofp/libc.a(libc_a-mlock.o)
                              /Applications/ArmGNUToolchain/12.2.rel1/arm-none-eabi/bin/../lib/gcc/arm-none-eabi/12.2.1/../../../../arm-none-eabi/lib/thumb/v6-m/nofp/libc.a(libc_a-mallocr.o) (__malloc_lock)
/Applications/ArmGNUToolchain/12.2.rel1/arm-none-eabi/bin/../lib/gcc/arm-none-eabi/12.2.1/../../../../arm-none-eabi/lib/thumb/v6-m/nofp/libc.a(libc_a-realloc.o)
                              CMakeFiles/pio_backscatter.dir/Users/wenya589/TA_courses/wcnes_project/2023/pico/pico-sdk/src/rp2_common/pico_malloc/pico_malloc.c.obj (realloc)
/Applications/ArmGNUToolchain/12.2.rel1/arm-none-eabi/bin/../lib/gcc/arm-none-eabi/12.2.1/../../../../arm-none-eabi/lib/thumb/v6-m/nofp/libc.a(libc_a-reallocr.o)
                              /Applications/ArmGNUToolchain/12.2.rel1/arm-none-eabi/bin/../lib/gcc/arm-none-eabi/12.2.1/../../../../arm-none-eabi/lib/thumb/v6-m/nofp/libc.a(libc_a-realloc.o) (_realloc_r)
/Applications/ArmGNUToolchain/12.2.rel1/arm-none-eabi/bin/../lib/gcc/arm-none-eabi/12.2.1/../../../../arm-none-eabi/lib/thumb/v6-m/nofp/libc.a(libc_a-memmove.o)
                              /Applications/ArmGNUToolchain/12.2.rel1/arm-none-eabi/bin/../lib/gcc/arm-none-eabi/12.2.1/../../../../arm-none-eabi/lib/thumb/v6-m/nofp/libc.a(libc_a-reallocr.o) (memmove)
/Applications/ArmGNUToolchain/12.2.rel1/arm-none-eabi/bin/../lib/gcc/arm-none-eabi/12.2.1/../../../../arm-none-eabi/lib/thumb/v6-m/nofp/libc.a(libc_a-impure.o)
                              /Applications/ArmGNUToolchain/12.2.rel1/arm-none-eabi/bin/../lib/gcc/arm-none-eabi/12.2.1/../../../../arm-none-eabi/lib/thumb/v6-m/nofp/libc.a(libc_a-calloc.o) (_impure_ptr)
/Applications/ArmGNUToolchain/12.2.rel1/arm-none-eabi/bin/../lib/gcc/arm-none-eabi/12.2.1/../../../../arm-none-eabi/lib/thumb/v6-m/nofp/libc.a(libc_a-sbrkr.o)
                              /Applications/ArmGNUToolchain/12.2.rel1/arm-none-eabi/bin/../lib/gcc/arm-none-eabi/12.2.1/../../../../arm-none-eabi/lib/thumb/v6-m/nofp/libc.a(libc_a-mallocr.o) (_sbrk_r)
/Applications/ArmGNUToolchain/12.2.rel1/arm-none-eabi/bin/../lib/gcc/arm-none-eabi/12.2.1/../../../../arm-none-eabi/lib/thumb/v6-m/nofp/libc.a(libc_a-errno.o)
                              /Applications/ArmGNUToolchain/12.2.rel1/arm-none-eabi/bin/../lib/gcc/arm-none-eabi/12.2.1/../../../../arm-none-eabi/lib/thumb/v6-m/nofp/libc.a(libc_a-callocr.o) (__errno)
/Applications/ArmGNUToolchain/12.2.rel1/arm-none-eabi/bin/../lib/gcc/arm-none-eabi/12.2.1/../../../../arm-none-eabi/lib/thumb/v6-m/nofp/libc.a(libc_a-sysconf.o)
                              /Applications/ArmGNUToolchain/12.2.rel1/arm-none-eabi/bin/../lib/gcc/arm-none-eabi/12.2.1/../../../../arm-none-eabi/lib/thumb/v6-m/nofp/libc.a(libc_a-mallocr.o) (sysconf)
/Applications/ArmGNUToolchain/12.2.rel1/arm-none-eabi/bin/../lib/gcc/arm-none-eabi/12.2.1/../../../../arm-none-eabi/lib/thumb/v6-m/nofp/libc.a(libc_a-init.o)
                              /Applications/ArmGNUToolchain/12.2.rel1/arm-none-eabi/bin/../lib/gcc/arm-none-eabi/12.2.1/../../../../arm-none-eabi/lib/thumb/v6-m/nofp/crt0.o (__libc_init_array)
[...]
Memory Configuration

Name             Origin             Length             Attributes
FLASH            0x0000000010000000 0x0000000000200000 xr
RAM              0x0000000020000000 0x0000000000040000 xrw
SCRATCH_X        0x0000000020040000 0x0000000000001000 xrw
SCRATCH_Y        0x0000000020041000 0x0000000000001000 xrw
*default*        0x0000000000000000 0xffffffffffffffff

Linker script and memory map

LOAD /Applications/ArmGNUToolchain/12.2.rel1/arm-none-eabi/bin/../lib/gcc/arm-none-eabi/12.2.1/thumb/v6-m/nofp/crti.o
LOAD /Applications/ArmGNUToolchain/12.2.rel1/arm-none-eabi/bin/../lib/gcc/arm-none-eabi/12.2.1/thumb/v6-m/nofp/crtbegin.o
LOAD /Applications/ArmGNUToolchain/12.2.rel1/arm-none-eabi/bin/../lib/gcc/arm-none-eabi/12.2.1/../../../../arm-none-eabi/lib/thumb/v6-m/nofp/crt0.o

.flash_begin    0x0000000010000000        0x0
                0x0000000010000000                __flash_binary_start = .

.boot2          0x0000000010000000      0x100
                0x0000000010000000                __boot2_start__ = .
 *(.boot2)
 .boot2         0x0000000010000000      0x100 /var/folders/y7/s8r49lvj1y7ckvhcx7d8jbbr0000gn/T//ccBvJH2O.o
                0x0000000010000100                __boot2_end__ = .
                0x0000000000000001                ASSERT (((__boot2_end__ - __boot2_start__) == 0x100), ERROR: Pico second stage bootloader must be 256 bytes in size)

.text           0x0000000010000100     0x3530
                0x0000000010000100                __logical_binary_start = .
 *(.vectors)
 .vectors       0x0000000010000100       0xd4 CMakeFiles/pio_backscatter.dir/Users/wenya589/TA_courses/wcnes_project/2023/pico/pico-sdk/src/rp2_common/pico_standard_link/crt0.S.obj
                0x0000000010000100                __VECTOR_TABLE
                0x0000000010000100                __vectors
                0x00000000100001c0                __default_isrs_start
                0x00000000100001c0                isr_invalid
                0x00000000100001c2                isr_nmi
                0x00000000100001c4                isr_hardfault
                0x00000000100001c6                isr_svcall
                0x00000000100001c8                isr_pendsv
                0x00000000100001ca                isr_systick
                0x00000000100001cc                isr_irq28
                0x00000000100001cc                isr_irq19
                0x00000000100001cc                isr_irq0
                0x00000000100001cc                isr_irq6
                0x00000000100001cc                isr_irq22
                0x00000000100001cc                isr_irq17
                0x00000000100001cc                isr_irq14
                0x00000000100001cc                isr_irq2
                0x00000000100001cc                isr_irq10
                0x00000000100001cc                isr_irq8
                0x00000000100001cc                isr_irq24
                0x00000000100001cc                isr_irq1
                0x00000000100001cc                isr_irq7
                0x00000000100001cc                isr_irq21
                0x00000000100001cc                isr_irq20
                0x00000000100001cc                isr_irq15
                0x00000000100001cc                isr_irq25
                0x00000000100001cc                isr_irq4
                0x00000000100001cc                isr_irq16
                0x00000000100001cc                isr_irq29
                0x00000000100001cc                isr_irq26
                0x00000000100001cc                __default_isrs_end
                0x00000000100001cc                isr_irq3
                0x00000000100001cc                isr_irq9
                0x00000000100001cc                __unhandled_user_irq
                0x00000000100001cc                isr_irq13
                0x00000000100001cc                isr_irq27
                0x00000000100001cc                isr_irq31
                0x00000000100001cc                isr_irq5
                0x00000000100001cc                isr_irq11
                0x00000000100001cc                isr_irq23
                0x00000000100001cc                isr_irq18
                0x00000000100001cc                isr_irq30
                0x00000000100001cc                isr_irq12
                0x00000000100001d2                unhandled_user_irq_num_in_r0
 *(.binary_info_header)
 .binary_info_header
                0x00000000100001d4       0x14 CMakeFiles/pio_backscatter.dir/Users/wenya589/TA_courses/wcnes_project/2023/pico/pico-sdk/src/rp2_common/pico_standard_link/crt0.S.obj
                0x00000000100001e8                __binary_info_header_end = .
 *(.reset)
 .reset         0x00000000100001e8       0xa0 CMakeFiles/pio_backscatter.dir/Users/wenya589/TA_courses/wcnes_project/2023/pico/pico-sdk/src/rp2_common/pico_standard_link/crt0.S.obj
                0x00000000100001e8                _entry_point
 .reset         0x0000000010000288       0x30 CMakeFiles/pio_backscatter.dir/Users/wenya589/TA_courses/wcnes_project/2023/pico/pico-sdk/src/rp2_common/pico_standard_link/binary_info.c.obj
 *(.init)
 .init          0x00000000100002b8        0x4 /Applications/ArmGNUToolchain/12.2.rel1/arm-none-eabi/bin/../lib/gcc/arm-none-eabi/12.2.1/thumb/v6-m/nofp/crti.o
                0x00000000100002b8                _init
 *(EXCLUDE_FILE(*libm.a: *libc.a:*lib_a-mem*.o *libgcc.a:) .text*)
 .text.register_tm_clones
                0x00000000100002bc       0x28 /Applications/ArmGNUToolchain/12.2.rel1/arm-none-eabi/bin/../lib/gcc/arm-none-eabi/12.2.1/thumb/v6-m/nofp/crtbegin.o
 .text.frame_dummy
                0x00000000100002e4       0x24 /Applications/ArmGNUToolchain/12.2.rel1/arm-none-eabi/bin/../lib/gcc/arm-none-eabi/12.2.1/thumb/v6-m/nofp/crtbegin.o
 .text.startup.main
                0x0000000010000308      0x23c CMakeFiles/pio_backscatter.dir/backscatter.c.obj
                0x0000000010000308                main
 .text.gpio_set_function
                0x0000000010000544       0x30 CMakeFiles/pio_backscatter.dir/Users/wenya589/TA_courses/wcnes_project/2023/pico/pico-sdk/src/rp2_common/hardware_gpio/gpio.c.obj
                0x0000000010000544                gpio_set_function
 .text.running_on_fpga
                0x0000000010000574       0x10 CMakeFiles/pio_backscatter.dir/Users/wenya589/TA_courses/wcnes_project/2023/pico/pico-sdk/src/rp2_common/pico_platform/platform.c.obj
                0x0000000010000574                running_on_fpga
 .text.hw_claim_lock
                0x0000000010000584       0x18 CMakeFiles/pio_backscatter.dir/Users/wenya589/TA_courses/wcnes_project/2023/pico/pico-sdk/src/rp2_common/hardware_claim/claim.c.obj
                0x0000000010000584                hw_claim_lock
 .text.hw_claim_unlock
                0x000000001000059c       0x14 CMakeFiles/pio_backscatter.dir/Users/wenya589/TA_courses/wcnes_project/2023/pico/pico-sdk/src/rp2_common/hardware_claim/claim.c.obj
                0x000000001000059c                hw_claim_unlock
 .text.hw_claim_or_assert
                0x00000000100005b0       0x44 CMakeFiles/pio_backscatter.dir/Users/wenya589/TA_courses/wcnes_project/2023/pico/pico-sdk/src/rp2_common/hardware_claim/claim.c.obj
                0x00000000100005b0                hw_claim_or_assert
 .text.spin_locks_reset
                0x00000000100005f4       0x1c CMakeFiles/pio_backscatter.dir/Users/wenya589/TA_courses/wcnes_project/2023/pico/pico-sdk/src/rp2_common/hardware_sync/sync.c.obj
                0x00000000100005f4                spin_locks_reset
 .text.next_striped_spin_lock_num
                0x0000000010000610       0x18 CMakeFiles/pio_backscatter.dir/Users/wenya589/TA_courses/wcnes_project/2023/pico/pico-sdk/src/rp2_common/hardware_sync/sync.c.obj
                0x0000000010000610                next_striped_spin_lock_num
 .text.irq_set_enabled
                0x0000000010000628       0x24 CMakeFiles/pio_backscatter.dir/Users/wenya589/TA_courses/wcnes_project/2023/pico/pico-sdk/src/rp2_common/hardware_irq/irq.c.obj
                0x0000000010000628                irq_set_enabled
 .text.irq_get_vtable_handler
                0x000000001000064c       0x10 CMakeFiles/pio_backscatter.dir/Users/wenya589/TA_courses/wcnes_project/2023/pico/pico-sdk/src/rp2_common/hardware_irq/irq.c.obj
                0x000000001000064c                irq_get_vtable_handler
 .text.irq_set_exclusive_handler
                0x000000001000065c       0x54 CMakeFiles/pio_backscatter.dir/Users/wenya589/TA_courses/wcnes_project/2023/pico/pico-sdk/src/rp2_common/hardware_irq/irq.c.obj
                0x000000001000065c                irq_set_exclusive_handler
 .text.irq_remove_handler
                0x00000000100006b0      0x1c4 CMakeFiles/pio_backscatter.dir/Users/wenya589/TA_courses/wcnes_project/2023/pico/pico-sdk/src/rp2_common/hardware_irq/irq.c.obj
                0x00000000100006b0                irq_remove_handler
 .text.irq_add_tail_to_free_list
                0x0000000010000874       0xb4 CMakeFiles/pio_backscatter.dir/Users/wenya589/TA_courses/wcnes_project/2023/pico/pico-sdk/src/rp2_common/hardware_irq/irq.c.obj
                0x0000000010000874                irq_add_tail_to_free_list
 .text.irq_init_priorities
                0x0000000010000928       0x24 CMakeFiles/pio_backscatter.dir/Users/wenya589/TA_courses/wcnes_project/2023/pico/pico-sdk/src/rp2_common/hardware_irq/irq.c.obj
                0x0000000010000928                irq_init_priorities
 .text.lock_init
                0x000000001000094c       0x10 CMakeFiles/pio_backscatter.dir/Users/wenya589/TA_courses/wcnes_project/2023/pico/pico-sdk/src/common/pico_sync/lock_core.c.obj
                0x000000001000094c                lock_init
 .text.mutex_init
                0x000000001000095c       0x1c CMakeFiles/pio_backscatter.dir/Users/wenya589/TA_courses/wcnes_project/2023/pico/pico-sdk/src/common/pico_sync/mutex.c.obj
                0x000000001000095c                mutex_init
 .text.recursive_mutex_init
                0x0000000010000978       0x1c CMakeFiles/pio_backscatter.dir/Users/wenya589/TA_courses/wcnes_project/2023/pico/pico-sdk/src/common/pico_sync/mutex.c.obj
                0x0000000010000978                recursive_mutex_init
 .text.timer_pool_entry_comparator
                0x0000000010000994       0x34 CMakeFiles/pio_backscatter.dir/Users/wenya589/TA_courses/wcnes_project/2023/pico/pico-sdk/src/common/pico_time/time.c.obj
                0x0000000010000994                timer_pool_entry_comparator
 .text.sleep_until_callback
                0x00000000100009c8       0x30 CMakeFiles/pio_backscatter.dir/Users/wenya589/TA_courses/wcnes_project/2023/pico/pico-sdk/src/common/pico_time/time.c.obj
 .text.add_alarm_under_lock.isra.0
                0x00000000100009f8      0x100 CMakeFiles/pio_backscatter.dir/Users/wenya589/TA_courses/wcnes_project/2023/pico/pico-sdk/src/common/pico_time/time.c.obj
 .text.alarm_pool_alarm_callback
                0x0000000010000af8      0x1bc CMakeFiles/pio_backscatter.dir/Users/wenya589/TA_courses/wcnes_project/2023/pico/pico-sdk/src/common/pico_time/time.c.obj
 .text.alarm_pool_init_default
                0x0000000010000cb4       0x6c CMakeFiles/pio_backscatter.dir/Users/wenya589/TA_courses/wcnes_project/2023/pico/pico-sdk/src/common/pico_time/time.c.obj
                0x0000000010000cb4                alarm_pool_init_default
 .text.alarm_pool_add_alarm_at
                0x0000000010000d20      0x188 CMakeFiles/pio_backscatter.dir/Users/wenya589/TA_courses/wcnes_project/2023/pico/pico-sdk/src/common/pico_time/time.c.obj
                0x0000000010000d20                alarm_pool_add_alarm_at
 .text.alarm_pool_cancel_alarm
                0x0000000010000ea8       0x6c CMakeFiles/pio_backscatter.dir/Users/wenya589/TA_courses/wcnes_project/2023/pico/pico-sdk/src/common/pico_time/time.c.obj
                0x0000000010000ea8                alarm_pool_cancel_alarm
 .text.sleep_until
                0x0000000010000f14       0xc4 CMakeFiles/pio_backscatter.dir/Users/wenya589/TA_courses/wcnes_project/2023/pico/pico-sdk/src/common/pico_time/time.c.obj
                0x0000000010000f14                sleep_until
 .text.sleep_ms
                0x0000000010000fd8       0x38 CMakeFiles/pio_backscatter.dir/Users/wenya589/TA_courses/wcnes_project/2023/pico/pico-sdk/src/common/pico_time/time.c.obj
                0x0000000010000fd8                sleep_ms
 .text.best_effort_wfe_or_timeout
                0x0000000010001010       0x78 CMakeFiles/pio_backscatter.dir/Users/wenya589/TA_courses/wcnes_project/2023/pico/pico-sdk/src/common/pico_time/time.c.obj
                0x0000000010001010                best_effort_wfe_or_timeout
 .text.hardware_alarm_irq_handler
                0x0000000010001088       0xbc CMakeFiles/pio_backscatter.dir/Users/wenya589/TA_courses/wcnes_project/2023/pico/pico-sdk/src/rp2_common/hardware_timer/timer.c.obj
 .text.hardware_alarm_claim
                0x0000000010001144       0x18 CMakeFiles/pio_backscatter.dir/Users/wenya589/TA_courses/wcnes_project/2023/pico/pico-sdk/src/rp2_common/hardware_timer/timer.c.obj
                0x0000000010001144                hardware_alarm_claim
 .text.time_us_64
                0x000000001000115c       0x14 CMakeFiles/pio_backscatter.dir/Users/wenya589/TA_courses/wcnes_project/2023/pico/pico-sdk/src/rp2_common/hardware_timer/timer.c.obj
                0x000000001000115c                time_us_64
 .text.busy_wait_until
                0x0000000010001170       0x20 CMakeFiles/pio_backscatter.dir/Users/wenya589/TA_courses/wcnes_project/2023/pico/pico-sdk/src/rp2_common/hardware_timer/timer.c.obj
                0x0000000010001170                busy_wait_until
 .text.hardware_alarm_set_callback
                0x0000000010001190       0x8c CMakeFiles/pio_backscatter.dir/Users/wenya589/TA_courses/wcnes_project/2023/pico/pico-sdk/src/rp2_common/hardware_timer/timer.c.obj
                0x0000000010001190                hardware_alarm_set_callback
 .text.hardware_alarm_set_target
                0x000000001000121c       0xdc CMakeFiles/pio_backscatter.dir/Users/wenya589/TA_courses/wcnes_project/2023/pico/pico-sdk/src/rp2_common/hardware_timer/timer.c.obj
                0x000000001000121c                hardware_alarm_set_target
 .text.hardware_alarm_cancel
                0x00000000100012f8       0x3c CMakeFiles/pio_backscatter.dir/Users/wenya589/TA_courses/wcnes_project/2023/pico/pico-sdk/src/rp2_common/hardware_timer/timer.c.obj
                0x00000000100012f8                hardware_alarm_cancel
 .text.ph_merge_nodes
                0x0000000010001334       0x64 CMakeFiles/pio_backscatter.dir/Users/wenya589/TA_courses/wcnes_project/2023/pico/pico-sdk/src/common/pico_util/pheap.c.obj
 .text.ph_post_alloc_init
                0x0000000010001398       0x3c CMakeFiles/pio_backscatter.dir/Users/wenya589/TA_courses/wcnes_project/2023/pico/pico-sdk/src/common/pico_util/pheap.c.obj
                0x0000000010001398                ph_post_alloc_init
 .text.ph_merge_two_pass
                0x00000000100013d4       0x98 CMakeFiles/pio_backscatter.dir/Users/wenya589/TA_courses/wcnes_project/2023/pico/pico-sdk/src/common/pico_util/pheap.c.obj
                0x00000000100013d4                ph_merge_two_pass
 .text.ph_remove_any_head
                0x000000001000146c      0x100 CMakeFiles/pio_backscatter.dir/Users/wenya589/TA_courses/wcnes_project/2023/pico/pico-sdk/src/common/pico_util/pheap.c.obj
 .text.ph_remove_head
                0x000000001000156c      0x104 CMakeFiles/pio_backscatter.dir/Users/wenya589/TA_courses/wcnes_project/2023/pico/pico-sdk/src/common/pico_util/pheap.c.obj
                0x000000001000156c                ph_remove_head
 .text.ph_remove_and_free_node
                0x0000000010001670       0x78 CMakeFiles/pio_backscatter.dir/Users/wenya589/TA_courses/wcnes_project/2023/pico/pico-sdk/src/common/pico_util/pheap.c.obj
                0x0000000010001670                ph_remove_and_free_node
 .text.clocks_init
                0x00000000100016e8      0x2b4 CMakeFiles/pio_backscatter.dir/Users/wenya589/TA_courses/wcnes_project/2023/pico/pico-sdk/src/rp2_common/hardware_clocks/clocks.c.obj
                0x00000000100016e8                clocks_init
 .text.pll_init
                0x000000001000199c       0xa8 CMakeFiles/pio_backscatter.dir/Users/wenya589/TA_courses/wcnes_project/2023/pico/pico-sdk/src/rp2_common/hardware_pll/pll.c.obj
                0x000000001000199c                pll_init
 .text.watchdog_start_tick
                0x0000000010001a44       0x10 CMakeFiles/pio_backscatter.dir/Users/wenya589/TA_courses/wcnes_project/2023/pico/pico-sdk/src/rp2_common/hardware_watchdog/watchdog.c.obj
                0x0000000010001a44                watchdog_start_tick
 .text.xosc_init
                0x0000000010001a54       0x28 CMakeFiles/pio_backscatter.dir/Users/wenya589/TA_courses/wcnes_project/2023/pico/pico-sdk/src/rp2_common/hardware_xosc/xosc.c.obj
                0x0000000010001a54                xosc_init
 .text.runtime_init
                0x0000000010001a7c       0xf0 CMakeFiles/pio_backscatter.dir/Users/wenya589/TA_courses/wcnes_project/2023/pico/pico-sdk/src/rp2_common/pico_runtime/runtime.c.obj
                0x0000000010001a7c                runtime_init
 .text._exit    0x0000000010001b6c        0x4 CMakeFiles/pio_backscatter.dir/Users/wenya589/TA_courses/wcnes_project/2023/pico/pico-sdk/src/rp2_common/pico_runtime/runtime.c.obj
                0x0000000010001b6c                _exit
 .text.exit     0x0000000010001b70        0x8 CMakeFiles/pio_backscatter.dir/Users/wenya589/TA_courses/wcnes_project/2023/pico/pico-sdk/src/rp2_common/pico_runtime/runtime.c.obj
                0x0000000010001b70                exit
 .text.panic    0x0000000010001b78       0x30 CMakeFiles/pio_backscatter.dir/Users/wenya589/TA_courses/wcnes_project/2023/pico/pico-sdk/src/rp2_common/pico_runtime/runtime.c.obj
                0x0000000010001b78                panic
 .text.hard_assertion_failure
                0x0000000010001ba8        0xc CMakeFiles/pio_backscatter.dir/Users/wenya589/TA_courses/wcnes_project/2023/pico/pico-sdk/src/rp2_common/pico_runtime/runtime.c.obj
                0x0000000010001ba8                hard_assertion_failure
 .text._out_char
                0x0000000010001bb4       0x10 CMakeFiles/pio_backscatter.dir/Users/wenya589/TA_courses/wcnes_project/2023/pico/pico-sdk/src/rp2_common/pico_printf/printf.c.obj
 .text.weak_raw_vprintf
                0x0000000010001bc4       0x30 CMakeFiles/pio_backscatter.dir/Users/wenya589/TA_courses/wcnes_project/2023/pico/pico-sdk/src/rp2_common/pico_printf/printf.c.obj
                0x0000000010001bc4                weak_raw_vprintf
 .text          0x0000000010001bf4       0x10 CMakeFiles/pio_backscatter.dir/Users/wenya589/TA_courses/wcnes_project/2023/pico/pico-sdk/src/rp2_common/pico_bit_ops/bit_ops_aeabi.S.obj
 .text.rom_func_lookup
                0x0000000010001c04       0x10 CMakeFiles/pio_backscatter.dir/Users/wenya589/TA_courses/wcnes_project/2023/pico/pico-sdk/src/rp2_common/pico_bootrom/bootrom.c.obj
                0x0000000010001c04                rom_func_lookup
 .text.rom_data_lookup
                0x0000000010001c14       0x10 CMakeFiles/pio_backscatter.dir/Users/wenya589/TA_courses/wcnes_project/2023/pico/pico-sdk/src/rp2_common/pico_bootrom/bootrom.c.obj
                0x0000000010001c14                rom_data_lookup
 .text.rom_funcs_lookup
                0x0000000010001c24       0x44 CMakeFiles/pio_backscatter.dir/Users/wenya589/TA_courses/wcnes_project/2023/pico/pico-sdk/src/rp2_common/pico_bootrom/bootrom.c.obj
                0x0000000010001c24                rom_funcs_lookup
 .text.__wrap___aeabi_uidiv
                0x0000000010001c68       0x4c CMakeFiles/pio_backscatter.dir/Users/wenya589/TA_courses/wcnes_project/2023/pico/pico-sdk/src/rp2_common/pico_divider/divider.S.obj
                0x0000000010001c68                __wrap___aeabi_uidiv
                0x0000000010001c68                __wrap___aeabi_uidivmod
                0x0000000010001c68                div_u32u32
                0x0000000010001c68                divmod_u32u32
                0x0000000010001c70                divmod_u32u32_unsafe
                0x0000000010001c98                divmod_u32u32_savestate
 .text.push_r8_r11
                0x0000000010001cb4        0xc CMakeFiles/pio_backscatter.dir/Users/wenya589/TA_courses/wcnes_project/2023/pico/pico-sdk/src/rp2_common/pico_double/double_aeabi.S.obj
                0x0000000010001cb4                push_r8_r11
 .text.pop_r8_r11
                0x0000000010001cc0        0xc CMakeFiles/pio_backscatter.dir/Users/wenya589/TA_courses/wcnes_project/2023/pico/pico-sdk/src/rp2_common/pico_double/double_aeabi.S.obj
                0x0000000010001cc0                pop_r8_r11
 .text.__wrap___aeabi_darithmetic
                0x0000000010001ccc       0x80 CMakeFiles/pio_backscatter.dir/Users/wenya589/TA_courses/wcnes_project/2023/pico/pico-sdk/src/rp2_common/pico_double/double_aeabi.S.obj
                0x0000000010001ccc                __wrap___aeabi_drsub
                0x0000000010001cd2                __wrap___aeabi_dsub
                0x0000000010001ce4                __wrap___aeabi_dadd
                0x0000000010001cf6                __wrap___aeabi_ddiv
                0x0000000010001d32                __wrap___aeabi_dmul
 .text.__wrap___aeabi_cdcmple
                0x0000000010001d4c       0x6c CMakeFiles/pio_backscatter.dir/Users/wenya589/TA_courses/wcnes_project/2023/pico/pico-sdk/src/rp2_common/pico_double/double_aeabi.S.obj
                0x0000000010001d4c                __wrap___aeabi_cdrcmple
                0x0000000010001d5c                __wrap___aeabi_cdcmple
                0x0000000010001d5c                __wrap___aeabi_cdcmpeq
 .text.__wrap___aeabi_dcmpgt
                0x0000000010001db8        0xa CMakeFiles/pio_backscatter.dir/Users/wenya589/TA_courses/wcnes_project/2023/pico/pico-sdk/src/rp2_common/pico_double/double_aeabi.S.obj
                0x0000000010001db8                __wrap___aeabi_dcmpgt
 *fill*         0x0000000010001dc2        0x2 
 .text.__wrap___aeabi_i2d
                0x0000000010001dc4       0x38 CMakeFiles/pio_backscatter.dir/Users/wenya589/TA_courses/wcnes_project/2023/pico/pico-sdk/src/rp2_common/pico_double/double_aeabi.S.obj
                0x0000000010001dc4                __wrap___aeabi_ui2d
                0x0000000010001dcc                __wrap___aeabi_i2d
 .text.__wrap___aeabi_d2uiz
                0x0000000010001dfc       0x18 CMakeFiles/pio_backscatter.dir/Users/wenya589/TA_courses/wcnes_project/2023/pico/pico-sdk/src/rp2_common/pico_double/double_aeabi.S.obj
                0x0000000010001dfc                double2uint
                0x0000000010001dfc                __wrap___aeabi_d2uiz
 .text.fix642double
                0x0000000010001e14       0x18 CMakeFiles/pio_backscatter.dir/Users/wenya589/TA_courses/wcnes_project/2023/pico/pico-sdk/src/rp2_common/pico_double/double_aeabi.S.obj
                0x0000000010001e14                fix642double
 .text.__wrap_srqt
                0x0000000010001e2c       0x18 CMakeFiles/pio_backscatter.dir/Users/wenya589/TA_courses/wcnes_project/2023/pico/pico-sdk/src/rp2_common/pico_double/double_aeabi.S.obj
                0x0000000010001e2c                __wrap_sqrt
 .text.__wrap_sincostan_remainder
                0x0000000010001e44       0x14 CMakeFiles/pio_backscatter.dir/Users/wenya589/TA_courses/wcnes_project/2023/pico/pico-sdk/src/rp2_common/pico_double/double_aeabi.S.obj
                0x0000000010001e44                sincostan_remainder
 .text.__wrap_cos
                0x0000000010001e58       0x2c CMakeFiles/pio_backscatter.dir/Users/wenya589/TA_courses/wcnes_project/2023/pico/pico-sdk/src/rp2_common/pico_double/double_aeabi.S.obj
                0x0000000010001e58                __wrap_cos
 .text.__wrap_log
                0x0000000010001e84       0x18 CMakeFiles/pio_backscatter.dir/Users/wenya589/TA_courses/wcnes_project/2023/pico/pico-sdk/src/rp2_common/pico_double/double_aeabi.S.obj
                0x0000000010001e84                __wrap_log
 .text.__aeabi_double_init
                0x0000000010001e9c       0x98 CMakeFiles/pio_backscatter.dir/Users/wenya589/TA_courses/wcnes_project/2023/pico/pico-sdk/src/rp2_common/pico_double/double_init_rom.c.obj
                0x0000000010001e9c                __aeabi_double_init
 .text.__wrap_remquo
                0x0000000010001f34      0x278 CMakeFiles/pio_backscatter.dir/Users/wenya589/TA_courses/wcnes_project/2023/pico/pico-sdk/src/rp2_common/pico_double/double_math.c.obj
                0x0000000010001f34                __wrap_remquo
 .text.__wrap_remainder
                0x00000000100021ac       0x10 CMakeFiles/pio_backscatter.dir/Users/wenya589/TA_courses/wcnes_project/2023/pico/pico-sdk/src/rp2_common/pico_double/double_math.c.obj
                0x00000000100021ac                __wrap_remainder
 .text.double_table_shim_on_use_helper
                0x00000000100021bc       0x2c CMakeFiles/pio_backscatter.dir/Users/wenya589/TA_courses/wcnes_project/2023/pico/pico-sdk/src/rp2_common/pico_double/double_v1_rom_shim.S.obj
                0x00000000100021bc                double_table_shim_on_use_helper
 .text.__wrap___aeabi_dsub
                0x00000000100021e8       0x10 CMakeFiles/pio_backscatter.dir/Users/wenya589/TA_courses/wcnes_project/2023/pico/pico-sdk/src/rp2_common/pico_double/double_v1_rom_shim.S.obj
                0x00000000100021e8                drsub_shim
                0x00000000100021ee                dsub_shim
 .text.dadd_shim
                0x00000000100021f8      0x15c CMakeFiles/pio_backscatter.dir/Users/wenya589/TA_courses/wcnes_project/2023/pico/pico-sdk/src/rp2_common/pico_double/double_v1_rom_shim.S.obj
                0x00000000100021f8                dadd_shim
 .text.dmul_shim
                0x0000000010002354      0x15c CMakeFiles/pio_backscatter.dir/Users/wenya589/TA_courses/wcnes_project/2023/pico/pico-sdk/src/rp2_common/pico_double/double_v1_rom_shim.S.obj
                0x0000000010002354                dmul_shim
 .text.ddiv_shim
                0x00000000100024b0      0x1b0 CMakeFiles/pio_backscatter.dir/Users/wenya589/TA_courses/wcnes_project/2023/pico/pico-sdk/src/rp2_common/pico_double/double_v1_rom_shim.S.obj
                0x00000000100024b0                ddiv_shim
 .text.dsqrt_shim
                0x0000000010002660      0x1a8 CMakeFiles/pio_backscatter.dir/Users/wenya589/TA_courses/wcnes_project/2023/pico/pico-sdk/src/rp2_common/pico_double/double_v1_rom_shim.S.obj
                0x000000001000267c                dsqrt_shim
 .text.dcordic_vec_step
                0x0000000010002808        0xe CMakeFiles/pio_backscatter.dir/Users/wenya589/TA_courses/wcnes_project/2023/pico/pico-sdk/src/rp2_common/pico_double/double_v1_rom_shim.S.obj
                0x0000000010002808                dcordic_vec_step
 .text.dcordic_rot_step
                0x0000000010002816       0x76 CMakeFiles/pio_backscatter.dir/Users/wenya589/TA_courses/wcnes_project/2023/pico/pico-sdk/src/rp2_common/pico_double/double_v1_rom_shim.S.obj
                0x0000000010002816                dcordic_rot_step
 .text.double2uint_shim
                0x000000001000288c        0xe CMakeFiles/pio_backscatter.dir/Users/wenya589/TA_courses/wcnes_project/2023/pico/pico-sdk/src/rp2_common/pico_double/double_v1_rom_shim.S.obj
                0x000000001000288c                double2uint_shim
                0x000000001000288e                double2ufix_shim
 .text.double2int64_shim
                0x000000001000289a       0x1a CMakeFiles/pio_backscatter.dir/Users/wenya589/TA_courses/wcnes_project/2023/pico/pico-sdk/src/rp2_common/pico_double/double_v1_rom_shim.S.obj
                0x000000001000289a                double2int64_shim
                0x000000001000289c                double2fix64_shim
 .text.double2uint64_shim
                0x00000000100028b4       0x70 CMakeFiles/pio_backscatter.dir/Users/wenya589/TA_courses/wcnes_project/2023/pico/pico-sdk/src/rp2_common/pico_double/double_v1_rom_shim.S.obj
                0x00000000100028b4                double2uint64_shim
                0x00000000100028b6                double2ufix64_shim
                0x00000000100028d6                d2fix_a
 .text.x2double_shims
                0x0000000010002924       0x90 CMakeFiles/pio_backscatter.dir/Users/wenya589/TA_courses/wcnes_project/2023/pico/pico-sdk/src/rp2_common/pico_double/double_v1_rom_shim.S.obj
                0x0000000010002924                uint2double_shim
                0x0000000010002926                ufix2double_shim
                0x000000001000292c                int2double_shim
                0x000000001000292e                fix2double_shim
                0x0000000010002934                uint642double_shim
                0x0000000010002936                ufix642double_shim
                0x000000001000293c                int642double_shim
                0x000000001000293e                fix642double_shim
 .text.dunpacks
                0x00000000100029b4       0x3c CMakeFiles/pio_backscatter.dir/Users/wenya589/TA_courses/wcnes_project/2023/pico/pico-sdk/src/rp2_common/pico_double/double_v1_rom_shim.S.obj
                0x00000000100029b4                dunpacks
 .text.dreduce  0x00000000100029f0       0x82 CMakeFiles/pio_backscatter.dir/Users/wenya589/TA_courses/wcnes_project/2023/pico/pico-sdk/src/rp2_common/pico_double/double_v1_rom_shim.S.obj
                0x00000000100029f0                dreduce
 .text.dcos_shim
                0x0000000010002a72       0x10 CMakeFiles/pio_backscatter.dir/Users/wenya589/TA_courses/wcnes_project/2023/pico/pico-sdk/src/rp2_common/pico_double/double_v1_rom_shim.S.obj
                0x0000000010002a72                dcos_shim
 .text.dsin_shim
                0x0000000010002a82       0x14 CMakeFiles/pio_backscatter.dir/Users/wenya589/TA_courses/wcnes_project/2023/pico/pico-sdk/src/rp2_common/pico_double/double_v1_rom_shim.S.obj
                0x0000000010002a82                dsin_shim
 *fill*         0x0000000010002a96        0x2 
 .text.dtrig_guts
                0x0000000010002a98      0x2ec CMakeFiles/pio_backscatter.dir/Users/wenya589/TA_courses/wcnes_project/2023/pico/pico-sdk/src/rp2_common/pico_double/double_v1_rom_shim.S.obj
                0x0000000010002b70                datan2_shim
 .text.dexp_guts
                0x0000000010002d84      0x268 CMakeFiles/pio_backscatter.dir/Users/wenya589/TA_courses/wcnes_project/2023/pico/pico-sdk/src/rp2_common/pico_double/double_v1_rom_shim.S.obj
                0x0000000010002d84                dexp_shim
                0x0000000010002e20                dln_shim
 .text.__aeabi_lmul
                0x0000000010002fec       0x32 CMakeFiles/pio_backscatter.dir/Users/wenya589/TA_courses/wcnes_project/2023/pico/pico-sdk/src/rp2_common/pico_int64_ops/pico_int64_ops_aeabi.S.obj
                0x0000000010002fec                __wrap___aeabi_lmul
 *fill*         0x000000001000301e        0x2 
 .text.__aeabi_float_init
                0x0000000010003020       0x64 CMakeFiles/pio_backscatter.dir/Users/wenya589/TA_courses/wcnes_project/2023/pico/pico-sdk/src/rp2_common/pico_float/float_init_rom.c.obj
                0x0000000010003020                __aeabi_float_init
 .text.float_table_shim_on_use_helper
                0x0000000010003084       0x2c CMakeFiles/pio_backscatter.dir/Users/wenya589/TA_courses/wcnes_project/2023/pico/pico-sdk/src/rp2_common/pico_float/float_v1_rom_shim.S.obj
                0x0000000010003084                float_table_shim_on_use_helper
 .text          0x00000000100030b0       0x10 CMakeFiles/pio_backscatter.dir/Users/wenya589/TA_courses/wcnes_project/2023/pico/pico-sdk/src/rp2_common/pico_mem_ops/mem_ops_aeabi.S.obj
                0x00000000100030b0                __aeabi_mem_init
 .text.memset   0x00000000100030c0        0xc CMakeFiles/pio_backscatter.dir/Users/wenya589/TA_courses/wcnes_project/2023/pico/pico-sdk/src/rp2_common/pico_mem_ops/mem_ops_aeabi.S.obj
                0x00000000100030c0                __wrap_memset
 .text.memcpy   0x00000000100030cc        0xc CMakeFiles/pio_backscatter.dir/Users/wenya589/TA_courses/wcnes_project/2023/pico/pico-sdk/src/rp2_common/pico_mem_ops/mem_ops_aeabi.S.obj
                0x00000000100030cc                __wrap___aeabi_memcpy
                0x00000000100030cc                __wrap_memcpy
 .text.stdio_out_chars_crlf
                0x00000000100030d8       0xbc CMakeFiles/pio_backscatter.dir/Users/wenya589/TA_courses/wcnes_project/2023/pico/pico-sdk/src/rp2_common/pico_stdio/stdio.c.obj
 .text.__wrap_putchar
                0x0000000010003194       0x98 CMakeFiles/pio_backscatter.dir/Users/wenya589/TA_courses/wcnes_project/2023/pico/pico-sdk/src/rp2_common/pico_stdio/stdio.c.obj
                0x0000000010003194                __wrap_putchar
 .text.__wrap_puts
                0x000000001000322c       0xe0 CMakeFiles/pio_backscatter.dir/Users/wenya589/TA_courses/wcnes_project/2023/pico/pico-sdk/src/rp2_common/pico_stdio/stdio.c.obj
                0x000000001000322c                __wrap_puts
 .text.startup._retrieve_unique_id_on_boot
                0x000000001000330c       0x10 CMakeFiles/pio_backscatter.dir/Users/wenya589/TA_courses/wcnes_project/2023/pico/pico-sdk/src/rp2_common/pico_unique_id/unique_id.c.obj
 .text.flash_get_unique_id
                0x000000001000331c       0x40 CMakeFiles/pio_backscatter.dir/Users/wenya589/TA_courses/wcnes_project/2023/pico/pico-sdk/src/rp2_common/hardware_flash/flash.c.obj
                0x000000001000331c                flash_get_unique_id
 .text.pio_add_program
                0x000000001000335c       0xf0 CMakeFiles/pio_backscatter.dir/Users/wenya589/TA_courses/wcnes_project/2023/pico/pico-sdk/src/rp2_common/hardware_pio/pio.c.obj
                0x000000001000335c                pio_add_program
 .text.pio_sm_set_consecutive_pindirs
                0x000000001000344c       0xa8 CMakeFiles/pio_backscatter.dir/Users/wenya589/TA_courses/wcnes_project/2023/pico/pico-sdk/src/rp2_common/hardware_pio/pio.c.obj
                0x000000001000344c                pio_sm_set_consecutive_pindirs
 .text.pio_sm_init
                0x00000000100034f4       0x98 CMakeFiles/pio_backscatter.dir/Users/wenya589/TA_courses/wcnes_project/2023/pico/pico-sdk/src/rp2_common/hardware_pio/pio.c.obj
                0x00000000100034f4                pio_sm_init
 .text.strlen   0x000000001000358c       0x5c /Applications/ArmGNUToolchain/12.2.rel1/arm-none-eabi/bin/../lib/gcc/arm-none-eabi/12.2.1/../../../../arm-none-eabi/lib/thumb/v6-m/nofp/libc.a(libc_a-strlen-stub.o)
                0x000000001000358c                strlen
 *(.fini)
 .fini          0x00000000100035e8        0x4 /Applications/ArmGNUToolchain/12.2.rel1/arm-none-eabi/bin/../lib/gcc/arm-none-eabi/12.2.1/thumb/v6-m/nofp/crti.o
                0x00000000100035e8                _fini
 *fill*         0x00000000100035ec        0x4 
 .fini.__stub   0x00000000100035f0       0x40 linker stubs
 *crtbegin.o(.ctors)
 *crtbegin?.o(.ctors)
 *(EXCLUDE_FILE(*crtend.o *crtend?.o) .ctors)
 *(SORT_BY_NAME(.ctors.*))
 *(.ctors)
 *crtbegin.o(.dtors)
 *crtbegin?.o(.dtors)
 *(EXCLUDE_FILE(*crtend.o *crtend?.o) .dtors)
 *(SORT_BY_NAME(.dtors.*))
 *(.dtors)
 *(.eh_frame*)
 .eh_frame      0x0000000010003630        0x0 /Applications/ArmGNUToolchain/12.2.rel1/arm-none-eabi/bin/../lib/gcc/arm-none-eabi/12.2.1/thumb/v6-m/nofp/crtbegin.o
                0x0000000010003630                . = ALIGN (0x4)

.glue_7         0x0000000010003630        0x0
 .glue_7        0x0000000010003630        0x0 linker stubs

.glue_7t        0x0000000010003630        0x0
 .glue_7t       0x0000000010003630        0x0 linker stubs

.vfp11_veneer   0x0000000010003630        0x0
 .vfp11_veneer  0x0000000010003630        0x0 linker stubs

.v4_bx          0x0000000010003630        0x0
 .v4_bx         0x0000000010003630        0x0 linker stubs

.iplt           0x0000000010003630        0x0
 .iplt          0x0000000010003630        0x0 /Applications/ArmGNUToolchain/12.2.rel1/arm-none-eabi/bin/../lib/gcc/arm-none-eabi/12.2.1/thumb/v6-m/nofp/crtbegin.o

.rodata         0x0000000010003630       0xf4
 *(EXCLUDE_FILE(*libm.a: *libc.a:*lib_a-mem*.o *libgcc.a:) .rodata*)
 .rodata.backscatter_program
                0x0000000010003630        0x6 CMakeFiles/pio_backscatter.dir/backscatter.c.obj
 *fill*         0x0000000010003636        0x2 
 .rodata.backscatter_program_instructions
                0x0000000010003638       0x28 CMakeFiles/pio_backscatter.dir/backscatter.c.obj
 .rodata.hardware_alarm_claim.str1.4
                0x0000000010003660       0x22 CMakeFiles/pio_backscatter.dir/Users/wenya589/TA_courses/wcnes_project/2023/pico/pico-sdk/src/rp2_common/hardware_timer/timer.c.obj
 *fill*         0x0000000010003682        0x2 
 .rodata.panic.str1.4
                0x0000000010003684       0x12 CMakeFiles/pio_backscatter.dir/Users/wenya589/TA_courses/wcnes_project/2023/pico/pico-sdk/src/rp2_common/pico_runtime/runtime.c.obj
 *fill*         0x0000000010003696        0x2 
 .rodata.hard_assertion_failure.str1.4
                0x0000000010003698        0xc CMakeFiles/pio_backscatter.dir/Users/wenya589/TA_courses/wcnes_project/2023/pico/pico-sdk/src/rp2_common/pico_runtime/runtime.c.obj
 .rodata.str1.4
                0x00000000100036a4       0x44 CMakeFiles/pio_backscatter.dir/Users/wenya589/TA_courses/wcnes_project/2023/pico/pico-sdk/src/rp2_common/pico_standard_link/binary_info.c.obj
 .rodata.__bi_81
                0x00000000100036e8        0xc CMakeFiles/pio_backscatter.dir/Users/wenya589/TA_courses/wcnes_project/2023/pico/pico-sdk/src/rp2_common/pico_standard_link/binary_info.c.obj
 .rodata.__bi_75
                0x00000000100036f4        0xc CMakeFiles/pio_backscatter.dir/Users/wenya589/TA_courses/wcnes_project/2023/pico/pico-sdk/src/rp2_common/pico_standard_link/binary_info.c.obj
 .rodata.__bi_44
                0x0000000010003700        0xc CMakeFiles/pio_backscatter.dir/Users/wenya589/TA_courses/wcnes_project/2023/pico/pico-sdk/src/rp2_common/pico_standard_link/binary_info.c.obj
 .rodata.crlf_str.0
                0x000000001000370c        0x2 CMakeFiles/pio_backscatter.dir/Users/wenya589/TA_courses/wcnes_project/2023/pico/pico-sdk/src/rp2_common/pico_stdio/stdio.c.obj
 *fill*         0x000000001000370e        0x2 
 .rodata.pio_add_program.str1.4
                0x0000000010003710       0x11 CMakeFiles/pio_backscatter.dir/Users/wenya589/TA_courses/wcnes_project/2023/pico/pico-sdk/src/rp2_common/hardware_pio/pio.c.obj
                0x0000000010003724                . = ALIGN (0x4)
 *fill*         0x0000000010003721        0x3 
 *(SORT_BY_ALIGNMENT(SORT_BY_NAME(.flashdata*)))
                0x0000000010003724                . = ALIGN (0x4)

.rel.dyn        0x0000000010003724        0x0
 .rel.iplt      0x0000000010003724        0x0 /Applications/ArmGNUToolchain/12.2.rel1/arm-none-eabi/bin/../lib/gcc/arm-none-eabi/12.2.1/thumb/v6-m/nofp/crtbegin.o

.ARM.extab
 *(.ARM.extab* .gnu.linkonce.armextab.*)
                0x0000000010003724                __exidx_start = .

.ARM.exidx
 *(.ARM.exidx* .gnu.linkonce.armexidx.*)
                0x0000000010003724                __exidx_end = .
                0x0000000010003724                . = ALIGN (0x4)
                0x0000000010003724                __binary_info_start = .

.binary_info    0x0000000010003724       0x1c
 *(.binary_info.keep.*)
 .binary_info.keep.__bi_ptr81
                0x0000000010003724        0x4 CMakeFiles/pio_backscatter.dir/Users/wenya589/TA_courses/wcnes_project/2023/pico/pico-sdk/src/rp2_common/pico_standard_link/binary_info.c.obj
 .binary_info.keep.__bi_ptr75
                0x0000000010003728        0x4 CMakeFiles/pio_backscatter.dir/Users/wenya589/TA_courses/wcnes_project/2023/pico/pico-sdk/src/rp2_common/pico_standard_link/binary_info.c.obj
 .binary_info.keep.__bi_ptr50
                0x000000001000372c        0x4 CMakeFiles/pio_backscatter.dir/Users/wenya589/TA_courses/wcnes_project/2023/pico/pico-sdk/src/rp2_common/pico_standard_link/binary_info.c.obj
 .binary_info.keep.__bi_ptr44
                0x0000000010003730        0x4 CMakeFiles/pio_backscatter.dir/Users/wenya589/TA_courses/wcnes_project/2023/pico/pico-sdk/src/rp2_common/pico_standard_link/binary_info.c.obj
 .binary_info.keep.__bi_ptr38
                0x0000000010003734        0x4 CMakeFiles/pio_backscatter.dir/Users/wenya589/TA_courses/wcnes_project/2023/pico/pico-sdk/src/rp2_common/pico_standard_link/binary_info.c.obj
 .binary_info.keep.__bi_ptr30
                0x0000000010003738        0x4 CMakeFiles/pio_backscatter.dir/Users/wenya589/TA_courses/wcnes_project/2023/pico/pico-sdk/src/rp2_common/pico_standard_link/binary_info.c.obj
 .binary_info.keep.__bi_ptr22
                0x000000001000373c        0x4 CMakeFiles/pio_backscatter.dir/Users/wenya589/TA_courses/wcnes_project/2023/pico/pico-sdk/src/rp2_common/pico_standard_link/binary_info.c.obj
 *(.binary_info.*)
                0x0000000010003740                __binary_info_end = .
                0x0000000010003740                . = ALIGN (0x4)
                0x0000000010003740                __etext = .

.ram_vector_table
                0x0000000020000000       0xc0
 *(.ram_vector_table)
 .ram_vector_table
                0x0000000020000000       0xc0 CMakeFiles/pio_backscatter.dir/Users/wenya589/TA_courses/wcnes_project/2023/pico/pico-sdk/src/rp2_common/pico_runtime/runtime.c.obj
                0x0000000020000000                ram_vector_table

.data           0x00000000200000c0      0x2d0 load address 0x0000000010003740
                0x00000000200000c0                __data_start__ = .
 *(vtable)
 *(.time_critical*)
 .time_critical.mutex_try_enter_block_until
                0x00000000200000c0       0x9c CMakeFiles/pio_backscatter.dir/Users/wenya589/TA_courses/wcnes_project/2023/pico/pico-sdk/src/common/pico_sync/mutex.c.obj
                0x00000000200000c0                mutex_try_enter_block_until
 .time_critical.mutex_exit
                0x000000002000015c       0x28 CMakeFiles/pio_backscatter.dir/Users/wenya589/TA_courses/wcnes_project/2023/pico/pico-sdk/src/common/pico_sync/mutex.c.obj
                0x000000002000015c                mutex_exit
 .time_critical.flash_init_boot2_copyout
                0x0000000020000184       0x30 CMakeFiles/pio_backscatter.dir/Users/wenya589/TA_courses/wcnes_project/2023/pico/pico-sdk/src/rp2_common/hardware_flash/flash.c.obj
 .time_critical.flash_enable_xip_via_boot2
                0x00000000200001b4        0xc CMakeFiles/pio_backscatter.dir/Users/wenya589/TA_courses/wcnes_project/2023/pico/pico-sdk/src/rp2_common/hardware_flash/flash.c.obj
 .time_critical.flash_cs_force
                0x00000000200001c0       0x38 CMakeFiles/pio_backscatter.dir/Users/wenya589/TA_courses/wcnes_project/2023/pico/pico-sdk/src/rp2_common/hardware_flash/flash.c.obj
 .time_critical.flash_do_cmd
                0x00000000200001f8       0xc0 CMakeFiles/pio_backscatter.dir/Users/wenya589/TA_courses/wcnes_project/2023/pico/pico-sdk/src/rp2_common/hardware_flash/flash.c.obj
                0x00000000200001f8                flash_do_cmd
 *(.text*)
 .text          0x00000000200002b8        0x4 /Applications/ArmGNUToolchain/12.2.rel1/arm-none-eabi/bin/../lib/gcc/arm-none-eabi/12.2.1/thumb/v6-m/nofp/libgcc.a(_dvmd_tls.o)
                0x00000000200002b8                __aeabi_ldiv0
                0x00000000200002b8                __aeabi_idiv0
 *fill*         0x00000000200002bc        0x4 
 .text.__stub   0x00000000200002c0       0x10 linker stubs
                0x00000000200002d0                . = ALIGN (0x4)
 *(.rodata*)
                0x00000000200002d0                . = ALIGN (0x4)
 *(.data*)
 .data.seed.0   0x00000000200002d0        0x4 CMakeFiles/pio_backscatter.dir/backscatter.c.obj
 .data.striped_spin_lock_num
                0x00000000200002d4        0x1 CMakeFiles/pio_backscatter.dir/Users/wenya589/TA_courses/wcnes_project/2023/pico/pico-sdk/src/rp2_common/hardware_sync/sync.c.obj
 *fill*         0x00000000200002d5        0x3 
 .data          0x00000000200002d8       0x48 CMakeFiles/pio_backscatter.dir/Users/wenya589/TA_courses/wcnes_project/2023/pico/pico-sdk/src/rp2_common/hardware_irq/irq_handler_chain.S.obj
                0x00000000200002d8                irq_handler_chain_slots
                0x0000000020000308                irq_handler_chain_first_slot
                0x0000000020000312                irq_handler_chain_remove_tail
 .data.default_alarm_pool
                0x0000000020000320       0x18 CMakeFiles/pio_backscatter.dir/Users/wenya589/TA_courses/wcnes_project/2023/pico/pico-sdk/src/common/pico_time/time.c.obj
 .data.default_alarm_pool_heap
                0x0000000020000338       0x10 CMakeFiles/pio_backscatter.dir/Users/wenya589/TA_courses/wcnes_project/2023/pico/pico-sdk/src/common/pico_time/time.c.obj
 *fill*         0x0000000020000348        0x8 
 .data.aeabi_bits_funcs
                0x0000000020000350       0x10 CMakeFiles/pio_backscatter.dir/Users/wenya589/TA_courses/wcnes_project/2023/pico/pico-sdk/src/rp2_common/pico_bit_ops/bit_ops_aeabi.S.obj
                0x0000000020000350                aeabi_bits_funcs
                0x0000000020000360                aeabi_bits_funcs_end
 .data.aeabi_mem_funcs
                0x0000000020000360       0x10 CMakeFiles/pio_backscatter.dir/Users/wenya589/TA_courses/wcnes_project/2023/pico/pico-sdk/src/rp2_common/pico_mem_ops/mem_ops_aeabi.S.obj
                0x0000000020000360                aeabi_mem_funcs
                0x0000000020000370                aeabi_mem_funcs_end
                0x0000000020000370                . = ALIGN (0x4)
 *(.after_data.*)
                0x0000000020000370                . = ALIGN (0x4)
                0x0000000020000370                PROVIDE (__mutex_array_start = .)
 *(SORT_BY_NAME(.mutex_array.*))
 *(.mutex_array)
 .mutex_array   0x0000000020000370        0x8 CMakeFiles/pio_backscatter.dir/Users/wenya589/TA_courses/wcnes_project/2023/pico/pico-sdk/src/rp2_common/pico_stdio/stdio.c.obj
                0x0000000020000378                PROVIDE (__mutex_array_end = .)
                0x0000000020000378                . = ALIGN (0x4)
                0x0000000020000378                PROVIDE (__preinit_array_start = .)
 *(SORT_BY_NAME(.preinit_array.*))
 .preinit_array.00001
                0x0000000020000378        0x4 CMakeFiles/pio_backscatter.dir/Users/wenya589/TA_courses/wcnes_project/2023/pico/pico-sdk/src/rp2_common/pico_mem_ops/mem_ops_aeabi.S.obj
 .preinit_array.00010
                0x000000002000037c        0x4 CMakeFiles/pio_backscatter.dir/Users/wenya589/TA_courses/wcnes_project/2023/pico/pico-sdk/src/rp2_common/pico_bit_ops/bit_ops_aeabi.S.obj
 .preinit_array.00020
                0x0000000020000380        0x4 CMakeFiles/pio_backscatter.dir/Users/wenya589/TA_courses/wcnes_project/2023/pico/pico-sdk/src/rp2_common/pico_double/double_aeabi.S.obj
 .preinit_array.00020
                0x0000000020000384        0x4 CMakeFiles/pio_backscatter.dir/Users/wenya589/TA_courses/wcnes_project/2023/pico/pico-sdk/src/rp2_common/pico_float/float_aeabi.S.obj
 *(.preinit_array)
                0x0000000020000388                PROVIDE (__preinit_array_end = .)
                0x0000000020000388                . = ALIGN (0x4)
                0x0000000020000388                PROVIDE (__init_array_start = .)
 *(SORT_BY_NAME(.init_array.*))
 *(.init_array)
 .init_array    0x0000000020000388        0x4 /Applications/ArmGNUToolchain/12.2.rel1/arm-none-eabi/bin/../lib/gcc/arm-none-eabi/12.2.1/thumb/v6-m/nofp/crtbegin.o
 .init_array    0x000000002000038c        0x4 CMakeFiles/pio_backscatter.dir/Users/wenya589/TA_courses/wcnes_project/2023/pico/pico-sdk/src/rp2_common/pico_unique_id/unique_id.c.obj
                0x0000000020000390                PROVIDE (__init_array_end = .)
                0x0000000020000390                . = ALIGN (0x4)
                [!provide]                        PROVIDE (__fini_array_start = .)
 *(SORT_BY_NAME(.fini_array.*))
 *(.fini_array)
                [!provide]                        PROVIDE (__fini_array_end = .)
 *(.jcr)
                0x0000000020000390                . = ALIGN (0x4)
                0x0000000020000390                __data_end__ = .

.tm_clone_table
                0x0000000020000390        0x0 load address 0x0000000010003a10
 .tm_clone_table
                0x0000000020000390        0x0 /Applications/ArmGNUToolchain/12.2.rel1/arm-none-eabi/bin/../lib/gcc/arm-none-eabi/12.2.1/thumb/v6-m/nofp/crtbegin.o
 .tm_clone_table
                0x0000000020000390        0x0 /Applications/ArmGNUToolchain/12.2.rel1/arm-none-eabi/bin/../lib/gcc/arm-none-eabi/12.2.1/thumb/v6-m/nofp/crtend.o

.igot.plt       0x0000000020000390        0x0 load address 0x0000000010003a10
 .igot.plt      0x0000000020000390        0x0 /Applications/ArmGNUToolchain/12.2.rel1/arm-none-eabi/bin/../lib/gcc/arm-none-eabi/12.2.1/thumb/v6-m/nofp/crtbegin.o

.uninitialized_data
                0x0000000020000390        0x0 load address 0x0000000010003a10
                0x0000000020000390                . = ALIGN (0x4)
 *(.uninitialized_data*)

.scratch_x      0x0000000020040000        0x0 load address 0x0000000010003a10
                0x0000000020040000                __scratch_x_start__ = .
 *(.scratch_x.*)
                0x0000000020040000                . = ALIGN (0x4)
                0x0000000020040000                __scratch_x_end__ = .
                0x0000000010003a10                __scratch_x_source__ = LOADADDR (.scratch_x)

.scratch_y      0x0000000020041000        0x0 load address 0x0000000010003a10
                0x0000000020041000                __scratch_y_start__ = .
 *(.scratch_y.*)
                0x0000000020041000                . = ALIGN (0x4)
                0x0000000020041000                __scratch_y_end__ = .
                0x0000000010003a10                __scratch_y_source__ = LOADADDR (.scratch_y)

.bss            0x0000000020000390      0x50c
                0x0000000020000390                . = ALIGN (0x4)
                0x0000000020000390                __bss_start__ = .
 *(SORT_BY_ALIGNMENT(SORT_BY_NAME(.bss*)))
 .bss.configured_freq
                0x0000000020000390       0x28 CMakeFiles/pio_backscatter.dir/Users/wenya589/TA_courses/wcnes_project/2023/pico/pico-sdk/src/rp2_common/hardware_clocks/clocks.c.obj
 .bss.default_alarm_pool_entries
                0x00000000200003b8      0x100 CMakeFiles/pio_backscatter.dir/Users/wenya589/TA_courses/wcnes_project/2023/pico/pico-sdk/src/common/pico_time/time.c.obj
 .bss.sd_table  0x00000000200004b8      0x100 CMakeFiles/pio_backscatter.dir/Users/wenya589/TA_courses/wcnes_project/2023/pico/pico-sdk/src/rp2_common/pico_double/double_init_rom.c.obj
                0x00000000200004b8                sd_table
 .bss.sf_table  0x00000000200005b8      0x100 CMakeFiles/pio_backscatter.dir/Users/wenya589/TA_courses/wcnes_project/2023/pico/pico-sdk/src/rp2_common/pico_float/float_init_rom.c.obj
                0x00000000200005b8                sf_table
 .bss._used_instruction_space
                0x00000000200006b8        0x8 CMakeFiles/pio_backscatter.dir/Users/wenya589/TA_courses/wcnes_project/2023/pico/pico-sdk/src/rp2_common/hardware_pio/pio.c.obj
 .bss.alarm_callbacks
                0x00000000200006c0       0x10 CMakeFiles/pio_backscatter.dir/Users/wenya589/TA_courses/wcnes_project/2023/pico/pico-sdk/src/rp2_common/hardware_timer/timer.c.obj
 .bss.boot2_copyout
                0x00000000200006d0      0x100 CMakeFiles/pio_backscatter.dir/Users/wenya589/TA_courses/wcnes_project/2023/pico/pico-sdk/src/rp2_common/hardware_flash/flash.c.obj
 .bss.buffer.1  0x00000000200007d0       0x18 CMakeFiles/pio_backscatter.dir/backscatter.c.obj
 .bss.default_alarm_pool_entry_ids_high
                0x00000000200007e8       0x10 CMakeFiles/pio_backscatter.dir/Users/wenya589/TA_courses/wcnes_project/2023/pico/pico-sdk/src/common/pico_time/time.c.obj
 .bss.default_alarm_pool_heap_nodes
                0x00000000200007f8       0x30 CMakeFiles/pio_backscatter.dir/Users/wenya589/TA_courses/wcnes_project/2023/pico/pico-sdk/src/common/pico_time/time.c.obj
 .bss.drivers   0x0000000020000828        0x4 CMakeFiles/pio_backscatter.dir/Users/wenya589/TA_courses/wcnes_project/2023/pico/pico-sdk/src/rp2_common/pico_stdio/stdio.c.obj
 .bss.filter    0x000000002000082c        0x4 CMakeFiles/pio_backscatter.dir/Users/wenya589/TA_courses/wcnes_project/2023/pico/pico-sdk/src/rp2_common/pico_stdio/stdio.c.obj
 .bss.lazy_vsnprintf
                0x0000000020000830        0x4 CMakeFiles/pio_backscatter.dir/Users/wenya589/TA_courses/wcnes_project/2023/pico/pico-sdk/src/rp2_common/pico_printf/printf.c.obj
 .bss.message.2
                0x0000000020000834       0x18 CMakeFiles/pio_backscatter.dir/backscatter.c.obj
 .bss.object.0  0x000000002000084c       0x18 /Applications/ArmGNUToolchain/12.2.rel1/arm-none-eabi/bin/../lib/gcc/arm-none-eabi/12.2.1/thumb/v6-m/nofp/crtbegin.o
 .bss.pools     0x0000000020000864       0x10 CMakeFiles/pio_backscatter.dir/Users/wenya589/TA_courses/wcnes_project/2023/pico/pico-sdk/src/common/pico_time/time.c.obj
 .bss.retrieved_id
                0x0000000020000874        0x8 CMakeFiles/pio_backscatter.dir/Users/wenya589/TA_courses/wcnes_project/2023/pico/pico-sdk/src/rp2_common/pico_unique_id/unique_id.c.obj
 .bss.sf_clz_func
                0x000000002000087c        0x4 CMakeFiles/pio_backscatter.dir/Users/wenya589/TA_courses/wcnes_project/2023/pico/pico-sdk/src/rp2_common/pico_double/double_init_rom.c.obj
                0x000000002000087c                sf_clz_func
 .bss.sleep_notifier
                0x0000000020000880        0x4 CMakeFiles/pio_backscatter.dir/Users/wenya589/TA_courses/wcnes_project/2023/pico/pico-sdk/src/common/pico_time/time.c.obj
 .bss.target_hi
                0x0000000020000884       0x10 CMakeFiles/pio_backscatter.dir/Users/wenya589/TA_courses/wcnes_project/2023/pico/pico-sdk/src/rp2_common/hardware_timer/timer.c.obj
 .bss.boot2_copyout_valid
                0x0000000020000894        0x1 CMakeFiles/pio_backscatter.dir/Users/wenya589/TA_courses/wcnes_project/2023/pico/pico-sdk/src/rp2_common/hardware_flash/flash.c.obj
 .bss.claimed   0x0000000020000895        0x1 CMakeFiles/pio_backscatter.dir/Users/wenya589/TA_courses/wcnes_project/2023/pico/pico-sdk/src/rp2_common/hardware_timer/timer.c.obj
 .bss.irq_hander_chain_free_slot_head
                0x0000000020000896        0x1 CMakeFiles/pio_backscatter.dir/Users/wenya589/TA_courses/wcnes_project/2023/pico/pico-sdk/src/rp2_common/hardware_irq/irq.c.obj
 .bss.seq.3     0x0000000020000897        0x1 CMakeFiles/pio_backscatter.dir/backscatter.c.obj
 .bss.timer_callbacks_pending
                0x0000000020000898        0x1 CMakeFiles/pio_backscatter.dir/Users/wenya589/TA_courses/wcnes_project/2023/pico/pico-sdk/src/rp2_common/hardware_timer/timer.c.obj
 *(COMMON)
                0x000000002000089c                . = ALIGN (0x4)
 *fill*         0x0000000020000899        0x3 
                0x000000002000089c                __bss_end__ = .

.heap           0x000000002000089c      0x800
                0x000000002000089c                __end__ = .
                0x000000002000089c                end = __end__
 *(.heap*)
 .heap          0x000000002000089c      0x800 CMakeFiles/pio_backscatter.dir/Users/wenya589/TA_courses/wcnes_project/2023/pico/pico-sdk/src/rp2_common/pico_standard_link/crt0.S.obj
                0x000000002000109c                __HeapLimit = .

.stack1_dummy
 *(.stack1*)

.stack_dummy    0x0000000020041000      0x800
 *(.stack*)
 .stack         0x0000000020041000      0x800 CMakeFiles/pio_backscatter.dir/Users/wenya589/TA_courses/wcnes_project/2023/pico/pico-sdk/src/rp2_common/pico_standard_link/crt0.S.obj

.flash_end      0x0000000010003a10        0x0
                0x0000000010003a10                __flash_binary_end = .
                0x0000000020040000                __StackLimit = (ORIGIN (RAM) + LENGTH (RAM))
                0x0000000020041000                __StackOneTop = (ORIGIN (SCRATCH_X) + LENGTH (SCRATCH_X))
                0x0000000020042000                __StackTop = (ORIGIN (SCRATCH_Y) + LENGTH (SCRATCH_Y))
                0x0000000020041000                __StackOneBottom = (__StackOneTop - SIZEOF (.stack1_dummy))
                0x0000000020041800                __StackBottom = (__StackTop - SIZEOF (.stack_dummy))
                0x0000000020042000                PROVIDE (__stack = __StackTop)
                0x0000000000000001                ASSERT ((__StackLimit >= __HeapLimit), region RAM overflowed)
                0x0000000000000001                ASSERT (((__binary_info_header_end - __logical_binary_start) <= 0x100), Binary info must be in first 256 bytes of the binary)
LOAD CMakeFiles/pio_backscatter.dir/backscatter.c.obj
LOAD CMakeFiles/pio_backscatter.dir/Users/wenya589/TA_courses/wcnes_project/2023/pico/pico-sdk/src/rp2_common/pico_stdlib/stdlib.c.obj
LOAD CMakeFiles/pio_backscatter.dir/Users/wenya589/TA_courses/wcnes_project/2023/pico/pico-sdk/src/rp2_common/hardware_gpio/gpio.c.obj
LOAD CMakeFiles/pio_backscatter.dir/Users/wenya589/TA_courses/wcnes_project/2023/pico/pico-sdk/src/rp2_common/pico_platform/platform.c.obj
LOAD CMakeFiles/pio_backscatter.dir/Users/wenya589/TA_courses/wcnes_project/2023/pico/pico-sdk/src/rp2_common/hardware_claim/claim.c.obj
LOAD CMakeFiles/pio_backscatter.dir/Users/wenya589/TA_courses/wcnes_project/2023/pico/pico-sdk/src/rp2_common/hardware_sync/sync.c.obj
LOAD CMakeFiles/pio_backscatter.dir/Users/wenya589/TA_courses/wcnes_project/2023/pico/pico-sdk/src/rp2_common/hardware_irq/irq.c.obj
LOAD CMakeFiles/pio_backscatter.dir/Users/wenya589/TA_courses/wcnes_project/2023/pico/pico-sdk/src/rp2_common/hardware_irq/irq_handler_chain.S.obj
LOAD CMakeFiles/pio_backscatter.dir/Users/wenya589/TA_courses/wcnes_project/2023/pico/pico-sdk/src/common/pico_sync/sem.c.obj
LOAD CMakeFiles/pio_backscatter.dir/Users/wenya589/TA_courses/wcnes_project/2023/pico/pico-sdk/src/common/pico_sync/lock_core.c.obj
LOAD CMakeFiles/pio_backscatter.dir/Users/wenya589/TA_courses/wcnes_project/2023/pico/pico-sdk/src/common/pico_sync/mutex.c.obj
LOAD CMakeFiles/pio_backscatter.dir/Users/wenya589/TA_courses/wcnes_project/2023/pico/pico-sdk/src/common/pico_sync/critical_section.c.obj
LOAD CMakeFiles/pio_backscatter.dir/Users/wenya589/TA_courses/wcnes_project/2023/pico/pico-sdk/src/common/pico_time/time.c.obj
LOAD CMakeFiles/pio_backscatter.dir/Users/wenya589/TA_courses/wcnes_project/2023/pico/pico-sdk/src/common/pico_time/timeout_helper.c.obj
LOAD CMakeFiles/pio_backscatter.dir/Users/wenya589/TA_courses/wcnes_project/2023/pico/pico-sdk/src/rp2_common/hardware_timer/timer.c.obj
LOAD CMakeFiles/pio_backscatter.dir/Users/wenya589/TA_courses/wcnes_project/2023/pico/pico-sdk/src/common/pico_util/datetime.c.obj
LOAD CMakeFiles/pio_backscatter.dir/Users/wenya589/TA_courses/wcnes_project/2023/pico/pico-sdk/src/common/pico_util/pheap.c.obj
LOAD CMakeFiles/pio_backscatter.dir/Users/wenya589/TA_courses/wcnes_project/2023/pico/pico-sdk/src/common/pico_util/queue.c.obj
LOAD CMakeFiles/pio_backscatter.dir/Users/wenya589/TA_courses/wcnes_project/2023/pico/pico-sdk/src/rp2_common/hardware_uart/uart.c.obj
LOAD CMakeFiles/pio_backscatter.dir/Users/wenya589/TA_courses/wcnes_project/2023/pico/pico-sdk/src/rp2_common/hardware_clocks/clocks.c.obj
LOAD CMakeFiles/pio_backscatter.dir/Users/wenya589/TA_courses/wcnes_project/2023/pico/pico-sdk/src/rp2_common/hardware_pll/pll.c.obj
LOAD CMakeFiles/pio_backscatter.dir/Users/wenya589/TA_courses/wcnes_project/2023/pico/pico-sdk/src/rp2_common/hardware_vreg/vreg.c.obj
LOAD CMakeFiles/pio_backscatter.dir/Users/wenya589/TA_courses/wcnes_project/2023/pico/pico-sdk/src/rp2_common/hardware_watchdog/watchdog.c.obj
LOAD CMakeFiles/pio_backscatter.dir/Users/wenya589/TA_courses/wcnes_project/2023/pico/pico-sdk/src/rp2_common/hardware_xosc/xosc.c.obj
LOAD CMakeFiles/pio_backscatter.dir/Users/wenya589/TA_courses/wcnes_project/2023/pico/pico-sdk/src/rp2_common/hardware_divider/divider.S.obj
LOAD CMakeFiles/pio_backscatter.dir/Users/wenya589/TA_courses/wcnes_project/2023/pico/pico-sdk/src/rp2_common/pico_runtime/runtime.c.obj
LOAD CMakeFiles/pio_backscatter.dir/Users/wenya589/TA_courses/wcnes_project/2023/pico/pico-sdk/src/rp2_common/pico_printf/printf.c.obj
LOAD CMakeFiles/pio_backscatter.dir/Users/wenya589/TA_courses/wcnes_project/2023/pico/pico-sdk/src/rp2_common/pico_bit_ops/bit_ops_aeabi.S.obj
LOAD CMakeFiles/pio_backscatter.dir/Users/wenya589/TA_courses/wcnes_project/2023/pico/pico-sdk/src/rp2_common/pico_bootrom/bootrom.c.obj
LOAD CMakeFiles/pio_backscatter.dir/Users/wenya589/TA_courses/wcnes_project/2023/pico/pico-sdk/src/rp2_common/pico_divider/divider.S.obj
LOAD CMakeFiles/pio_backscatter.dir/Users/wenya589/TA_courses/wcnes_project/2023/pico/pico-sdk/src/rp2_common/pico_double/double_aeabi.S.obj
LOAD CMakeFiles/pio_backscatter.dir/Users/wenya589/TA_courses/wcnes_project/2023/pico/pico-sdk/src/rp2_common/pico_double/double_init_rom.c.obj
LOAD CMakeFiles/pio_backscatter.dir/Users/wenya589/TA_courses/wcnes_project/2023/pico/pico-sdk/src/rp2_common/pico_double/double_math.c.obj
LOAD CMakeFiles/pio_backscatter.dir/Users/wenya589/TA_courses/wcnes_project/2023/pico/pico-sdk/src/rp2_common/pico_double/double_v1_rom_shim.S.obj
LOAD CMakeFiles/pio_backscatter.dir/Users/wenya589/TA_courses/wcnes_project/2023/pico/pico-sdk/src/rp2_common/pico_int64_ops/pico_int64_ops_aeabi.S.obj
LOAD CMakeFiles/pio_backscatter.dir/Users/wenya589/TA_courses/wcnes_project/2023/pico/pico-sdk/src/rp2_common/pico_float/float_aeabi.S.obj
LOAD CMakeFiles/pio_backscatter.dir/Users/wenya589/TA_courses/wcnes_project/2023/pico/pico-sdk/src/rp2_common/pico_float/float_init_rom.c.obj
LOAD CMakeFiles/pio_backscatter.dir/Users/wenya589/TA_courses/wcnes_project/2023/pico/pico-sdk/src/rp2_common/pico_float/float_math.c.obj
LOAD CMakeFiles/pio_backscatter.dir/Users/wenya589/TA_courses/wcnes_project/2023/pico/pico-sdk/src/rp2_common/pico_float/float_v1_rom_shim.S.obj
LOAD CMakeFiles/pio_backscatter.dir/Users/wenya589/TA_courses/wcnes_project/2023/pico/pico-sdk/src/rp2_common/pico_malloc/pico_malloc.c.obj
LOAD CMakeFiles/pio_backscatter.dir/Users/wenya589/TA_courses/wcnes_project/2023/pico/pico-sdk/src/rp2_common/pico_mem_ops/mem_ops_aeabi.S.obj
LOAD CMakeFiles/pio_backscatter.dir/Users/wenya589/TA_courses/wcnes_project/2023/pico/pico-sdk/src/rp2_common/pico_standard_link/crt0.S.obj
LOAD CMakeFiles/pio_backscatter.dir/Users/wenya589/TA_courses/wcnes_project/2023/pico/pico-sdk/src/rp2_common/pico_standard_link/new_delete.cpp.obj
LOAD CMakeFiles/pio_backscatter.dir/Users/wenya589/TA_courses/wcnes_project/2023/pico/pico-sdk/src/rp2_common/pico_standard_link/binary_info.c.obj
LOAD CMakeFiles/pio_backscatter.dir/Users/wenya589/TA_courses/wcnes_project/2023/pico/pico-sdk/src/rp2_common/pico_stdio/stdio.c.obj
LOAD CMakeFiles/pio_backscatter.dir/Users/wenya589/TA_courses/wcnes_project/2023/pico/pico-sdk/src/rp2_common/pico_stdio_usb/reset_interface.c.obj
LOAD CMakeFiles/pio_backscatter.dir/Users/wenya589/TA_courses/wcnes_project/2023/pico/pico-sdk/src/rp2_common/pico_stdio_usb/stdio_usb.c.obj
LOAD CMakeFiles/pio_backscatter.dir/Users/wenya589/TA_courses/wcnes_project/2023/pico/pico-sdk/src/rp2_common/pico_stdio_usb/stdio_usb_descriptors.c.obj
LOAD CMakeFiles/pio_backscatter.dir/Users/wenya589/TA_courses/wcnes_project/2023/pico/pico-sdk/src/rp2_common/pico_unique_id/unique_id.c.obj
LOAD CMakeFiles/pio_backscatter.dir/Users/wenya589/TA_courses/wcnes_project/2023/pico/pico-sdk/src/rp2_common/hardware_flash/flash.c.obj
LOAD CMakeFiles/pio_backscatter.dir/Users/wenya589/TA_courses/wcnes_project/2023/pico/pico-sdk/lib/tinyusb/src/portable/raspberrypi/rp2040/dcd_rp2040.c.obj
LOAD CMakeFiles/pio_backscatter.dir/Users/wenya589/TA_courses/wcnes_project/2023/pico/pico-sdk/lib/tinyusb/src/portable/raspberrypi/rp2040/rp2040_usb.c.obj
LOAD CMakeFiles/pio_backscatter.dir/Users/wenya589/TA_courses/wcnes_project/2023/pico/pico-sdk/lib/tinyusb/src/device/usbd.c.obj
LOAD CMakeFiles/pio_backscatter.dir/Users/wenya589/TA_courses/wcnes_project/2023/pico/pico-sdk/lib/tinyusb/src/device/usbd_control.c.obj
LOAD CMakeFiles/pio_backscatter.dir/Users/wenya589/TA_courses/wcnes_project/2023/pico/pico-sdk/lib/tinyusb/src/class/audio/audio_device.c.obj
LOAD CMakeFiles/pio_backscatter.dir/Users/wenya589/TA_courses/wcnes_project/2023/pico/pico-sdk/lib/tinyusb/src/class/cdc/cdc_device.c.obj
LOAD CMakeFiles/pio_backscatter.dir/Users/wenya589/TA_courses/wcnes_project/2023/pico/pico-sdk/lib/tinyusb/src/class/dfu/dfu_device.c.obj
LOAD CMakeFiles/pio_backscatter.dir/Users/wenya589/TA_courses/wcnes_project/2023/pico/pico-sdk/lib/tinyusb/src/class/dfu/dfu_rt_device.c.obj
LOAD CMakeFiles/pio_backscatter.dir/Users/wenya589/TA_courses/wcnes_project/2023/pico/pico-sdk/lib/tinyusb/src/class/hid/hid_device.c.obj
LOAD CMakeFiles/pio_backscatter.dir/Users/wenya589/TA_courses/wcnes_project/2023/pico/pico-sdk/lib/tinyusb/src/class/midi/midi_device.c.obj
LOAD CMakeFiles/pio_backscatter.dir/Users/wenya589/TA_courses/wcnes_project/2023/pico/pico-sdk/lib/tinyusb/src/class/msc/msc_device.c.obj
LOAD CMakeFiles/pio_backscatter.dir/Users/wenya589/TA_courses/wcnes_project/2023/pico/pico-sdk/lib/tinyusb/src/class/net/ecm_rndis_device.c.obj
LOAD CMakeFiles/pio_backscatter.dir/Users/wenya589/TA_courses/wcnes_project/2023/pico/pico-sdk/lib/tinyusb/src/class/net/ncm_device.c.obj
LOAD CMakeFiles/pio_backscatter.dir/Users/wenya589/TA_courses/wcnes_project/2023/pico/pico-sdk/lib/tinyusb/src/class/usbtmc/usbtmc_device.c.obj
LOAD CMakeFiles/pio_backscatter.dir/Users/wenya589/TA_courses/wcnes_project/2023/pico/pico-sdk/lib/tinyusb/src/class/vendor/vendor_device.c.obj
LOAD CMakeFiles/pio_backscatter.dir/Users/wenya589/TA_courses/wcnes_project/2023/pico/pico-sdk/lib/tinyusb/src/class/video/video_device.c.obj
LOAD CMakeFiles/pio_backscatter.dir/Users/wenya589/TA_courses/wcnes_project/2023/pico/pico-sdk/lib/tinyusb/src/tusb.c.obj
LOAD CMakeFiles/pio_backscatter.dir/Users/wenya589/TA_courses/wcnes_project/2023/pico/pico-sdk/lib/tinyusb/src/common/tusb_fifo.c.obj
LOAD CMakeFiles/pio_backscatter.dir/Users/wenya589/TA_courses/wcnes_project/2023/pico/pico-sdk/src/rp2_common/pico_fix/rp2040_usb_device_enumeration/rp2040_usb_device_enumeration.c.obj
LOAD CMakeFiles/pio_backscatter.dir/Users/wenya589/TA_courses/wcnes_project/2023/pico/pico-sdk/src/rp2_common/hardware_pio/pio.c.obj
LOAD /var/folders/y7/s8r49lvj1y7ckvhcx7d8jbbr0000gn/T//ccBvJH2O.o
LOAD /Applications/ArmGNUToolchain/12.2.rel1/arm-none-eabi/bin/../lib/gcc/arm-none-eabi/12.2.1/../../../../arm-none-eabi/lib/thumb/v6-m/nofp/libstdc++.a
LOAD /Applications/ArmGNUToolchain/12.2.rel1/arm-none-eabi/bin/../lib/gcc/arm-none-eabi/12.2.1/../../../../arm-none-eabi/lib/thumb/v6-m/nofp/libm.a
START GROUP
LOAD /Applications/ArmGNUToolchain/12.2.rel1/arm-none-eabi/bin/../lib/gcc/arm-none-eabi/12.2.1/thumb/v6-m/nofp/libgcc.a
LOAD /Applications/ArmGNUToolchain/12.2.rel1/arm-none-eabi/bin/../lib/gcc/arm-none-eabi/12.2.1/../../../../arm-none-eabi/lib/thumb/v6-m/nofp/libc.a
END GROUP
START GROUP
LOAD /Applications/ArmGNUToolchain/12.2.rel1/arm-none-eabi/bin/../lib/gcc/arm-none-eabi/12.2.1/thumb/v6-m/nofp/libgcc.a
LOAD /Applications/ArmGNUToolchain/12.2.rel1/arm-none-eabi/bin/../lib/gcc/arm-none-eabi/12.2.1/../../../../arm-none-eabi/lib/thumb/v6-m/nofp/libc.a
LOAD /Applications/ArmGNUToolchain/12.2.rel1/arm-none-eabi/bin/../lib/gcc/arm-none-eabi/12.2.1/../../../../arm-none-eabi/lib/thumb/v6-m/nofp/libnosys.a
END GROUP
LOAD /Applications/ArmGNUToolchain/12.2.rel1/arm-none-eabi/bin/../lib/gcc/arm-none-eabi/12.2.1/thumb/v6-m/nofp/crtend.o
LOAD /Applications/ArmGNUToolchain/12.2.rel1/arm-none-eabi/bin/../lib/gcc/arm-none-eabi/12.2.1/thumb/v6-m/nofp/crtn.o
OUTPUT(pio_backscatter.elf elf32-littlearm)
LOAD linker stubs

.ARM.attributes
                0x0000000000000000       0x28
 .ARM.attributes
                0x0000000000000000       0x1e /Applications/ArmGNUToolchain/12.2.rel1/arm-none-eabi/bin/../lib/gcc/arm-none-eabi/12.2.1/thumb/v6-m/nofp/crti.o
 .ARM.attributes
                0x000000000000001e       0x2c /Applications/ArmGNUToolchain/12.2.rel1/arm-none-eabi/bin/../lib/gcc/arm-none-eabi/12.2.1/thumb/v6-m/nofp/crtbegin.o
 .ARM.attributes
                0x000000000000004a       0x2c CMakeFiles/pio_backscatter.dir/backscatter.c.obj
 .ARM.attributes
                0x0000000000000076       0x2c CMakeFiles/pio_backscatter.dir/Users/wenya589/TA_courses/wcnes_project/2023/pico/pico-sdk/src/rp2_common/hardware_gpio/gpio.c.obj
 .ARM.attributes
                0x00000000000000a2       0x2c CMakeFiles/pio_backscatter.dir/Users/wenya589/TA_courses/wcnes_project/2023/pico/pico-sdk/src/rp2_common/pico_platform/platform.c.obj
 .ARM.attributes
                0x00000000000000ce       0x2c CMakeFiles/pio_backscatter.dir/Users/wenya589/TA_courses/wcnes_project/2023/pico/pico-sdk/src/rp2_common/hardware_claim/claim.c.obj
 .ARM.attributes
                0x00000000000000fa       0x2c CMakeFiles/pio_backscatter.dir/Users/wenya589/TA_courses/wcnes_project/2023/pico/pico-sdk/src/rp2_common/hardware_sync/sync.c.obj
 .ARM.attributes
                0x0000000000000126       0x2c CMakeFiles/pio_backscatter.dir/Users/wenya589/TA_courses/wcnes_project/2023/pico/pico-sdk/src/rp2_common/hardware_irq/irq.c.obj
 .ARM.attributes
                0x0000000000000152       0x22 CMakeFiles/pio_backscatter.dir/Users/wenya589/TA_courses/wcnes_project/2023/pico/pico-sdk/src/rp2_common/hardware_irq/irq_handler_chain.S.obj
 .ARM.attributes
                0x0000000000000174       0x2c CMakeFiles/pio_backscatter.dir/Users/wenya589/TA_courses/wcnes_project/2023/pico/pico-sdk/src/common/pico_sync/lock_core.c.obj
 .ARM.attributes
                0x00000000000001a0       0x2c CMakeFiles/pio_backscatter.dir/Users/wenya589/TA_courses/wcnes_project/2023/pico/pico-sdk/src/common/pico_sync/mutex.c.obj
 .ARM.attributes
                0x00000000000001cc       0x2c CMakeFiles/pio_backscatter.dir/Users/wenya589/TA_courses/wcnes_project/2023/pico/pico-sdk/src/common/pico_time/time.c.obj
 .ARM.attributes
                0x00000000000001f8       0x2c CMakeFiles/pio_backscatter.dir/Users/wenya589/TA_courses/wcnes_project/2023/pico/pico-sdk/src/rp2_common/hardware_timer/timer.c.obj
 .ARM.attributes
                0x0000000000000224       0x2c CMakeFiles/pio_backscatter.dir/Users/wenya589/TA_courses/wcnes_project/2023/pico/pico-sdk/src/common/pico_util/pheap.c.obj
 .ARM.attributes
                0x0000000000000250       0x2c CMakeFiles/pio_backscatter.dir/Users/wenya589/TA_courses/wcnes_project/2023/pico/pico-sdk/src/rp2_common/hardware_clocks/clocks.c.obj
 .ARM.attributes
                0x000000000000027c       0x2c CMakeFiles/pio_backscatter.dir/Users/wenya589/TA_courses/wcnes_project/2023/pico/pico-sdk/src/rp2_common/hardware_pll/pll.c.obj
 .ARM.attributes
                0x00000000000002a8       0x2c CMakeFiles/pio_backscatter.dir/Users/wenya589/TA_courses/wcnes_project/2023/pico/pico-sdk/src/rp2_common/hardware_watchdog/watchdog.c.obj
 .ARM.attributes
                0x00000000000002d4       0x2c CMakeFiles/pio_backscatter.dir/Users/wenya589/TA_courses/wcnes_project/2023/pico/pico-sdk/src/rp2_common/hardware_xosc/xosc.c.obj
 .ARM.attributes
                0x0000000000000300       0x2c CMakeFiles/pio_backscatter.dir/Users/wenya589/TA_courses/wcnes_project/2023/pico/pico-sdk/src/rp2_common/pico_runtime/runtime.c.obj
 .ARM.attributes
                0x000000000000032c       0x2c CMakeFiles/pio_backscatter.dir/Users/wenya589/TA_courses/wcnes_project/2023/pico/pico-sdk/src/rp2_common/pico_printf/printf.c.obj
 .ARM.attributes
                0x0000000000000358       0x22 CMakeFiles/pio_backscatter.dir/Users/wenya589/TA_courses/wcnes_project/2023/pico/pico-sdk/src/rp2_common/pico_bit_ops/bit_ops_aeabi.S.obj
 .ARM.attributes
                0x000000000000037a       0x2c CMakeFiles/pio_backscatter.dir/Users/wenya589/TA_courses/wcnes_project/2023/pico/pico-sdk/src/rp2_common/pico_bootrom/bootrom.c.obj
 .ARM.attributes
                0x00000000000003a6       0x22 CMakeFiles/pio_backscatter.dir/Users/wenya589/TA_courses/wcnes_project/2023/pico/pico-sdk/src/rp2_common/pico_divider/divider.S.obj
 .ARM.attributes
                0x00000000000003c8       0x22 CMakeFiles/pio_backscatter.dir/Users/wenya589/TA_courses/wcnes_project/2023/pico/pico-sdk/src/rp2_common/pico_double/double_aeabi.S.obj
 .ARM.attributes
                0x00000000000003ea       0x2c CMakeFiles/pio_backscatter.dir/Users/wenya589/TA_courses/wcnes_project/2023/pico/pico-sdk/src/rp2_common/pico_double/double_init_rom.c.obj
 .ARM.attributes
                0x0000000000000416       0x2c CMakeFiles/pio_backscatter.dir/Users/wenya589/TA_courses/wcnes_project/2023/pico/pico-sdk/src/rp2_common/pico_double/double_math.c.obj
 .ARM.attributes
                0x0000000000000442       0x22 CMakeFiles/pio_backscatter.dir/Users/wenya589/TA_courses/wcnes_project/2023/pico/pico-sdk/src/rp2_common/pico_double/double_v1_rom_shim.S.obj
 .ARM.attributes
                0x0000000000000464       0x22 CMakeFiles/pio_backscatter.dir/Users/wenya589/TA_courses/wcnes_project/2023/pico/pico-sdk/src/rp2_common/pico_int64_ops/pico_int64_ops_aeabi.S.obj
 .ARM.attributes
                0x0000000000000486       0x22 CMakeFiles/pio_backscatter.dir/Users/wenya589/TA_courses/wcnes_project/2023/pico/pico-sdk/src/rp2_common/pico_float/float_aeabi.S.obj
 .ARM.attributes
                0x00000000000004a8       0x2c CMakeFiles/pio_backscatter.dir/Users/wenya589/TA_courses/wcnes_project/2023/pico/pico-sdk/src/rp2_common/pico_float/float_init_rom.c.obj
 .ARM.attributes
                0x00000000000004d4       0x22 CMakeFiles/pio_backscatter.dir/Users/wenya589/TA_courses/wcnes_project/2023/pico/pico-sdk/src/rp2_common/pico_float/float_v1_rom_shim.S.obj
 .ARM.attributes
                0x00000000000004f6       0x22 CMakeFiles/pio_backscatter.dir/Users/wenya589/TA_courses/wcnes_project/2023/pico/pico-sdk/src/rp2_common/pico_mem_ops/mem_ops_aeabi.S.obj
 .ARM.attributes
                0x0000000000000518       0x22 CMakeFiles/pio_backscatter.dir/Users/wenya589/TA_courses/wcnes_project/2023/pico/pico-sdk/src/rp2_common/pico_standard_link/crt0.S.obj
 .ARM.attributes
                0x000000000000053a       0x2c CMakeFiles/pio_backscatter.dir/Users/wenya589/TA_courses/wcnes_project/2023/pico/pico-sdk/src/rp2_common/pico_standard_link/binary_info.c.obj
 .ARM.attributes
                0x0000000000000566       0x2c CMakeFiles/pio_backscatter.dir/Users/wenya589/TA_courses/wcnes_project/2023/pico/pico-sdk/src/rp2_common/pico_stdio/stdio.c.obj
 .ARM.attributes
                0x0000000000000592       0x2c CMakeFiles/pio_backscatter.dir/Users/wenya589/TA_courses/wcnes_project/2023/pico/pico-sdk/src/rp2_common/pico_unique_id/unique_id.c.obj
 .ARM.attributes
                0x00000000000005be       0x2c CMakeFiles/pio_backscatter.dir/Users/wenya589/TA_courses/wcnes_project/2023/pico/pico-sdk/src/rp2_common/hardware_flash/flash.c.obj
 .ARM.attributes
                0x00000000000005ea       0x2c CMakeFiles/pio_backscatter.dir/Users/wenya589/TA_courses/wcnes_project/2023/pico/pico-sdk/src/rp2_common/hardware_pio/pio.c.obj
 .ARM.attributes
                0x0000000000000616       0x22 /var/folders/y7/s8r49lvj1y7ckvhcx7d8jbbr0000gn/T//ccBvJH2O.o
 .ARM.attributes
                0x0000000000000638       0x1e /Applications/ArmGNUToolchain/12.2.rel1/arm-none-eabi/bin/../lib/gcc/arm-none-eabi/12.2.1/thumb/v6-m/nofp/libgcc.a(_dvmd_tls.o)
 .ARM.attributes
                0x0000000000000656       0x2c /Applications/ArmGNUToolchain/12.2.rel1/arm-none-eabi/bin/../lib/gcc/arm-none-eabi/12.2.1/../../../../arm-none-eabi/lib/thumb/v6-m/nofp/libc.a(libc_a-strlen-stub.o)
 .ARM.attributes
                0x0000000000000682       0x2c /Applications/ArmGNUToolchain/12.2.rel1/arm-none-eabi/bin/../lib/gcc/arm-none-eabi/12.2.1/thumb/v6-m/nofp/crtend.o

.comment        0x0000000000000000       0x40
 .comment       0x0000000000000000       0x40 CMakeFiles/pio_backscatter.dir/backscatter.c.obj
                                         0x41 (size before relaxing)
 .comment       0x0000000000000040       0x41 CMakeFiles/pio_backscatter.dir/Users/wenya589/TA_courses/wcnes_project/2023/pico/pico-sdk/src/rp2_common/hardware_gpio/gpio.c.obj
 .comment       0x0000000000000040       0x41 CMakeFiles/pio_backscatter.dir/Users/wenya589/TA_courses/wcnes_project/2023/pico/pico-sdk/src/rp2_common/pico_platform/platform.c.obj
 .comment       0x0000000000000040       0x41 CMakeFiles/pio_backscatter.dir/Users/wenya589/TA_courses/wcnes_project/2023/pico/pico-sdk/src/rp2_common/hardware_claim/claim.c.obj
 .comment       0x0000000000000040       0x41 CMakeFiles/pio_backscatter.dir/Users/wenya589/TA_courses/wcnes_project/2023/pico/pico-sdk/src/rp2_common/hardware_sync/sync.c.obj
 .comment       0x0000000000000040       0x41 CMakeFiles/pio_backscatter.dir/Users/wenya589/TA_courses/wcnes_project/2023/pico/pico-sdk/src/rp2_common/hardware_irq/irq.c.obj
 .comment       0x0000000000000040       0x41 CMakeFiles/pio_backscatter.dir/Users/wenya589/TA_courses/wcnes_project/2023/pico/pico-sdk/src/common/pico_sync/lock_core.c.obj
 .comment       0x0000000000000040       0x41 CMakeFiles/pio_backscatter.dir/Users/wenya589/TA_courses/wcnes_project/2023/pico/pico-sdk/src/common/pico_sync/mutex.c.obj
 .comment       0x0000000000000040       0x41 CMakeFiles/pio_backscatter.dir/Users/wenya589/TA_courses/wcnes_project/2023/pico/pico-sdk/src/common/pico_time/time.c.obj
 .comment       0x0000000000000040       0x41 CMakeFiles/pio_backscatter.dir/Users/wenya589/TA_courses/wcnes_project/2023/pico/pico-sdk/src/rp2_common/hardware_timer/timer.c.obj
 .comment       0x0000000000000040       0x41 CMakeFiles/pio_backscatter.dir/Users/wenya589/TA_courses/wcnes_project/2023/pico/pico-sdk/src/common/pico_util/pheap.c.obj
 .comment       0x0000000000000040       0x41 CMakeFiles/pio_backscatter.dir/Users/wenya589/TA_courses/wcnes_project/2023/pico/pico-sdk/src/rp2_common/hardware_clocks/clocks.c.obj
 .comment       0x0000000000000040       0x41 CMakeFiles/pio_backscatter.dir/Users/wenya589/TA_courses/wcnes_project/2023/pico/pico-sdk/src/rp2_common/hardware_pll/pll.c.obj
 .comment       0x0000000000000040       0x41 CMakeFiles/pio_backscatter.dir/Users/wenya589/TA_courses/wcnes_project/2023/pico/pico-sdk/src/rp2_common/hardware_watchdog/watchdog.c.obj
 .comment       0x0000000000000040       0x41 CMakeFiles/pio_backscatter.dir/Users/wenya589/TA_courses/wcnes_project/2023/pico/pico-sdk/src/rp2_common/hardware_xosc/xosc.c.obj
 .comment       0x0000000000000040       0x41 CMakeFiles/pio_backscatter.dir/Users/wenya589/TA_courses/wcnes_project/2023/pico/pico-sdk/src/rp2_common/pico_runtime/runtime.c.obj
 .comment       0x0000000000000040       0x41 CMakeFiles/pio_backscatter.dir/Users/wenya589/TA_courses/wcnes_project/2023/pico/pico-sdk/src/rp2_common/pico_printf/printf.c.obj
 .comment       0x0000000000000040       0x41 CMakeFiles/pio_backscatter.dir/Users/wenya589/TA_courses/wcnes_project/2023/pico/pico-sdk/src/rp2_common/pico_bootrom/bootrom.c.obj
 .comment       0x0000000000000040       0x41 CMakeFiles/pio_backscatter.dir/Users/wenya589/TA_courses/wcnes_project/2023/pico/pico-sdk/src/rp2_common/pico_double/double_init_rom.c.obj
 .comment       0x0000000000000040       0x41 CMakeFiles/pio_backscatter.dir/Users/wenya589/TA_courses/wcnes_project/2023/pico/pico-sdk/src/rp2_common/pico_double/double_math.c.obj
 .comment       0x0000000000000040       0x41 CMakeFiles/pio_backscatter.dir/Users/wenya589/TA_courses/wcnes_project/2023/pico/pico-sdk/src/rp2_common/pico_float/float_init_rom.c.obj
 .comment       0x0000000000000040       0x41 CMakeFiles/pio_backscatter.dir/Users/wenya589/TA_courses/wcnes_project/2023/pico/pico-sdk/src/rp2_common/pico_standard_link/binary_info.c.obj
 .comment       0x0000000000000040       0x41 CMakeFiles/pio_backscatter.dir/Users/wenya589/TA_courses/wcnes_project/2023/pico/pico-sdk/src/rp2_common/pico_stdio/stdio.c.obj
 .comment       0x0000000000000040       0x41 CMakeFiles/pio_backscatter.dir/Users/wenya589/TA_courses/wcnes_project/2023/pico/pico-sdk/src/rp2_common/pico_unique_id/unique_id.c.obj
 .comment       0x0000000000000040       0x41 CMakeFiles/pio_backscatter.dir/Users/wenya589/TA_courses/wcnes_project/2023/pico/pico-sdk/src/rp2_common/hardware_flash/flash.c.obj
 .comment       0x0000000000000040       0x41 CMakeFiles/pio_backscatter.dir/Users/wenya589/TA_courses/wcnes_project/2023/pico/pico-sdk/src/rp2_common/hardware_pio/pio.c.obj

.debug_line_str
                0x0000000000000000       0xd2
 .debug_line_str
                0x0000000000000000       0xd2 /Applications/ArmGNUToolchain/12.2.rel1/arm-none-eabi/bin/../lib/gcc/arm-none-eabi/12.2.1/thumb/v6-m/nofp/libgcc.a(_dvmd_tls.o)

.debug_frame    0x0000000000000000       0x28
 .debug_frame   0x0000000000000000       0x28 /Applications/ArmGNUToolchain/12.2.rel1/arm-none-eabi/bin/../lib/gcc/arm-none-eabi/12.2.1/../../../../arm-none-eabi/lib/thumb/v6-m/nofp/libc.a(libc_a-strlen-stub.o)
